Archive member included to satisfy reference by file (symbol)

c:/program files (x86)/microchip/xc32/v2.30/bin/bin/../../lib/gcc/pic32c/6.2.1/../../../../pic32c/lib\libpic32c.a(data_init.o)
                              build/sam_l21_xpro/production/_ext/929438044/startup_xc32.o (__pic32c_data_initialization)
c:/program files (x86)/microchip/xc32/v2.30/bin/bin/../../lib/gcc/pic32c/6.2.1\libgcc.a(_divsi3.o)
                              build/sam_l21_xpro/production/_ext/1360937237/main.o (__aeabi_idiv)
c:/program files (x86)/microchip/xc32/v2.30/bin/bin/../../lib/gcc/pic32c/6.2.1\libgcc.a(_dvmd_tls.o)
                              c:/program files (x86)/microchip/xc32/v2.30/bin/bin/../../lib/gcc/pic32c/6.2.1\libgcc.a(_divsi3.o) (__aeabi_idiv0)
c:/program files (x86)/microchip/xc32/v2.30/bin/bin/../../lib/gcc/pic32c/6.2.1\libgcc.a(_aeabi_uldivmod.o)
                              build/sam_l21_xpro/production/_ext/37386601/plib_sercom3_usart.o (__aeabi_uldivmod)
c:/program files (x86)/microchip/xc32/v2.30/bin/bin/../../lib/gcc/pic32c/6.2.1\libgcc.a(_muldi3.o)
                              build/sam_l21_xpro/production/_ext/37386601/plib_sercom3_usart.o (__aeabi_lmul)
c:/program files (x86)/microchip/xc32/v2.30/bin/bin/../../lib/gcc/pic32c/6.2.1\libgcc.a(_fixunsdfsi.o)
                              build/sam_l21_xpro/production/_ext/136921409/plib_sercom2_i2c.o (__aeabi_d2uiz)
c:/program files (x86)/microchip/xc32/v2.30/bin/bin/../../lib/gcc/pic32c/6.2.1\libgcc.a(_udivmoddi4.o)
                              c:/program files (x86)/microchip/xc32/v2.30/bin/bin/../../lib/gcc/pic32c/6.2.1\libgcc.a(_aeabi_uldivmod.o) (__udivmoddi4)
c:/program files (x86)/microchip/xc32/v2.30/bin/bin/../../lib/gcc/pic32c/6.2.1\libgcc.a(divsf3.o)
                              build/sam_l21_xpro/production/_ext/136921409/plib_sercom2_i2c.o (__aeabi_fdiv)
c:/program files (x86)/microchip/xc32/v2.30/bin/bin/../../lib/gcc/pic32c/6.2.1\libgcc.a(floatunsisf.o)
                              build/sam_l21_xpro/production/_ext/136921409/plib_sercom2_i2c.o (__aeabi_ui2f)
c:/program files (x86)/microchip/xc32/v2.30/bin/bin/../../lib/gcc/pic32c/6.2.1\libgcc.a(adddf3.o)
                              build/sam_l21_xpro/production/_ext/136921409/plib_sercom2_i2c.o (__aeabi_dadd)
c:/program files (x86)/microchip/xc32/v2.30/bin/bin/../../lib/gcc/pic32c/6.2.1\libgcc.a(muldf3.o)
                              build/sam_l21_xpro/production/_ext/136921409/plib_sercom2_i2c.o (__aeabi_dmul)
c:/program files (x86)/microchip/xc32/v2.30/bin/bin/../../lib/gcc/pic32c/6.2.1\libgcc.a(subdf3.o)
                              build/sam_l21_xpro/production/_ext/136921409/plib_sercom2_i2c.o (__aeabi_dsub)
c:/program files (x86)/microchip/xc32/v2.30/bin/bin/../../lib/gcc/pic32c/6.2.1\libgcc.a(fixdfsi.o)
                              c:/program files (x86)/microchip/xc32/v2.30/bin/bin/../../lib/gcc/pic32c/6.2.1\libgcc.a(_fixunsdfsi.o) (__aeabi_d2iz)
c:/program files (x86)/microchip/xc32/v2.30/bin/bin/../../lib/gcc/pic32c/6.2.1\libgcc.a(floatsidf.o)
                              build/sam_l21_xpro/production/_ext/1360937237/main.o (__aeabi_i2d)
c:/program files (x86)/microchip/xc32/v2.30/bin/bin/../../lib/gcc/pic32c/6.2.1\libgcc.a(extendsfdf2.o)
                              build/sam_l21_xpro/production/_ext/136921409/plib_sercom2_i2c.o (__aeabi_f2d)
c:/program files (x86)/microchip/xc32/v2.30/bin/bin/../../lib/gcc/pic32c/6.2.1\libgcc.a(_thumb1_case_uqi.o)
                              c:/program files (x86)/microchip/xc32/v2.30/bin/bin/../../lib/gcc/pic32c/6.2.1\libgcc.a(divsf3.o) (__gnu_thumb1_case_uqi)
c:/program files (x86)/microchip/xc32/v2.30/bin/bin/../../lib/gcc/pic32c/6.2.1\libgcc.a(_thumb1_case_uhi.o)
                              c:/program files (x86)/microchip/xc32/v2.30/bin/bin/../../lib/gcc/pic32c/6.2.1\libgcc.a(muldf3.o) (__gnu_thumb1_case_uhi)
c:/program files (x86)/microchip/xc32/v2.30/bin/bin/../../lib/gcc/pic32c/6.2.1\libgcc.a(_lshrdi3.o)
                              c:/program files (x86)/microchip/xc32/v2.30/bin/bin/../../lib/gcc/pic32c/6.2.1\libgcc.a(_udivmoddi4.o) (__aeabi_llsr)
c:/program files (x86)/microchip/xc32/v2.30/bin/bin/../../lib/gcc/pic32c/6.2.1\libgcc.a(_ashldi3.o)
                              c:/program files (x86)/microchip/xc32/v2.30/bin/bin/../../lib/gcc/pic32c/6.2.1\libgcc.a(_udivmoddi4.o) (__aeabi_llsl)
c:/program files (x86)/microchip/xc32/v2.30/bin/bin/../../lib/gcc/pic32c/6.2.1\libgcc.a(_arm_cmpdf2.o)
                              c:/program files (x86)/microchip/xc32/v2.30/bin/bin/../../lib/gcc/pic32c/6.2.1\libgcc.a(_fixunsdfsi.o) (__aeabi_dcmpge)
c:/program files (x86)/microchip/xc32/v2.30/bin/bin/../../lib/gcc/pic32c/6.2.1\libgcc.a(_clzsi2.o)
                              c:/program files (x86)/microchip/xc32/v2.30/bin/bin/../../lib/gcc/pic32c/6.2.1\libgcc.a(divsf3.o) (__clzsi2)
c:/program files (x86)/microchip/xc32/v2.30/bin/bin/../../lib/gcc/pic32c/6.2.1\libgcc.a(_clzdi2.o)
[...]
Memory Configuration

Name             Origin             Length             Attributes
rom              0x00000000         0x00040000         xrl
ram              0x20000000         0x00008000         xw !r
lpram            0x30000000         0x00002000         xw !r
config_00804000  0x00804000         0x00000004
config_00804004  0x00804004         0x00000004
*default*        0x00000000         0xffffffff

Linker script and memory map

LOAD c:/program files (x86)/microchip/xc32/v2.30/bin/bin/../../lib/gcc/pic32c/6.2.1/crti.o
LOAD c:/program files (x86)/microchip/xc32/v2.30/bin/bin/../../lib/gcc/pic32c/6.2.1/crtbegin.o
LOAD build/sam_l21_xpro/production/_ext/642366816/plib_adc.o
LOAD build/sam_l21_xpro/production/_ext/1162880526/plib_clock.o
LOAD build/sam_l21_xpro/production/_ext/1561563243/plib_dmac.o
LOAD build/sam_l21_xpro/production/_ext/642362817/plib_eic.o
LOAD build/sam_l21_xpro/production/_ext/1165030012/plib_evsys.o
LOAD build/sam_l21_xpro/production/_ext/1561870050/plib_nvic.o
LOAD build/sam_l21_xpro/production/_ext/2001216112/plib_nvmctrl.o
LOAD build/sam_l21_xpro/production/_ext/394920957/plib_pm.o
LOAD build/sam_l21_xpro/production/_ext/1561923201/plib_port.o
LOAD build/sam_l21_xpro/production/_ext/642349983/plib_rtc_timer.o
LOAD build/sam_l21_xpro/production/_ext/136921409/plib_sercom2_i2c.o
LOAD build/sam_l21_xpro/production/_ext/37386601/plib_sercom3_usart.o
LOAD build/sam_l21_xpro/production/_ext/1562018261/plib_supc.o
LOAD build/sam_l21_xpro/production/_ext/1747662870/xc32_monitor.o
LOAD build/sam_l21_xpro/production/_ext/929438044/initialization.o
LOAD build/sam_l21_xpro/production/_ext/929438044/interrupts.o
LOAD build/sam_l21_xpro/production/_ext/929438044/exceptions.o
LOAD build/sam_l21_xpro/production/_ext/929438044/startup_xc32.o
LOAD build/sam_l21_xpro/production/_ext/929438044/libc_syscalls.o
LOAD build/sam_l21_xpro/production/_ext/1360937237/main.o
                0x00000001                __MPLAB_BUILD = 0x1
                0x00000200                _min_heap_size = 0x200
START GROUP
LOAD c:/program files (x86)/microchip/xc32/v2.30/bin/bin/../../lib/gcc/pic32c/6.2.1/../../../../pic32c/lib\libpic32c.a
LOAD c:/program files (x86)/microchip/xc32/v2.30/bin/bin/../../lib/gcc/pic32c/6.2.1\libgcc.a
LOAD c:/program files (x86)/microchip/xc32/v2.30/bin/bin/../../lib/gcc/pic32c/6.2.1/../../../../pic32c/lib\libc.a
LOAD c:/program files (x86)/microchip/xc32/v2.30/bin/bin/../../lib/gcc/pic32c/6.2.1/../../../../pic32c/lib\libm.a
END GROUP
LOAD c:/program files (x86)/microchip/xc32/v2.30/bin/bin/../../lib/gcc/pic32c/6.2.1/crtend.o
LOAD c:/program files (x86)/microchip/xc32/v2.30/bin/bin/../../lib/gcc/pic32c/6.2.1/crtn.o
                0x00040000                __rom_end = (ORIGIN (rom) + LENGTH (rom))
                0x20008000                __ram_end = (ORIGIN (ram) + LENGTH (ram))

.config_00804000
                0x00804000        0x4
 *(.config_00804000)
 .config_00804000
                0x00804000        0x4 build/sam_l21_xpro/production/_ext/929438044/initialization.o

.config_00804004
                0x00804004        0x4
 *(.config_00804004)
 .config_00804004
                0x00804004        0x4 build/sam_l21_xpro/production/_ext/929438044/initialization.o

.vectors        0x00000000       0xb0
                0x00000000                . = ALIGN (0x4)
                0x00000000                _sfixed = .
 *(.vectors .vectors.* .vectors_default .vectors_default.*)
 .vectors       0x00000000       0xb0 build/sam_l21_xpro/production/_ext/929438044/interrupts.o
                0x00000000                exception_table
 *(.isr_vector)
 *(.reset*)
 *(.after_vectors)

.text           0x000000b0       0x20
                0x000000b0                . = ALIGN (0x4)
 *(.glue_7t)
 .glue_7t       0x000000b0        0x0 linker stubs
 *(.glue_7)
 .glue_7        0x000000b0        0x0 linker stubs
 *(.gnu.linkonce.r.*)
 *(.ARM.extab* .gnu.linkonce.armextab.*)
                0x000000b0                . = ALIGN (0x4)
 *(.init)
 .init          0x000000b0        0x4 c:/program files (x86)/microchip/xc32/v2.30/bin/bin/../../lib/gcc/pic32c/6.2.1/crti.o
                0x000000b0                _init
 .init          0x000000b4        0x8 c:/program files (x86)/microchip/xc32/v2.30/bin/bin/../../lib/gcc/pic32c/6.2.1/crtn.o
                0x000000bc                . = ALIGN (0x4)
                0x000000bc                __preinit_array_start = .
 *(.preinit_array)
                0x000000bc                __preinit_array_end = .
                0x000000bc                . = ALIGN (0x4)
                0x000000bc                __init_array_start = .
 *(SORT(.init_array.*))
 *(.init_array)
 .init_array    0x000000bc        0x4 c:/program files (x86)/microchip/xc32/v2.30/bin/bin/../../lib/gcc/pic32c/6.2.1/crtbegin.o
                0x000000c0                __init_array_end = .
                0x000000c0                . = ALIGN (0x4)
 *crtbegin.o(.ctors)
 *(EXCLUDE_FILE(*crtend.o) .ctors)
 *(SORT(.ctors.*))
 *crtend.o(.ctors)
                0x000000c0                . = ALIGN (0x4)
 *(.fini)
 .fini          0x000000c0        0x4 c:/program files (x86)/microchip/xc32/v2.30/bin/bin/../../lib/gcc/pic32c/6.2.1/crti.o
                0x000000c0                _fini
 .fini          0x000000c4        0x8 c:/program files (x86)/microchip/xc32/v2.30/bin/bin/../../lib/gcc/pic32c/6.2.1/crtn.o
                0x000000cc                . = ALIGN (0x4)
                0x000000cc                __fini_array_start = .
 *(.fini_array)
 .fini_array    0x000000cc        0x4 c:/program files (x86)/microchip/xc32/v2.30/bin/bin/../../lib/gcc/pic32c/6.2.1/crtbegin.o
 *(SORT(.fini_array.*))
                0x000000d0                __fini_array_end = .
 *crtbegin.o(.dtors)
 *(EXCLUDE_FILE(*crtend.o) .dtors)
 *(SORT(.dtors.*))
 *crtend.o(.dtors)
                0x000000d0                . = ALIGN (0x4)
                0x000000d0                _efixed = .
                [!provide]                PROVIDE (__exidx_start, .)

.ARM.exidx      0x000000d0        0x8
 *(.ARM.exidx* .gnu.linkonce.armexidx.*)
 .ARM.exidx     0x000000d0        0x8 c:/program files (x86)/microchip/xc32/v2.30/bin/bin/../../lib/gcc/pic32c/6.2.1\libgcc.a(_udivmoddi4.o)
                [!provide]                PROVIDE (__exidx_end, .)
                0x000000d8                . = ALIGN (0x4)
                0x000000d8                _etext = .

.bss            0x20000000       0xdc
                0x20000000                . = ALIGN (0x4)
                0x20000000                __bss_start__ = .
                0x20000000                _sbss = .
                0x20000000                _szero = .
 *(COMMON)
 COMMON         0x20000000        0x8 build/sam_l21_xpro/production/_ext/642366816/plib_adc.o
                0x20000000                ADC_CallbackObject
 COMMON         0x20000008       0x10 build/sam_l21_xpro/production/_ext/1561563243/plib_dmac.o
                0x20000008                dmacChannelObj
 COMMON         0x20000018       0xc0 build/sam_l21_xpro/production/_ext/642362817/plib_eic.o
                0x20000018                eicCallbackObject
 COMMON         0x200000d8        0x4 c:/program files (x86)/microchip/xc32/v2.30/bin/bin/../../lib/gcc/pic32c/6.2.1/../../../../pic32c/lib\libc.a(lib_a-reent.o)
                0x200000d8                errno
                0x200000dc                . = ALIGN (0x4)
                0x200000dc                __bss_end__ = .
                0x200000dc                _ebss = .
                0x200000dc                _ezero = .
                0x200000dc                . = ALIGN (0x4)
                0x200000dc                _end = .
                0x20007fff                _ram_end_ = ((ORIGIN (ram) + LENGTH (ram)) - 0x1)

.lpram_output   0x30000000       0x20
                0x30000000                . = ALIGN (0x4)
 *(.lpram .lpram.*)
 .lpram         0x30000000       0x20 build/sam_l21_xpro/production/_ext/1561563243/plib_dmac.o
                0x30000020                . = ALIGN (0x4)
                0x30000020                . = ALIGN (0x4)
                0x30001fff                _lpram_end_ = ((ORIGIN (lpram) + LENGTH (lpram)) - 0x1)
OUTPUT(dist/sam_l21_xpro/production/sam_l21_xpro.X.production.elf elf32-littlearm)
LOAD stack
LOAD data_init

.ARM.attributes
                0x00000000       0x28
 .ARM.attributes
                0x00000000       0x1e c:/program files (x86)/microchip/xc32/v2.30/bin/bin/../../lib/gcc/pic32c/6.2.1/crti.o
 .ARM.attributes
                0x0000001e       0x2c c:/program files (x86)/microchip/xc32/v2.30/bin/bin/../../lib/gcc/pic32c/6.2.1/crtbegin.o
 .ARM.attributes
                0x0000004a       0x32 build/sam_l21_xpro/production/_ext/642366816/plib_adc.o
 .ARM.attributes
                0x0000007c       0x32 build/sam_l21_xpro/production/_ext/1162880526/plib_clock.o
 .ARM.attributes
                0x000000ae       0x32 build/sam_l21_xpro/production/_ext/1561563243/plib_dmac.o
 .ARM.attributes
                0x000000e0       0x32 build/sam_l21_xpro/production/_ext/642362817/plib_eic.o
 .ARM.attributes
                0x00000112       0x32 build/sam_l21_xpro/production/_ext/1165030012/plib_evsys.o
 .ARM.attributes
                0x00000144       0x32 build/sam_l21_xpro/production/_ext/1561870050/plib_nvic.o
 .ARM.attributes
                0x00000176       0x32 build/sam_l21_xpro/production/_ext/2001216112/plib_nvmctrl.o
 .ARM.attributes
                0x000001a8       0x32 build/sam_l21_xpro/production/_ext/394920957/plib_pm.o
 .ARM.attributes
                0x000001da       0x32 build/sam_l21_xpro/production/_ext/1561923201/plib_port.o
 .ARM.attributes
                0x0000020c       0x32 build/sam_l21_xpro/production/_ext/642349983/plib_rtc_timer.o
 .ARM.attributes
                0x0000023e       0x32 build/sam_l21_xpro/production/_ext/136921409/plib_sercom2_i2c.o
 .ARM.attributes
                0x00000270       0x32 build/sam_l21_xpro/production/_ext/37386601/plib_sercom3_usart.o
 .ARM.attributes
                0x000002a2       0x32 build/sam_l21_xpro/production/_ext/1562018261/plib_supc.o
 .ARM.attributes
                0x000002d4       0x32 build/sam_l21_xpro/production/_ext/1747662870/xc32_monitor.o
 .ARM.attributes
                0x00000306       0x32 build/sam_l21_xpro/production/_ext/929438044/initialization.o
 .ARM.attributes
                0x00000338       0x32 build/sam_l21_xpro/production/_ext/929438044/interrupts.o
 .ARM.attributes
                0x0000036a       0x32 build/sam_l21_xpro/production/_ext/929438044/exceptions.o
 .ARM.attributes
                0x0000039c       0x32 build/sam_l21_xpro/production/_ext/929438044/startup_xc32.o
 .ARM.attributes
                0x000003ce       0x32 build/sam_l21_xpro/production/_ext/1360937237/main.o
 .ARM.attributes
                0x00000400       0x2c c:/program files (x86)/microchip/xc32/v2.30/bin/bin/../../lib/gcc/pic32c/6.2.1/../../../../pic32c/lib\libpic32c.a(data_init.o)
 .ARM.attributes
                0x0000042c       0x1e c:/program files (x86)/microchip/xc32/v2.30/bin/bin/../../lib/gcc/pic32c/6.2.1\libgcc.a(_divsi3.o)
 .ARM.attributes
                0x0000044a       0x1e c:/program files (x86)/microchip/xc32/v2.30/bin/bin/../../lib/gcc/pic32c/6.2.1\libgcc.a(_dvmd_tls.o)
 .ARM.attributes
                0x00000468       0x1e c:/program files (x86)/microchip/xc32/v2.30/bin/bin/../../lib/gcc/pic32c/6.2.1\libgcc.a(_aeabi_uldivmod.o)
 .ARM.attributes
                0x00000486       0x2c c:/program files (x86)/microchip/xc32/v2.30/bin/bin/../../lib/gcc/pic32c/6.2.1\libgcc.a(_fixunsdfsi.o)
 .ARM.attributes
                0x000004b2       0x2c c:/program files (x86)/microchip/xc32/v2.30/bin/bin/../../lib/gcc/pic32c/6.2.1\libgcc.a(_udivmoddi4.o)
 .ARM.attributes
                0x000004de       0x2c c:/program files (x86)/microchip/xc32/v2.30/bin/bin/../../lib/gcc/pic32c/6.2.1\libgcc.a(adddf3.o)
 .ARM.attributes
                0x0000050a       0x2c c:/program files (x86)/microchip/xc32/v2.30/bin/bin/../../lib/gcc/pic32c/6.2.1\libgcc.a(muldf3.o)
 .ARM.attributes
                0x00000536       0x2c c:/program files (x86)/microchip/xc32/v2.30/bin/bin/../../lib/gcc/pic32c/6.2.1\libgcc.a(subdf3.o)
 .ARM.attributes
                0x00000562       0x2c c:/program files (x86)/microchip/xc32/v2.30/bin/bin/../../lib/gcc/pic32c/6.2.1\libgcc.a(fixdfsi.o)
 .ARM.attributes
                0x0000058e       0x2c c:/program files (x86)/microchip/xc32/v2.30/bin/bin/../../lib/gcc/pic32c/6.2.1\libgcc.a(floatsidf.o)
 .ARM.attributes
                0x000005ba       0x1e c:/program files (x86)/microchip/xc32/v2.30/bin/bin/../../lib/gcc/pic32c/6.2.1\libgcc.a(_thumb1_case_uqi.o)
 .ARM.attributes
                0x000005d8       0x1e c:/program files (x86)/microchip/xc32/v2.30/bin/bin/../../lib/gcc/pic32c/6.2.1\libgcc.a(_thumb1_case_uhi.o)
 .ARM.attributes
                0x000005f6       0x1e c:/program files (x86)/microchip/xc32/v2.30/bin/bin/../../lib/gcc/pic32c/6.2.1\libgcc.a(_lshrdi3.o)
 .ARM.attributes
                0x00000614       0x1e c:/program files (x86)/microchip/xc32/v2.30/bin/bin/../../lib/gcc/pic32c/6.2.1\libgcc.a(_ashldi3.o)
 .ARM.attributes
                0x00000632       0x1e c:/program files (x86)/microchip/xc32/v2.30/bin/bin/../../lib/gcc/pic32c/6.2.1\libgcc.a(_arm_cmpdf2.o)
 .ARM.attributes
                0x00000650       0x1e c:/program files (x86)/microchip/xc32/v2.30/bin/bin/../../lib/gcc/pic32c/6.2.1\libgcc.a(_clzsi2.o)
 .ARM.attributes
                0x0000066e       0x1e c:/program files (x86)/microchip/xc32/v2.30/bin/bin/../../lib/gcc/pic32c/6.2.1\libgcc.a(_clzdi2.o)
 .ARM.attributes
                0x0000068c       0x2c c:/program files (x86)/microchip/xc32/v2.30/bin/bin/../../lib/gcc/pic32c/6.2.1\libgcc.a(eqdf2.o)
 .ARM.attributes
                0x000006b8       0x2c c:/program files (x86)/microchip/xc32/v2.30/bin/bin/../../lib/gcc/pic32c/6.2.1\libgcc.a(gedf2.o)
 .ARM.attributes
                0x000006e4       0x2c c:/program files (x86)/microchip/xc32/v2.30/bin/bin/../../lib/gcc/pic32c/6.2.1\libgcc.a(ledf2.o)
 .ARM.attributes
                0x00000710       0x2c c:/program files (x86)/microchip/xc32/v2.30/bin/bin/../../lib/gcc/pic32c/6.2.1/../../../../pic32c/lib\libc.a(lib_a-init.o)
 .ARM.attributes
                0x0000073c       0x2c c:/program files (x86)/microchip/xc32/v2.30/bin/bin/../../lib/gcc/pic32c/6.2.1/../../../../pic32c/lib\libc.a(lib_a-memcpy-stub.o)
 .ARM.attributes
                0x00000768       0x2c c:/program files (x86)/microchip/xc32/v2.30/bin/bin/../../lib/gcc/pic32c/6.2.1/../../../../pic32c/lib\libc.a(lib_a-printf.o)
 .ARM.attributes
                0x00000794       0x2c c:/program files (x86)/microchip/xc32/v2.30/bin/bin/../../lib/gcc/pic32c/6.2.1/../../../../pic32c/lib\libc.a(lib_a-sprintf.o)
 .ARM.attributes
                0x000007c0       0x2c c:/program files (x86)/microchip/xc32/v2.30/bin/bin/../../lib/gcc/pic32c/6.2.1/../../../../pic32c/lib\libc.a(lib_a-svfprintf.o)
 .ARM.attributes
                0x000007ec       0x2c c:/program files (x86)/microchip/xc32/v2.30/bin/bin/../../lib/gcc/pic32c/6.2.1/../../../../pic32c/lib\libc.a(lib_a-vfprintf.o)
 .ARM.attributes
                0x00000818       0x2c c:/program files (x86)/microchip/xc32/v2.30/bin/bin/../../lib/gcc/pic32c/6.2.1/../../../../pic32c/lib\libc.a(lib_a-wsetup.o)
 .ARM.attributes
                0x00000844       0x2c c:/program files (x86)/microchip/xc32/v2.30/bin/bin/../../lib/gcc/pic32c/6.2.1/../../../../pic32c/lib\libc.a(lib_a-dtoa.o)
 .ARM.attributes
                0x00000870       0x2c c:/program files (x86)/microchip/xc32/v2.30/bin/bin/../../lib/gcc/pic32c/6.2.1/../../../../pic32c/lib\libc.a(lib_a-fflush.o)
 .ARM.attributes
                0x0000089c       0x2c c:/program files (x86)/microchip/xc32/v2.30/bin/bin/../../lib/gcc/pic32c/6.2.1/../../../../pic32c/lib\libc.a(lib_a-findfp.o)
 .ARM.attributes
                0x000008c8       0x2c c:/program files (x86)/microchip/xc32/v2.30/bin/bin/../../lib/gcc/pic32c/6.2.1/../../../../pic32c/lib\libc.a(lib_a-freer.o)
 .ARM.attributes
                0x000008f4       0x2c c:/program files (x86)/microchip/xc32/v2.30/bin/bin/../../lib/gcc/pic32c/6.2.1/../../../../pic32c/lib\libc.a(lib_a-fwalk.o)
 .ARM.attributes
                0x00000920       0x2c c:/program files (x86)/microchip/xc32/v2.30/bin/bin/../../lib/gcc/pic32c/6.2.1/../../../../pic32c/lib\libc.a(lib_a-impure.o)
 .ARM.attributes
                0x0000094c       0x2c c:/program files (x86)/microchip/xc32/v2.30/bin/bin/../../lib/gcc/pic32c/6.2.1/../../../../pic32c/lib\libc.a(lib_a-localeconv.o)
 .ARM.attributes
                0x00000978       0x2c c:/program files (x86)/microchip/xc32/v2.30/bin/bin/../../lib/gcc/pic32c/6.2.1/../../../../pic32c/lib\libc.a(lib_a-locale.o)
 .ARM.attributes
                0x000009a4       0x2c c:/program files (x86)/microchip/xc32/v2.30/bin/bin/../../lib/gcc/pic32c/6.2.1/../../../../pic32c/lib\libc.a(lib_a-makebuf.o)
 .ARM.attributes
                0x000009d0       0x2c c:/program files (x86)/microchip/xc32/v2.30/bin/bin/../../lib/gcc/pic32c/6.2.1/../../../../pic32c/lib\libc.a(lib_a-mallocr.o)
 .ARM.attributes
                0x000009fc       0x2c c:/program files (x86)/microchip/xc32/v2.30/bin/bin/../../lib/gcc/pic32c/6.2.1/../../../../pic32c/lib\libc.a(lib_a-mbtowc_r.o)
 .ARM.attributes
                0x00000a28       0x2c c:/program files (x86)/microchip/xc32/v2.30/bin/bin/../../lib/gcc/pic32c/6.2.1/../../../../pic32c/lib\libc.a(lib_a-memchr-stub.o)
 .ARM.attributes
                0x00000a54       0x2c c:/program files (x86)/microchip/xc32/v2.30/bin/bin/../../lib/gcc/pic32c/6.2.1/../../../../pic32c/lib\libc.a(lib_a-memset.o)
 .ARM.attributes
                0x00000a80       0x2c c:/program files (x86)/microchip/xc32/v2.30/bin/bin/../../lib/gcc/pic32c/6.2.1/../../../../pic32c/lib\libc.a(lib_a-mlock.o)
 .ARM.attributes
                0x00000aac       0x2c c:/program files (x86)/microchip/xc32/v2.30/bin/bin/../../lib/gcc/pic32c/6.2.1/../../../../pic32c/lib\libc.a(lib_a-mprec.o)
 .ARM.attributes
                0x00000ad8       0x2c c:/program files (x86)/microchip/xc32/v2.30/bin/bin/../../lib/gcc/pic32c/6.2.1/../../../../pic32c/lib\libc.a(lib_a-sbrkr.o)
 .ARM.attributes
                0x00000b04       0x2c c:/program files (x86)/microchip/xc32/v2.30/bin/bin/../../lib/gcc/pic32c/6.2.1/../../../../pic32c/lib\libc.a(lib_a-s_frexp.o)
 .ARM.attributes
                0x00000b30       0x2c c:/program files (x86)/microchip/xc32/v2.30/bin/bin/../../lib/gcc/pic32c/6.2.1/../../../../pic32c/lib\libc.a(lib_a-stdio.o)
 .ARM.attributes
                0x00000b5c       0x1c c:/program files (x86)/microchip/xc32/v2.30/bin/bin/../../lib/gcc/pic32c/6.2.1/../../../../pic32c/lib\libc.a(lib_a-strlen.o)
 .ARM.attributes
                0x00000b78       0x2c c:/program files (x86)/microchip/xc32/v2.30/bin/bin/../../lib/gcc/pic32c/6.2.1/../../../../pic32c/lib\libc.a(lib_a-strncpy.o)
 .ARM.attributes
                0x00000ba4       0x2c c:/program files (x86)/microchip/xc32/v2.30/bin/bin/../../lib/gcc/pic32c/6.2.1/../../../../pic32c/lib\libc.a(lib_a-svfiprintf.o)
 .ARM.attributes
                0x00000bd0       0x2c c:/program files (x86)/microchip/xc32/v2.30/bin/bin/../../lib/gcc/pic32c/6.2.1/../../../../pic32c/lib\libc.a(lib_a-vfiprintf.o)
 .ARM.attributes
                0x00000bfc       0x2c c:/program files (x86)/microchip/xc32/v2.30/bin/bin/../../lib/gcc/pic32c/6.2.1/../../../../pic32c/lib\libc.a(lib_a-wctomb_r.o)
 .ARM.attributes
                0x00000c28       0x2c c:/program files (x86)/microchip/xc32/v2.30/bin/bin/../../lib/gcc/pic32c/6.2.1/../../../../pic32c/lib\libc.a(lib_a-writer.o)
 .ARM.attributes
                0x00000c54       0x2c c:/program files (x86)/microchip/xc32/v2.30/bin/bin/../../lib/gcc/pic32c/6.2.1/../../../../pic32c/lib\libc.a(lib_a-callocr.o)
 .ARM.attributes
                0x00000c80       0x2c c:/program files (x86)/microchip/xc32/v2.30/bin/bin/../../lib/gcc/pic32c/6.2.1/../../../../pic32c/lib\libc.a(lib_a-closer.o)
 .ARM.attributes
                0x00000cac       0x2c c:/program files (x86)/microchip/xc32/v2.30/bin/bin/../../lib/gcc/pic32c/6.2.1/../../../../pic32c/lib\libc.a(lib_a-ctype_.o)
 .ARM.attributes
                0x00000cd8       0x2c c:/program files (x86)/microchip/xc32/v2.30/bin/bin/../../lib/gcc/pic32c/6.2.1/../../../../pic32c/lib\libc.a(lib_a-fclose.o)
 .ARM.attributes
                0x00000d04       0x2c c:/program files (x86)/microchip/xc32/v2.30/bin/bin/../../lib/gcc/pic32c/6.2.1/../../../../pic32c/lib\libc.a(lib_a-fputwc.o)
 .ARM.attributes
                0x00000d30       0x2c c:/program files (x86)/microchip/xc32/v2.30/bin/bin/../../lib/gcc/pic32c/6.2.1/../../../../pic32c/lib\libc.a(lib_a-fstatr.o)
 .ARM.attributes
                0x00000d5c       0x2c c:/program files (x86)/microchip/xc32/v2.30/bin/bin/../../lib/gcc/pic32c/6.2.1/../../../../pic32c/lib\libc.a(lib_a-fvwrite.o)
 .ARM.attributes
                0x00000d88       0x2c c:/program files (x86)/microchip/xc32/v2.30/bin/bin/../../lib/gcc/pic32c/6.2.1/../../../../pic32c/lib\libc.a(lib_a-isattyr.o)
 .ARM.attributes
                0x00000db4       0x2c c:/program files (x86)/microchip/xc32/v2.30/bin/bin/../../lib/gcc/pic32c/6.2.1/../../../../pic32c/lib\libc.a(lib_a-lseekr.o)
 .ARM.attributes
                0x00000de0       0x2c c:/program files (x86)/microchip/xc32/v2.30/bin/bin/../../lib/gcc/pic32c/6.2.1/../../../../pic32c/lib\libc.a(lib_a-memmove.o)
 .ARM.attributes
                0x00000e0c       0x2c c:/program files (x86)/microchip/xc32/v2.30/bin/bin/../../lib/gcc/pic32c/6.2.1/../../../../pic32c/lib\libc.a(lib_a-readr.o)
 .ARM.attributes
                0x00000e38       0x2c c:/program files (x86)/microchip/xc32/v2.30/bin/bin/../../lib/gcc/pic32c/6.2.1/../../../../pic32c/lib\libc.a(lib_a-reallocr.o)
 .ARM.attributes
                0x00000e64       0x2c c:/program files (x86)/microchip/xc32/v2.30/bin/bin/../../lib/gcc/pic32c/6.2.1/../../../../pic32c/lib\libc.a(lib_a-reent.o)
 .ARM.attributes
                0x00000e90       0x2c c:/program files (x86)/microchip/xc32/v2.30/bin/bin/../../lib/gcc/pic32c/6.2.1/../../../../pic32c/lib\libc.a(lib_a-wbuf.o)
 .ARM.attributes
                0x00000ebc       0x2c c:/program files (x86)/microchip/xc32/v2.30/bin/bin/../../lib/gcc/pic32c/6.2.1/../../../../pic32c/lib\libc.a(lib_a-wcrtomb.o)
 .ARM.attributes
                0x00000ee8       0x2c c:/program files (x86)/microchip/xc32/v2.30/bin/bin/../../lib/gcc/pic32c/6.2.1/../../../../pic32c/lib\libpic32c.a(_close.o)
 .ARM.attributes
                0x00000f14       0x2c c:/program files (x86)/microchip/xc32/v2.30/bin/bin/../../lib/gcc/pic32c/6.2.1/../../../../pic32c/lib\libpic32c.a(_fstat.o)
 .ARM.attributes
                0x00000f40       0x2c c:/program files (x86)/microchip/xc32/v2.30/bin/bin/../../lib/gcc/pic32c/6.2.1/../../../../pic32c/lib\libpic32c.a(_isatty.o)
 .ARM.attributes
                0x00000f6c       0x2c c:/program files (x86)/microchip/xc32/v2.30/bin/bin/../../lib/gcc/pic32c/6.2.1/../../../../pic32c/lib\libpic32c.a(_lseek.o)
 .ARM.attributes
                0x00000f98       0x2c c:/program files (x86)/microchip/xc32/v2.30/bin/bin/../../lib/gcc/pic32c/6.2.1/../../../../pic32c/lib\libpic32c.a(_read.o)
 .ARM.attributes
                0x00000fc4       0x2c c:/program files (x86)/microchip/xc32/v2.30/bin/bin/../../lib/gcc/pic32c/6.2.1/../../../../pic32c/lib\libpic32c.a(sbrk.o)
 .ARM.attributes
                0x00000ff0       0x2c c:/program files (x86)/microchip/xc32/v2.30/bin/bin/../../lib/gcc/pic32c/6.2.1/../../../../pic32c/lib\libpic32c.a(_write.o)
 .ARM.attributes
                0x0000101c       0x2c c:/program files (x86)/microchip/xc32/v2.30/bin/bin/../../lib/gcc/pic32c/6.2.1/../../../../pic32c/lib\libpic32c.a(close.o)
 .ARM.attributes
                0x00001048       0x2c c:/program files (x86)/microchip/xc32/v2.30/bin/bin/../../lib/gcc/pic32c/6.2.1/../../../../pic32c/lib\libpic32c.a(fstat.o)
 .ARM.attributes
                0x00001074       0x2c c:/program files (x86)/microchip/xc32/v2.30/bin/bin/../../lib/gcc/pic32c/6.2.1/../../../../pic32c/lib\libpic32c.a(isatty.o)
 .ARM.attributes
                0x000010a0       0x2c c:/program files (x86)/microchip/xc32/v2.30/bin/bin/../../lib/gcc/pic32c/6.2.1/../../../../pic32c/lib\libpic32c.a(lseek.o)
 .ARM.attributes
                0x000010cc       0x2c c:/program files (x86)/microchip/xc32/v2.30/bin/bin/../../lib/gcc/pic32c/6.2.1/../../../../pic32c/lib\libpic32c.a(read.o)
 .ARM.attributes
                0x000010f8       0x2c c:/program files (x86)/microchip/xc32/v2.30/bin/bin/../../lib/gcc/pic32c/6.2.1/../../../../pic32c/lib\libpic32c.a(write.o)
 .ARM.attributes
                0x00001124       0x1e c:/program files (x86)/microchip/xc32/v2.30/bin/bin/../../lib/gcc/pic32c/6.2.1\libgcc.a(_udivsi3.o)
 .ARM.attributes
                0x00001142       0x2c c:/program files (x86)/microchip/xc32/v2.30/bin/bin/../../lib/gcc/pic32c/6.2.1\libgcc.a(divdf3.o)
 .ARM.attributes
                0x0000116e       0x2c c:/program files (x86)/microchip/xc32/v2.30/bin/bin/../../lib/gcc/pic32c/6.2.1\libgcc.a(unorddf2.o)
 .ARM.attributes
                0x0000119a       0x2c c:/program files (x86)/microchip/xc32/v2.30/bin/bin/../../lib/gcc/pic32c/6.2.1\libgcc.a(floatunsidf.o)
 .ARM.attributes
                0x000011c6       0x1e c:/program files (x86)/microchip/xc32/v2.30/bin/bin/../../lib/gcc/pic32c/6.2.1/crtn.o

.comment        0x00000000       0x3c
 .comment       0x00000000       0x3c c:/program files (x86)/microchip/xc32/v2.30/bin/bin/../../lib/gcc/pic32c/6.2.1/crtbegin.o
                                 0x3d (size before relaxing)
 .comment       0x0000003c       0x3d build/sam_l21_xpro/production/_ext/642366816/plib_adc.o
 .comment       0x0000003c       0x3d build/sam_l21_xpro/production/_ext/1162880526/plib_clock.o
 .comment       0x0000003c       0x3d build/sam_l21_xpro/production/_ext/1561563243/plib_dmac.o
 .comment       0x0000003c       0x3d build/sam_l21_xpro/production/_ext/642362817/plib_eic.o
 .comment       0x0000003c       0x3d build/sam_l21_xpro/production/_ext/1165030012/plib_evsys.o
 .comment       0x0000003c       0x3d build/sam_l21_xpro/production/_ext/1561870050/plib_nvic.o
 .comment       0x0000003c       0x3d build/sam_l21_xpro/production/_ext/2001216112/plib_nvmctrl.o
 .comment       0x0000003c       0x3d build/sam_l21_xpro/production/_ext/394920957/plib_pm.o
 .comment       0x0000003c       0x3d build/sam_l21_xpro/production/_ext/1561923201/plib_port.o
 .comment       0x0000003c       0x3d build/sam_l21_xpro/production/_ext/642349983/plib_rtc_timer.o
 .comment       0x0000003c       0x3d build/sam_l21_xpro/production/_ext/136921409/plib_sercom2_i2c.o
 .comment       0x0000003c       0x3d build/sam_l21_xpro/production/_ext/37386601/plib_sercom3_usart.o
 .comment       0x0000003c       0x3d build/sam_l21_xpro/production/_ext/1562018261/plib_supc.o
 .comment       0x0000003c       0x3d build/sam_l21_xpro/production/_ext/1747662870/xc32_monitor.o
 .comment       0x0000003c       0x3d build/sam_l21_xpro/production/_ext/929438044/initialization.o
 .comment       0x0000003c       0x3d build/sam_l21_xpro/production/_ext/929438044/interrupts.o
 .comment       0x0000003c       0x3d build/sam_l21_xpro/production/_ext/929438044/exceptions.o
 .comment       0x0000003c       0x3d build/sam_l21_xpro/production/_ext/929438044/startup_xc32.o
 .comment       0x0000003c       0x3d build/sam_l21_xpro/production/_ext/1360937237/main.o
 .comment       0x0000003c       0x3d c:/program files (x86)/microchip/xc32/v2.30/bin/bin/../../lib/gcc/pic32c/6.2.1/../../../../pic32c/lib\libpic32c.a(data_init.o)
 .comment       0x0000003c       0x3d c:/program files (x86)/microchip/xc32/v2.30/bin/bin/../../lib/gcc/pic32c/6.2.1\libgcc.a(_fixunsdfsi.o)
 .comment       0x0000003c       0x3d c:/program files (x86)/microchip/xc32/v2.30/bin/bin/../../lib/gcc/pic32c/6.2.1\libgcc.a(_udivmoddi4.o)
 .comment       0x0000003c       0x3d c:/program files (x86)/microchip/xc32/v2.30/bin/bin/../../lib/gcc/pic32c/6.2.1\libgcc.a(adddf3.o)
 .comment       0x0000003c       0x3d c:/program files (x86)/microchip/xc32/v2.30/bin/bin/../../lib/gcc/pic32c/6.2.1\libgcc.a(muldf3.o)
 .comment       0x0000003c       0x3d c:/program files (x86)/microchip/xc32/v2.30/bin/bin/../../lib/gcc/pic32c/6.2.1\libgcc.a(subdf3.o)
 .comment       0x0000003c       0x3d c:/program files (x86)/microchip/xc32/v2.30/bin/bin/../../lib/gcc/pic32c/6.2.1\libgcc.a(fixdfsi.o)
 .comment       0x0000003c       0x3d c:/program files (x86)/microchip/xc32/v2.30/bin/bin/../../lib/gcc/pic32c/6.2.1\libgcc.a(floatsidf.o)
 .comment       0x0000003c       0x3d c:/program files (x86)/microchip/xc32/v2.30/bin/bin/../../lib/gcc/pic32c/6.2.1\libgcc.a(eqdf2.o)
 .comment       0x0000003c       0x3d c:/program files (x86)/microchip/xc32/v2.30/bin/bin/../../lib/gcc/pic32c/6.2.1\libgcc.a(gedf2.o)
 .comment       0x0000003c       0x3d c:/program files (x86)/microchip/xc32/v2.30/bin/bin/../../lib/gcc/pic32c/6.2.1\libgcc.a(ledf2.o)
 .comment       0x0000003c       0x3d c:/program files (x86)/microchip/xc32/v2.30/bin/bin/../../lib/gcc/pic32c/6.2.1/../../../../pic32c/lib\libc.a(lib_a-init.o)
 .comment       0x0000003c       0x3d c:/program files (x86)/microchip/xc32/v2.30/bin/bin/../../lib/gcc/pic32c/6.2.1/../../../../pic32c/lib\libc.a(lib_a-memcpy-stub.o)
 .comment       0x0000003c       0x3d c:/program files (x86)/microchip/xc32/v2.30/bin/bin/../../lib/gcc/pic32c/6.2.1/../../../../pic32c/lib\libc.a(lib_a-printf.o)
 .comment       0x0000003c       0x3d c:/program files (x86)/microchip/xc32/v2.30/bin/bin/../../lib/gcc/pic32c/6.2.1/../../../../pic32c/lib\libc.a(lib_a-sprintf.o)
 .comment       0x0000003c       0x3d c:/program files (x86)/microchip/xc32/v2.30/bin/bin/../../lib/gcc/pic32c/6.2.1/../../../../pic32c/lib\libc.a(lib_a-svfprintf.o)
 .comment       0x0000003c       0x3d c:/program files (x86)/microchip/xc32/v2.30/bin/bin/../../lib/gcc/pic32c/6.2.1/../../../../pic32c/lib\libc.a(lib_a-vfprintf.o)
 .comment       0x0000003c       0x3d c:/program files (x86)/microchip/xc32/v2.30/bin/bin/../../lib/gcc/pic32c/6.2.1/../../../../pic32c/lib\libc.a(lib_a-wsetup.o)
 .comment       0x0000003c       0x3d c:/program files (x86)/microchip/xc32/v2.30/bin/bin/../../lib/gcc/pic32c/6.2.1/../../../../pic32c/lib\libc.a(lib_a-dtoa.o)
 .comment       0x0000003c       0x3d c:/program files (x86)/microchip/xc32/v2.30/bin/bin/../../lib/gcc/pic32c/6.2.1/../../../../pic32c/lib\libc.a(lib_a-fflush.o)
 .comment       0x0000003c       0x3d c:/program files (x86)/microchip/xc32/v2.30/bin/bin/../../lib/gcc/pic32c/6.2.1/../../../../pic32c/lib\libc.a(lib_a-findfp.o)
 .comment       0x0000003c       0x3d c:/program files (x86)/microchip/xc32/v2.30/bin/bin/../../lib/gcc/pic32c/6.2.1/../../../../pic32c/lib\libc.a(lib_a-freer.o)
 .comment       0x0000003c       0x3d c:/program files (x86)/microchip/xc32/v2.30/bin/bin/../../lib/gcc/pic32c/6.2.1/../../../../pic32c/lib\libc.a(lib_a-fwalk.o)
 .comment       0x0000003c       0x3d c:/program files (x86)/microchip/xc32/v2.30/bin/bin/../../lib/gcc/pic32c/6.2.1/../../../../pic32c/lib\libc.a(lib_a-impure.o)
 .comment       0x0000003c       0x3d c:/program files (x86)/microchip/xc32/v2.30/bin/bin/../../lib/gcc/pic32c/6.2.1/../../../../pic32c/lib\libc.a(lib_a-localeconv.o)
 .comment       0x0000003c       0x3d c:/program files (x86)/microchip/xc32/v2.30/bin/bin/../../lib/gcc/pic32c/6.2.1/../../../../pic32c/lib\libc.a(lib_a-locale.o)
 .comment       0x0000003c       0x3d c:/program files (x86)/microchip/xc32/v2.30/bin/bin/../../lib/gcc/pic32c/6.2.1/../../../../pic32c/lib\libc.a(lib_a-makebuf.o)
 .comment       0x0000003c       0x3d c:/program files (x86)/microchip/xc32/v2.30/bin/bin/../../lib/gcc/pic32c/6.2.1/../../../../pic32c/lib\libc.a(lib_a-mallocr.o)
 .comment       0x0000003c       0x3d c:/program files (x86)/microchip/xc32/v2.30/bin/bin/../../lib/gcc/pic32c/6.2.1/../../../../pic32c/lib\libc.a(lib_a-mbtowc_r.o)
 .comment       0x0000003c       0x3d c:/program files (x86)/microchip/xc32/v2.30/bin/bin/../../lib/gcc/pic32c/6.2.1/../../../../pic32c/lib\libc.a(lib_a-memchr-stub.o)
 .comment       0x0000003c       0x3d c:/program files (x86)/microchip/xc32/v2.30/bin/bin/../../lib/gcc/pic32c/6.2.1/../../../../pic32c/lib\libc.a(lib_a-memset.o)
 .comment       0x0000003c       0x3d c:/program files (x86)/microchip/xc32/v2.30/bin/bin/../../lib/gcc/pic32c/6.2.1/../../../../pic32c/lib\libc.a(lib_a-mlock.o)
 .comment       0x0000003c       0x3d c:/program files (x86)/microchip/xc32/v2.30/bin/bin/../../lib/gcc/pic32c/6.2.1/../../../../pic32c/lib\libc.a(lib_a-mprec.o)
 .comment       0x0000003c       0x3d c:/program files (x86)/microchip/xc32/v2.30/bin/bin/../../lib/gcc/pic32c/6.2.1/../../../../pic32c/lib\libc.a(lib_a-sbrkr.o)
 .comment       0x0000003c       0x3d c:/program files (x86)/microchip/xc32/v2.30/bin/bin/../../lib/gcc/pic32c/6.2.1/../../../../pic32c/lib\libc.a(lib_a-s_frexp.o)
 .comment       0x0000003c       0x3d c:/program files (x86)/microchip/xc32/v2.30/bin/bin/../../lib/gcc/pic32c/6.2.1/../../../../pic32c/lib\libc.a(lib_a-stdio.o)
 .comment       0x0000003c       0x3d c:/program files (x86)/microchip/xc32/v2.30/bin/bin/../../lib/gcc/pic32c/6.2.1/../../../../pic32c/lib\libc.a(lib_a-strncpy.o)
 .comment       0x0000003c       0x3d c:/program files (x86)/microchip/xc32/v2.30/bin/bin/../../lib/gcc/pic32c/6.2.1/../../../../pic32c/lib\libc.a(lib_a-svfiprintf.o)
 .comment       0x0000003c       0x3d c:/program files (x86)/microchip/xc32/v2.30/bin/bin/../../lib/gcc/pic32c/6.2.1/../../../../pic32c/lib\libc.a(lib_a-vfiprintf.o)
 .comment       0x0000003c       0x3d c:/program files (x86)/microchip/xc32/v2.30/bin/bin/../../lib/gcc/pic32c/6.2.1/../../../../pic32c/lib\libc.a(lib_a-wctomb_r.o)
 .comment       0x0000003c       0x3d c:/program files (x86)/microchip/xc32/v2.30/bin/bin/../../lib/gcc/pic32c/6.2.1/../../../../pic32c/lib\libc.a(lib_a-writer.o)
 .comment       0x0000003c       0x3d c:/program files (x86)/microchip/xc32/v2.30/bin/bin/../../lib/gcc/pic32c/6.2.1/../../../../pic32c/lib\libc.a(lib_a-callocr.o)
 .comment       0x0000003c       0x3d c:/program files (x86)/microchip/xc32/v2.30/bin/bin/../../lib/gcc/pic32c/6.2.1/../../../../pic32c/lib\libc.a(lib_a-closer.o)
 .comment       0x0000003c       0x3d c:/program files (x86)/microchip/xc32/v2.30/bin/bin/../../lib/gcc/pic32c/6.2.1/../../../../pic32c/lib\libc.a(lib_a-ctype_.o)
 .comment       0x0000003c       0x3d c:/program files (x86)/microchip/xc32/v2.30/bin/bin/../../lib/gcc/pic32c/6.2.1/../../../../pic32c/lib\libc.a(lib_a-fclose.o)
 .comment       0x0000003c       0x3d c:/program files (x86)/microchip/xc32/v2.30/bin/bin/../../lib/gcc/pic32c/6.2.1/../../../../pic32c/lib\libc.a(lib_a-fputwc.o)
 .comment       0x0000003c       0x3d c:/program files (x86)/microchip/xc32/v2.30/bin/bin/../../lib/gcc/pic32c/6.2.1/../../../../pic32c/lib\libc.a(lib_a-fstatr.o)
 .comment       0x0000003c       0x3d c:/program files (x86)/microchip/xc32/v2.30/bin/bin/../../lib/gcc/pic32c/6.2.1/../../../../pic32c/lib\libc.a(lib_a-fvwrite.o)
 .comment       0x0000003c       0x3d c:/program files (x86)/microchip/xc32/v2.30/bin/bin/../../lib/gcc/pic32c/6.2.1/../../../../pic32c/lib\libc.a(lib_a-isattyr.o)
 .comment       0x0000003c       0x3d c:/program files (x86)/microchip/xc32/v2.30/bin/bin/../../lib/gcc/pic32c/6.2.1/../../../../pic32c/lib\libc.a(lib_a-lseekr.o)
 .comment       0x0000003c       0x3d c:/program files (x86)/microchip/xc32/v2.30/bin/bin/../../lib/gcc/pic32c/6.2.1/../../../../pic32c/lib\libc.a(lib_a-memmove.o)
 .comment       0x0000003c       0x3d c:/program files (x86)/microchip/xc32/v2.30/bin/bin/../../lib/gcc/pic32c/6.2.1/../../../../pic32c/lib\libc.a(lib_a-readr.o)
 .comment       0x0000003c       0x3d c:/program files (x86)/microchip/xc32/v2.30/bin/bin/../../lib/gcc/pic32c/6.2.1/../../../../pic32c/lib\libc.a(lib_a-reallocr.o)
 .comment       0x0000003c       0x3d c:/program files (x86)/microchip/xc32/v2.30/bin/bin/../../lib/gcc/pic32c/6.2.1/../../../../pic32c/lib\libc.a(lib_a-reent.o)
 .comment       0x0000003c       0x3d c:/program files (x86)/microchip/xc32/v2.30/bin/bin/../../lib/gcc/pic32c/6.2.1/../../../../pic32c/lib\libc.a(lib_a-wbuf.o)
 .comment       0x0000003c       0x3d c:/program files (x86)/microchip/xc32/v2.30/bin/bin/../../lib/gcc/pic32c/6.2.1/../../../../pic32c/lib\libc.a(lib_a-wcrtomb.o)
 .comment       0x0000003c       0x3d c:/program files (x86)/microchip/xc32/v2.30/bin/bin/../../lib/gcc/pic32c/6.2.1/../../../../pic32c/lib\libpic32c.a(_close.o)
 .comment       0x0000003c       0x3d c:/program files (x86)/microchip/xc32/v2.30/bin/bin/../../lib/gcc/pic32c/6.2.1/../../../../pic32c/lib\libpic32c.a(_fstat.o)
 .comment       0x0000003c       0x3d c:/program files (x86)/microchip/xc32/v2.30/bin/bin/../../lib/gcc/pic32c/6.2.1/../../../../pic32c/lib\libpic32c.a(_isatty.o)
 .comment       0x0000003c       0x3d c:/program files (x86)/microchip/xc32/v2.30/bin/bin/../../lib/gcc/pic32c/6.2.1/../../../../pic32c/lib\libpic32c.a(_lseek.o)
 .comment       0x0000003c       0x3d c:/program files (x86)/microchip/xc32/v2.30/bin/bin/../../lib/gcc/pic32c/6.2.1/../../../../pic32c/lib\libpic32c.a(_read.o)
 .comment       0x0000003c       0x3d c:/program files (x86)/microchip/xc32/v2.30/bin/bin/../../lib/gcc/pic32c/6.2.1/../../../../pic32c/lib\libpic32c.a(sbrk.o)
 .comment       0x0000003c       0x3d c:/program files (x86)/microchip/xc32/v2.30/bin/bin/../../lib/gcc/pic32c/6.2.1/../../../../pic32c/lib\libpic32c.a(_write.o)
 .comment       0x0000003c       0x3d c:/program files (x86)/microchip/xc32/v2.30/bin/bin/../../lib/gcc/pic32c/6.2.1/../../../../pic32c/lib\libpic32c.a(close.o)
 .comment       0x0000003c       0x3d c:/program files (x86)/microchip/xc32/v2.30/bin/bin/../../lib/gcc/pic32c/6.2.1/../../../../pic32c/lib\libpic32c.a(fstat.o)
 .comment       0x0000003c       0x3d c:/program files (x86)/microchip/xc32/v2.30/bin/bin/../../lib/gcc/pic32c/6.2.1/../../../../pic32c/lib\libpic32c.a(isatty.o)
 .comment       0x0000003c       0x3d c:/program files (x86)/microchip/xc32/v2.30/bin/bin/../../lib/gcc/pic32c/6.2.1/../../../../pic32c/lib\libpic32c.a(lseek.o)
 .comment       0x0000003c       0x3d c:/program files (x86)/microchip/xc32/v2.30/bin/bin/../../lib/gcc/pic32c/6.2.1/../../../../pic32c/lib\libpic32c.a(read.o)
 .comment       0x0000003c       0x3d c:/program files (x86)/microchip/xc32/v2.30/bin/bin/../../lib/gcc/pic32c/6.2.1/../../../../pic32c/lib\libpic32c.a(write.o)
 .comment       0x0000003c       0x3d c:/program files (x86)/microchip/xc32/v2.30/bin/bin/../../lib/gcc/pic32c/6.2.1\libgcc.a(divdf3.o)
 .comment       0x0000003c       0x3d c:/program files (x86)/microchip/xc32/v2.30/bin/bin/../../lib/gcc/pic32c/6.2.1\libgcc.a(unorddf2.o)
 .comment       0x0000003c       0x3d c:/program files (x86)/microchip/xc32/v2.30/bin/bin/../../lib/gcc/pic32c/6.2.1\libgcc.a(floatunsidf.o)

.debug_info     0x00000000    0x5268a
 .debug_info    0x00000000      0xdc5 build/sam_l21_xpro/production/_ext/642366816/plib_adc.o
 .debug_info    0x00000dc5      0xa69 build/sam_l21_xpro/production/_ext/1162880526/plib_clock.o
 .debug_info    0x0000182e     0x176d build/sam_l21_xpro/production/_ext/1561563243/plib_dmac.o
 .debug_info    0x00002f9b     0x13a1 build/sam_l21_xpro/production/_ext/642362817/plib_eic.o
 .debug_info    0x0000433c      0x48a build/sam_l21_xpro/production/_ext/1165030012/plib_evsys.o
 .debug_info    0x000047c6      0x8c6 build/sam_l21_xpro/production/_ext/1561870050/plib_nvic.o
 .debug_info    0x0000508c     0x13c1 build/sam_l21_xpro/production/_ext/2001216112/plib_nvmctrl.o
 .debug_info    0x0000644d      0x5be build/sam_l21_xpro/production/_ext/394920957/plib_pm.o
 .debug_info    0x00006a0b      0x76c build/sam_l21_xpro/production/_ext/1561923201/plib_port.o
 .debug_info    0x00007177     0x163a build/sam_l21_xpro/production/_ext/642349983/plib_rtc_timer.o
 .debug_info    0x000087b1     0x1346 build/sam_l21_xpro/production/_ext/136921409/plib_sercom2_i2c.o
 .debug_info    0x00009af7     0x1312 build/sam_l21_xpro/production/_ext/37386601/plib_sercom3_usart.o
 .debug_info    0x0000ae09      0x545 build/sam_l21_xpro/production/_ext/1562018261/plib_supc.o
 .debug_info    0x0000b34e      0xea7 build/sam_l21_xpro/production/_ext/1747662870/xc32_monitor.o
 .debug_info    0x0000c1f5     0x112e build/sam_l21_xpro/production/_ext/929438044/initialization.o
 .debug_info    0x0000d323     0x12d8 build/sam_l21_xpro/production/_ext/929438044/interrupts.o
 .debug_info    0x0000e5fb      0xdfe build/sam_l21_xpro/production/_ext/929438044/exceptions.o
 .debug_info    0x0000f3f9      0xf8d build/sam_l21_xpro/production/_ext/929438044/startup_xc32.o
 .debug_info    0x00010386     0x1ffa build/sam_l21_xpro/production/_ext/1360937237/main.o
 .debug_info    0x00012380      0x1f0 c:/program files (x86)/microchip/xc32/v2.30/bin/bin/../../lib/gcc/pic32c/6.2.1/../../../../pic32c/lib\libpic32c.a(data_init.o)
 .debug_info    0x00012570       0xee c:/program files (x86)/microchip/xc32/v2.30/bin/bin/../../lib/gcc/pic32c/6.2.1\libgcc.a(_divsi3.o)
 .debug_info    0x0001265e       0xee c:/program files (x86)/microchip/xc32/v2.30/bin/bin/../../lib/gcc/pic32c/6.2.1\libgcc.a(_dvmd_tls.o)
 .debug_info    0x0001274c       0xee c:/program files (x86)/microchip/xc32/v2.30/bin/bin/../../lib/gcc/pic32c/6.2.1\libgcc.a(_aeabi_uldivmod.o)
 .debug_info    0x0001283a     0x12a0 c:/program files (x86)/microchip/xc32/v2.30/bin/bin/../../lib/gcc/pic32c/6.2.1\libgcc.a(_fixunsdfsi.o)
 .debug_info    0x00013ada     0x132c c:/program files (x86)/microchip/xc32/v2.30/bin/bin/../../lib/gcc/pic32c/6.2.1\libgcc.a(_udivmoddi4.o)
 .debug_info    0x00014e06      0x7b0 c:/program files (x86)/microchip/xc32/v2.30/bin/bin/../../lib/gcc/pic32c/6.2.1\libgcc.a(adddf3.o)
 .debug_info    0x000155b6      0xa41 c:/program files (x86)/microchip/xc32/v2.30/bin/bin/../../lib/gcc/pic32c/6.2.1\libgcc.a(muldf3.o)
 .debug_info    0x00015ff7      0x7b0 c:/program files (x86)/microchip/xc32/v2.30/bin/bin/../../lib/gcc/pic32c/6.2.1\libgcc.a(subdf3.o)
 .debug_info    0x000167a7      0x3bc c:/program files (x86)/microchip/xc32/v2.30/bin/bin/../../lib/gcc/pic32c/6.2.1\libgcc.a(fixdfsi.o)
 .debug_info    0x00016b63      0x4fc c:/program files (x86)/microchip/xc32/v2.30/bin/bin/../../lib/gcc/pic32c/6.2.1\libgcc.a(floatsidf.o)
 .debug_info    0x0001705f       0xee c:/program files (x86)/microchip/xc32/v2.30/bin/bin/../../lib/gcc/pic32c/6.2.1\libgcc.a(_thumb1_case_uqi.o)
 .debug_info    0x0001714d       0xee c:/program files (x86)/microchip/xc32/v2.30/bin/bin/../../lib/gcc/pic32c/6.2.1\libgcc.a(_thumb1_case_uhi.o)
 .debug_info    0x0001723b       0xee c:/program files (x86)/microchip/xc32/v2.30/bin/bin/../../lib/gcc/pic32c/6.2.1\libgcc.a(_lshrdi3.o)
 .debug_info    0x00017329       0xee c:/program files (x86)/microchip/xc32/v2.30/bin/bin/../../lib/gcc/pic32c/6.2.1\libgcc.a(_ashldi3.o)
 .debug_info    0x00017417       0xee c:/program files (x86)/microchip/xc32/v2.30/bin/bin/../../lib/gcc/pic32c/6.2.1\libgcc.a(_arm_cmpdf2.o)
 .debug_info    0x00017505       0xee c:/program files (x86)/microchip/xc32/v2.30/bin/bin/../../lib/gcc/pic32c/6.2.1\libgcc.a(_clzsi2.o)
 .debug_info    0x000175f3       0xee c:/program files (x86)/microchip/xc32/v2.30/bin/bin/../../lib/gcc/pic32c/6.2.1\libgcc.a(_clzdi2.o)
 .debug_info    0x000176e1      0x413 c:/program files (x86)/microchip/xc32/v2.30/bin/bin/../../lib/gcc/pic32c/6.2.1\libgcc.a(eqdf2.o)
 .debug_info    0x00017af4      0x43f c:/program files (x86)/microchip/xc32/v2.30/bin/bin/../../lib/gcc/pic32c/6.2.1\libgcc.a(gedf2.o)
 .debug_info    0x00017f33      0x437 c:/program files (x86)/microchip/xc32/v2.30/bin/bin/../../lib/gcc/pic32c/6.2.1\libgcc.a(ledf2.o)
 .debug_info    0x0001836a      0x354 c:/program files (x86)/microchip/xc32/v2.30/bin/bin/../../lib/gcc/pic32c/6.2.1/../../../../pic32c/lib\libc.a(lib_a-init.o)
 .debug_info    0x000186be      0xd79 c:/program files (x86)/microchip/xc32/v2.30/bin/bin/../../lib/gcc/pic32c/6.2.1/../../../../pic32c/lib\libc.a(lib_a-memcpy-stub.o)
 .debug_info    0x00019437     0x1105 c:/program files (x86)/microchip/xc32/v2.30/bin/bin/../../lib/gcc/pic32c/6.2.1/../../../../pic32c/lib\libc.a(lib_a-printf.o)
 .debug_info    0x0001a53c     0x1156 c:/program files (x86)/microchip/xc32/v2.30/bin/bin/../../lib/gcc/pic32c/6.2.1/../../../../pic32c/lib\libc.a(lib_a-sprintf.o)
 .debug_info    0x0001b692     0x2761 c:/program files (x86)/microchip/xc32/v2.30/bin/bin/../../lib/gcc/pic32c/6.2.1/../../../../pic32c/lib\libc.a(lib_a-svfprintf.o)
 .debug_info    0x0001ddf3     0x294e c:/program files (x86)/microchip/xc32/v2.30/bin/bin/../../lib/gcc/pic32c/6.2.1/../../../../pic32c/lib\libc.a(lib_a-vfprintf.o)
 .debug_info    0x00020741     0x10e8 c:/program files (x86)/microchip/xc32/v2.30/bin/bin/../../lib/gcc/pic32c/6.2.1/../../../../pic32c/lib\libc.a(lib_a-wsetup.o)
 .debug_info    0x00021829     0x2013 c:/program files (x86)/microchip/xc32/v2.30/bin/bin/../../lib/gcc/pic32c/6.2.1/../../../../pic32c/lib\libc.a(lib_a-dtoa.o)
 .debug_info    0x0002383c     0x1259 c:/program files (x86)/microchip/xc32/v2.30/bin/bin/../../lib/gcc/pic32c/6.2.1/../../../../pic32c/lib\libc.a(lib_a-fflush.o)
 .debug_info    0x00024a95     0x13cf c:/program files (x86)/microchip/xc32/v2.30/bin/bin/../../lib/gcc/pic32c/6.2.1/../../../../pic32c/lib\libc.a(lib_a-findfp.o)
 .debug_info    0x00025e64     0x12b8 c:/program files (x86)/microchip/xc32/v2.30/bin/bin/../../lib/gcc/pic32c/6.2.1/../../../../pic32c/lib\libc.a(lib_a-freer.o)
 .debug_info    0x0002711c     0x116a c:/program files (x86)/microchip/xc32/v2.30/bin/bin/../../lib/gcc/pic32c/6.2.1/../../../../pic32c/lib\libc.a(lib_a-fwalk.o)
 .debug_info    0x00028286      0xd02 c:/program files (x86)/microchip/xc32/v2.30/bin/bin/../../lib/gcc/pic32c/6.2.1/../../../../pic32c/lib\libc.a(lib_a-impure.o)
 .debug_info    0x00028f88     0x15f6 c:/program files (x86)/microchip/xc32/v2.30/bin/bin/../../lib/gcc/pic32c/6.2.1/../../../../pic32c/lib\libc.a(lib_a-localeconv.o)
 .debug_info    0x0002a57e     0x1790 c:/program files (x86)/microchip/xc32/v2.30/bin/bin/../../lib/gcc/pic32c/6.2.1/../../../../pic32c/lib\libc.a(lib_a-locale.o)
 .debug_info    0x0002bd0e     0x14a7 c:/program files (x86)/microchip/xc32/v2.30/bin/bin/../../lib/gcc/pic32c/6.2.1/../../../../pic32c/lib\libc.a(lib_a-makebuf.o)
 .debug_info    0x0002d1b5     0x13f6 c:/program files (x86)/microchip/xc32/v2.30/bin/bin/../../lib/gcc/pic32c/6.2.1/../../../../pic32c/lib\libc.a(lib_a-mallocr.o)
 .debug_info    0x0002e5ab     0x1669 c:/program files (x86)/microchip/xc32/v2.30/bin/bin/../../lib/gcc/pic32c/6.2.1/../../../../pic32c/lib\libc.a(lib_a-mbtowc_r.o)
 .debug_info    0x0002fc14      0xd78 c:/program files (x86)/microchip/xc32/v2.30/bin/bin/../../lib/gcc/pic32c/6.2.1/../../../../pic32c/lib\libc.a(lib_a-memchr-stub.o)
 .debug_info    0x0003098c     0x14a9 c:/program files (x86)/microchip/xc32/v2.30/bin/bin/../../lib/gcc/pic32c/6.2.1/../../../../pic32c/lib\libc.a(lib_a-memset.o)
 .debug_info    0x00031e35      0xd3f c:/program files (x86)/microchip/xc32/v2.30/bin/bin/../../lib/gcc/pic32c/6.2.1/../../../../pic32c/lib\libc.a(lib_a-mlock.o)
 .debug_info    0x00032b74     0x2396 c:/program files (x86)/microchip/xc32/v2.30/bin/bin/../../lib/gcc/pic32c/6.2.1/../../../../pic32c/lib\libc.a(lib_a-mprec.o)
 .debug_info    0x00034f0a      0xdf2 c:/program files (x86)/microchip/xc32/v2.30/bin/bin/../../lib/gcc/pic32c/6.2.1/../../../../pic32c/lib\libc.a(lib_a-sbrkr.o)
 .debug_info    0x00035cfc      0xed4 c:/program files (x86)/microchip/xc32/v2.30/bin/bin/../../lib/gcc/pic32c/6.2.1/../../../../pic32c/lib\libc.a(lib_a-s_frexp.o)
 .debug_info    0x00036bd0     0x131b c:/program files (x86)/microchip/xc32/v2.30/bin/bin/../../lib/gcc/pic32c/6.2.1/../../../../pic32c/lib\libc.a(lib_a-stdio.o)
 .debug_info    0x00037eeb      0x112 c:/program files (x86)/microchip/xc32/v2.30/bin/bin/../../lib/gcc/pic32c/6.2.1/../../../../pic32c/lib\libc.a(lib_a-strlen.o)
 .debug_info    0x00037ffd      0xd5f c:/program files (x86)/microchip/xc32/v2.30/bin/bin/../../lib/gcc/pic32c/6.2.1/../../../../pic32c/lib\libc.a(lib_a-strncpy.o)
 .debug_info    0x00038d5c     0x2109 c:/program files (x86)/microchip/xc32/v2.30/bin/bin/../../lib/gcc/pic32c/6.2.1/../../../../pic32c/lib\libc.a(lib_a-svfiprintf.o)
 .debug_info    0x0003ae65     0x22b2 c:/program files (x86)/microchip/xc32/v2.30/bin/bin/../../lib/gcc/pic32c/6.2.1/../../../../pic32c/lib\libc.a(lib_a-vfiprintf.o)
 .debug_info    0x0003d117     0x162d c:/program files (x86)/microchip/xc32/v2.30/bin/bin/../../lib/gcc/pic32c/6.2.1/../../../../pic32c/lib\libc.a(lib_a-wctomb_r.o)
 .debug_info    0x0003e744      0xe11 c:/program files (x86)/microchip/xc32/v2.30/bin/bin/../../lib/gcc/pic32c/6.2.1/../../../../pic32c/lib\libc.a(lib_a-writer.o)
 .debug_info    0x0003f555     0x1159 c:/program files (x86)/microchip/xc32/v2.30/bin/bin/../../lib/gcc/pic32c/6.2.1/../../../../pic32c/lib\libc.a(lib_a-callocr.o)
 .debug_info    0x000406ae      0xdc0 c:/program files (x86)/microchip/xc32/v2.30/bin/bin/../../lib/gcc/pic32c/6.2.1/../../../../pic32c/lib\libc.a(lib_a-closer.o)
 .debug_info    0x0004146e     0x147a c:/program files (x86)/microchip/xc32/v2.30/bin/bin/../../lib/gcc/pic32c/6.2.1/../../../../pic32c/lib\libc.a(lib_a-ctype_.o)
 .debug_info    0x000428e8     0x1187 c:/program files (x86)/microchip/xc32/v2.30/bin/bin/../../lib/gcc/pic32c/6.2.1/../../../../pic32c/lib\libc.a(lib_a-fclose.o)
 .debug_info    0x00043a6f     0x12af c:/program files (x86)/microchip/xc32/v2.30/bin/bin/../../lib/gcc/pic32c/6.2.1/../../../../pic32c/lib\libc.a(lib_a-fputwc.o)
 .debug_info    0x00044d1e     0x10bb c:/program files (x86)/microchip/xc32/v2.30/bin/bin/../../lib/gcc/pic32c/6.2.1/../../../../pic32c/lib\libc.a(lib_a-fstatr.o)
 .debug_info    0x00045dd9     0x13f5 c:/program files (x86)/microchip/xc32/v2.30/bin/bin/../../lib/gcc/pic32c/6.2.1/../../../../pic32c/lib\libc.a(lib_a-fvwrite.o)
 .debug_info    0x000471ce      0xdcd c:/program files (x86)/microchip/xc32/v2.30/bin/bin/../../lib/gcc/pic32c/6.2.1/../../../../pic32c/lib\libc.a(lib_a-isattyr.o)
 .debug_info    0x00047f9b      0xdf8 c:/program files (x86)/microchip/xc32/v2.30/bin/bin/../../lib/gcc/pic32c/6.2.1/../../../../pic32c/lib\libc.a(lib_a-lseekr.o)
 .debug_info    0x00048d93     0x14d7 c:/program files (x86)/microchip/xc32/v2.30/bin/bin/../../lib/gcc/pic32c/6.2.1/../../../../pic32c/lib\libc.a(lib_a-memmove.o)
 .debug_info    0x0004a26a      0xe0f c:/program files (x86)/microchip/xc32/v2.30/bin/bin/../../lib/gcc/pic32c/6.2.1/../../../../pic32c/lib\libc.a(lib_a-readr.o)
 .debug_info    0x0004b079     0x13ff c:/program files (x86)/microchip/xc32/v2.30/bin/bin/../../lib/gcc/pic32c/6.2.1/../../../../pic32c/lib\libc.a(lib_a-reallocr.o)
 .debug_info    0x0004c478      0xea1 c:/program files (x86)/microchip/xc32/v2.30/bin/bin/../../lib/gcc/pic32c/6.2.1/../../../../pic32c/lib\libc.a(lib_a-reent.o)
 .debug_info    0x0004d319     0x1178 c:/program files (x86)/microchip/xc32/v2.30/bin/bin/../../lib/gcc/pic32c/6.2.1/../../../../pic32c/lib\libc.a(lib_a-wbuf.o)
 .debug_info    0x0004e491     0x1665 c:/program files (x86)/microchip/xc32/v2.30/bin/bin/../../lib/gcc/pic32c/6.2.1/../../../../pic32c/lib\libc.a(lib_a-wcrtomb.o)
 .debug_info    0x0004faf6      0x1d7 c:/program files (x86)/microchip/xc32/v2.30/bin/bin/../../lib/gcc/pic32c/6.2.1/../../../../pic32c/lib\libpic32c.a(_close.o)
 .debug_info    0x0004fccd      0x1d7 c:/program files (x86)/microchip/xc32/v2.30/bin/bin/../../lib/gcc/pic32c/6.2.1/../../../../pic32c/lib\libpic32c.a(_fstat.o)
 .debug_info    0x0004fea4      0x1d9 c:/program files (x86)/microchip/xc32/v2.30/bin/bin/../../lib/gcc/pic32c/6.2.1/../../../../pic32c/lib\libpic32c.a(_isatty.o)
 .debug_info    0x0005007d      0x1d7 c:/program files (x86)/microchip/xc32/v2.30/bin/bin/../../lib/gcc/pic32c/6.2.1/../../../../pic32c/lib\libpic32c.a(_lseek.o)
 .debug_info    0x00050254      0x1d5 c:/program files (x86)/microchip/xc32/v2.30/bin/bin/../../lib/gcc/pic32c/6.2.1/../../../../pic32c/lib\libpic32c.a(_read.o)
 .debug_info    0x00050429      0x1d3 c:/program files (x86)/microchip/xc32/v2.30/bin/bin/../../lib/gcc/pic32c/6.2.1/../../../../pic32c/lib\libpic32c.a(sbrk.o)
 .debug_info    0x000505fc      0x1d7 c:/program files (x86)/microchip/xc32/v2.30/bin/bin/../../lib/gcc/pic32c/6.2.1/../../../../pic32c/lib\libpic32c.a(_write.o)
 .debug_info    0x000507d3      0x1d4 c:/program files (x86)/microchip/xc32/v2.30/bin/bin/../../lib/gcc/pic32c/6.2.1/../../../../pic32c/lib\libpic32c.a(close.o)
 .debug_info    0x000509a7      0x1d4 c:/program files (x86)/microchip/xc32/v2.30/bin/bin/../../lib/gcc/pic32c/6.2.1/../../../../pic32c/lib\libpic32c.a(fstat.o)
 .debug_info    0x00050b7b      0x1d6 c:/program files (x86)/microchip/xc32/v2.30/bin/bin/../../lib/gcc/pic32c/6.2.1/../../../../pic32c/lib\libpic32c.a(isatty.o)
 .debug_info    0x00050d51      0x1d4 c:/program files (x86)/microchip/xc32/v2.30/bin/bin/../../lib/gcc/pic32c/6.2.1/../../../../pic32c/lib\libpic32c.a(lseek.o)
 .debug_info    0x00050f25      0x1d3 c:/program files (x86)/microchip/xc32/v2.30/bin/bin/../../lib/gcc/pic32c/6.2.1/../../../../pic32c/lib\libpic32c.a(read.o)
 .debug_info    0x000510f8      0x1d5 c:/program files (x86)/microchip/xc32/v2.30/bin/bin/../../lib/gcc/pic32c/6.2.1/../../../../pic32c/lib\libpic32c.a(write.o)
 .debug_info    0x000512cd       0xee c:/program files (x86)/microchip/xc32/v2.30/bin/bin/../../lib/gcc/pic32c/6.2.1\libgcc.a(_udivsi3.o)
 .debug_info    0x000513bb      0x9c6 c:/program files (x86)/microchip/xc32/v2.30/bin/bin/../../lib/gcc/pic32c/6.2.1\libgcc.a(divdf3.o)
 .debug_info    0x00051d81      0x415 c:/program files (x86)/microchip/xc32/v2.30/bin/bin/../../lib/gcc/pic32c/6.2.1\libgcc.a(unorddf2.o)
 .debug_info    0x00052196      0x4f4 c:/program files (x86)/microchip/xc32/v2.30/bin/bin/../../lib/gcc/pic32c/6.2.1\libgcc.a(floatunsidf.o)

.debug_abbrev   0x00000000     0x97ae
 .debug_abbrev  0x00000000      0x1c3 build/sam_l21_xpro/production/_ext/642366816/plib_adc.o
 .debug_abbrev  0x000001c3       0xe7 build/sam_l21_xpro/production/_ext/1162880526/plib_clock.o
 .debug_abbrev  0x000002aa      0x2f1 build/sam_l21_xpro/production/_ext/1561563243/plib_dmac.o
 .debug_abbrev  0x0000059b      0x245 build/sam_l21_xpro/production/_ext/642362817/plib_eic.o
 .debug_abbrev  0x000007e0       0x8f build/sam_l21_xpro/production/_ext/1165030012/plib_evsys.o
 .debug_abbrev  0x0000086f      0x144 build/sam_l21_xpro/production/_ext/1561870050/plib_nvic.o
 .debug_abbrev  0x000009b3      0x279 build/sam_l21_xpro/production/_ext/2001216112/plib_nvmctrl.o
 .debug_abbrev  0x00000c2c       0xd4 build/sam_l21_xpro/production/_ext/394920957/plib_pm.o
 .debug_abbrev  0x00000d00      0x14f build/sam_l21_xpro/production/_ext/1561923201/plib_port.o
 .debug_abbrev  0x00000e4f      0x23a build/sam_l21_xpro/production/_ext/642349983/plib_rtc_timer.o
 .debug_abbrev  0x00001089      0x280 build/sam_l21_xpro/production/_ext/136921409/plib_sercom2_i2c.o
 .debug_abbrev  0x00001309      0x286 build/sam_l21_xpro/production/_ext/37386601/plib_sercom3_usart.o
 .debug_abbrev  0x0000158f       0xcd build/sam_l21_xpro/production/_ext/1562018261/plib_supc.o
 .debug_abbrev  0x0000165c      0x1f9 build/sam_l21_xpro/production/_ext/1747662870/xc32_monitor.o
 .debug_abbrev  0x00001855      0x1c5 build/sam_l21_xpro/production/_ext/929438044/initialization.o
 .debug_abbrev  0x00001a1a      0x1a0 build/sam_l21_xpro/production/_ext/929438044/interrupts.o
 .debug_abbrev  0x00001bba      0x17e build/sam_l21_xpro/production/_ext/929438044/exceptions.o
 .debug_abbrev  0x00001d38      0x1d4 build/sam_l21_xpro/production/_ext/929438044/startup_xc32.o
 .debug_abbrev  0x00001f0c      0x31e build/sam_l21_xpro/production/_ext/1360937237/main.o
 .debug_abbrev  0x0000222a       0x2a c:/program files (x86)/microchip/xc32/v2.30/bin/bin/../../lib/gcc/pic32c/6.2.1/../../../../pic32c/lib\libpic32c.a(data_init.o)
 .debug_abbrev  0x00002254       0x14 c:/program files (x86)/microchip/xc32/v2.30/bin/bin/../../lib/gcc/pic32c/6.2.1\libgcc.a(_divsi3.o)
 .debug_abbrev  0x00002268       0x14 c:/program files (x86)/microchip/xc32/v2.30/bin/bin/../../lib/gcc/pic32c/6.2.1\libgcc.a(_dvmd_tls.o)
 .debug_abbrev  0x0000227c       0x14 c:/program files (x86)/microchip/xc32/v2.30/bin/bin/../../lib/gcc/pic32c/6.2.1\libgcc.a(_aeabi_uldivmod.o)
 .debug_abbrev  0x00002290      0x11b c:/program files (x86)/microchip/xc32/v2.30/bin/bin/../../lib/gcc/pic32c/6.2.1\libgcc.a(_fixunsdfsi.o)
 .debug_abbrev  0x000023ab      0x13b c:/program files (x86)/microchip/xc32/v2.30/bin/bin/../../lib/gcc/pic32c/6.2.1\libgcc.a(_udivmoddi4.o)
 .debug_abbrev  0x000024e6      0x150 c:/program files (x86)/microchip/xc32/v2.30/bin/bin/../../lib/gcc/pic32c/6.2.1\libgcc.a(adddf3.o)
 .debug_abbrev  0x00002636      0x14a c:/program files (x86)/microchip/xc32/v2.30/bin/bin/../../lib/gcc/pic32c/6.2.1\libgcc.a(muldf3.o)
 .debug_abbrev  0x00002780      0x150 c:/program files (x86)/microchip/xc32/v2.30/bin/bin/../../lib/gcc/pic32c/6.2.1\libgcc.a(subdf3.o)
 .debug_abbrev  0x000028d0      0x12c c:/program files (x86)/microchip/xc32/v2.30/bin/bin/../../lib/gcc/pic32c/6.2.1\libgcc.a(fixdfsi.o)
 .debug_abbrev  0x000029fc      0x118 c:/program files (x86)/microchip/xc32/v2.30/bin/bin/../../lib/gcc/pic32c/6.2.1\libgcc.a(floatsidf.o)
 .debug_abbrev  0x00002b14       0x14 c:/program files (x86)/microchip/xc32/v2.30/bin/bin/../../lib/gcc/pic32c/6.2.1\libgcc.a(_thumb1_case_uqi.o)
 .debug_abbrev  0x00002b28       0x14 c:/program files (x86)/microchip/xc32/v2.30/bin/bin/../../lib/gcc/pic32c/6.2.1\libgcc.a(_thumb1_case_uhi.o)
 .debug_abbrev  0x00002b3c       0x14 c:/program files (x86)/microchip/xc32/v2.30/bin/bin/../../lib/gcc/pic32c/6.2.1\libgcc.a(_lshrdi3.o)
 .debug_abbrev  0x00002b50       0x14 c:/program files (x86)/microchip/xc32/v2.30/bin/bin/../../lib/gcc/pic32c/6.2.1\libgcc.a(_ashldi3.o)
 .debug_abbrev  0x00002b64       0x14 c:/program files (x86)/microchip/xc32/v2.30/bin/bin/../../lib/gcc/pic32c/6.2.1\libgcc.a(_arm_cmpdf2.o)
 .debug_abbrev  0x00002b78       0x14 c:/program files (x86)/microchip/xc32/v2.30/bin/bin/../../lib/gcc/pic32c/6.2.1\libgcc.a(_clzsi2.o)
 .debug_abbrev  0x00002b8c       0x14 c:/program files (x86)/microchip/xc32/v2.30/bin/bin/../../lib/gcc/pic32c/6.2.1\libgcc.a(_clzdi2.o)
 .debug_abbrev  0x00002ba0      0x128 c:/program files (x86)/microchip/xc32/v2.30/bin/bin/../../lib/gcc/pic32c/6.2.1\libgcc.a(eqdf2.o)
 .debug_abbrev  0x00002cc8      0x135 c:/program files (x86)/microchip/xc32/v2.30/bin/bin/../../lib/gcc/pic32c/6.2.1\libgcc.a(gedf2.o)
 .debug_abbrev  0x00002dfd      0x12a c:/program files (x86)/microchip/xc32/v2.30/bin/bin/../../lib/gcc/pic32c/6.2.1\libgcc.a(ledf2.o)
 .debug_abbrev  0x00002f27       0xa3 c:/program files (x86)/microchip/xc32/v2.30/bin/bin/../../lib/gcc/pic32c/6.2.1/../../../../pic32c/lib\libc.a(lib_a-init.o)
 .debug_abbrev  0x00002fca      0x1c1 c:/program files (x86)/microchip/xc32/v2.30/bin/bin/../../lib/gcc/pic32c/6.2.1/../../../../pic32c/lib\libc.a(lib_a-memcpy-stub.o)
 .debug_abbrev  0x0000318b      0x23e c:/program files (x86)/microchip/xc32/v2.30/bin/bin/../../lib/gcc/pic32c/6.2.1/../../../../pic32c/lib\libc.a(lib_a-printf.o)
 .debug_abbrev  0x000033c9      0x22f c:/program files (x86)/microchip/xc32/v2.30/bin/bin/../../lib/gcc/pic32c/6.2.1/../../../../pic32c/lib\libc.a(lib_a-sprintf.o)
 .debug_abbrev  0x000035f8      0x31d c:/program files (x86)/microchip/xc32/v2.30/bin/bin/../../lib/gcc/pic32c/6.2.1/../../../../pic32c/lib\libc.a(lib_a-svfprintf.o)
 .debug_abbrev  0x00003915      0x35c c:/program files (x86)/microchip/xc32/v2.30/bin/bin/../../lib/gcc/pic32c/6.2.1/../../../../pic32c/lib\libc.a(lib_a-vfprintf.o)
 .debug_abbrev  0x00003c71      0x23c c:/program files (x86)/microchip/xc32/v2.30/bin/bin/../../lib/gcc/pic32c/6.2.1/../../../../pic32c/lib\libc.a(lib_a-wsetup.o)
 .debug_abbrev  0x00003ead      0x296 c:/program files (x86)/microchip/xc32/v2.30/bin/bin/../../lib/gcc/pic32c/6.2.1/../../../../pic32c/lib\libc.a(lib_a-dtoa.o)
 .debug_abbrev  0x00004143      0x2c0 c:/program files (x86)/microchip/xc32/v2.30/bin/bin/../../lib/gcc/pic32c/6.2.1/../../../../pic32c/lib\libc.a(lib_a-fflush.o)
 .debug_abbrev  0x00004403      0x2d1 c:/program files (x86)/microchip/xc32/v2.30/bin/bin/../../lib/gcc/pic32c/6.2.1/../../../../pic32c/lib\libc.a(lib_a-findfp.o)
 .debug_abbrev  0x000046d4      0x23f c:/program files (x86)/microchip/xc32/v2.30/bin/bin/../../lib/gcc/pic32c/6.2.1/../../../../pic32c/lib\libc.a(lib_a-freer.o)
 .debug_abbrev  0x00004913      0x1f5 c:/program files (x86)/microchip/xc32/v2.30/bin/bin/../../lib/gcc/pic32c/6.2.1/../../../../pic32c/lib\libc.a(lib_a-fwalk.o)
 .debug_abbrev  0x00004b08      0x176 c:/program files (x86)/microchip/xc32/v2.30/bin/bin/../../lib/gcc/pic32c/6.2.1/../../../../pic32c/lib\libc.a(lib_a-impure.o)
 .debug_abbrev  0x00004c7e      0x241 c:/program files (x86)/microchip/xc32/v2.30/bin/bin/../../lib/gcc/pic32c/6.2.1/../../../../pic32c/lib\libc.a(lib_a-localeconv.o)
 .debug_abbrev  0x00004ebf      0x2a9 c:/program files (x86)/microchip/xc32/v2.30/bin/bin/../../lib/gcc/pic32c/6.2.1/../../../../pic32c/lib\libc.a(lib_a-locale.o)
 .debug_abbrev  0x00005168      0x2ad c:/program files (x86)/microchip/xc32/v2.30/bin/bin/../../lib/gcc/pic32c/6.2.1/../../../../pic32c/lib\libc.a(lib_a-makebuf.o)
 .debug_abbrev  0x00005415      0x29b c:/program files (x86)/microchip/xc32/v2.30/bin/bin/../../lib/gcc/pic32c/6.2.1/../../../../pic32c/lib\libc.a(lib_a-mallocr.o)
 .debug_abbrev  0x000056b0      0x212 c:/program files (x86)/microchip/xc32/v2.30/bin/bin/../../lib/gcc/pic32c/6.2.1/../../../../pic32c/lib\libc.a(lib_a-mbtowc_r.o)
 .debug_abbrev  0x000058c2      0x1b2 c:/program files (x86)/microchip/xc32/v2.30/bin/bin/../../lib/gcc/pic32c/6.2.1/../../../../pic32c/lib\libc.a(lib_a-memchr-stub.o)
 .debug_abbrev  0x00005a74      0x1b5 c:/program files (x86)/microchip/xc32/v2.30/bin/bin/../../lib/gcc/pic32c/6.2.1/../../../../pic32c/lib\libc.a(lib_a-memset.o)
 .debug_abbrev  0x00005c29      0x1aa c:/program files (x86)/microchip/xc32/v2.30/bin/bin/../../lib/gcc/pic32c/6.2.1/../../../../pic32c/lib\libc.a(lib_a-mlock.o)
 .debug_abbrev  0x00005dd3      0x348 c:/program files (x86)/microchip/xc32/v2.30/bin/bin/../../lib/gcc/pic32c/6.2.1/../../../../pic32c/lib\libc.a(lib_a-mprec.o)
 .debug_abbrev  0x0000611b      0x1ed c:/program files (x86)/microchip/xc32/v2.30/bin/bin/../../lib/gcc/pic32c/6.2.1/../../../../pic32c/lib\libc.a(lib_a-sbrkr.o)
 .debug_abbrev  0x00006308      0x1f1 c:/program files (x86)/microchip/xc32/v2.30/bin/bin/../../lib/gcc/pic32c/6.2.1/../../../../pic32c/lib\libc.a(lib_a-s_frexp.o)
 .debug_abbrev  0x000064f9      0x269 c:/program files (x86)/microchip/xc32/v2.30/bin/bin/../../lib/gcc/pic32c/6.2.1/../../../../pic32c/lib\libc.a(lib_a-stdio.o)
 .debug_abbrev  0x00006762       0x14 c:/program files (x86)/microchip/xc32/v2.30/bin/bin/../../lib/gcc/pic32c/6.2.1/../../../../pic32c/lib\libc.a(lib_a-strlen.o)
 .debug_abbrev  0x00006776      0x1ab c:/program files (x86)/microchip/xc32/v2.30/bin/bin/../../lib/gcc/pic32c/6.2.1/../../../../pic32c/lib\libc.a(lib_a-strncpy.o)
 .debug_abbrev  0x00006921      0x2c7 c:/program files (x86)/microchip/xc32/v2.30/bin/bin/../../lib/gcc/pic32c/6.2.1/../../../../pic32c/lib\libc.a(lib_a-svfiprintf.o)
 .debug_abbrev  0x00006be8      0x35d c:/program files (x86)/microchip/xc32/v2.30/bin/bin/../../lib/gcc/pic32c/6.2.1/../../../../pic32c/lib\libc.a(lib_a-vfiprintf.o)
 .debug_abbrev  0x00006f45      0x213 c:/program files (x86)/microchip/xc32/v2.30/bin/bin/../../lib/gcc/pic32c/6.2.1/../../../../pic32c/lib\libc.a(lib_a-wctomb_r.o)
 .debug_abbrev  0x00007158      0x1dd c:/program files (x86)/microchip/xc32/v2.30/bin/bin/../../lib/gcc/pic32c/6.2.1/../../../../pic32c/lib\libc.a(lib_a-writer.o)
 .debug_abbrev  0x00007335      0x203 c:/program files (x86)/microchip/xc32/v2.30/bin/bin/../../lib/gcc/pic32c/6.2.1/../../../../pic32c/lib\libc.a(lib_a-callocr.o)
 .debug_abbrev  0x00007538      0x1d8 c:/program files (x86)/microchip/xc32/v2.30/bin/bin/../../lib/gcc/pic32c/6.2.1/../../../../pic32c/lib\libc.a(lib_a-closer.o)
 .debug_abbrev  0x00007710      0x176 c:/program files (x86)/microchip/xc32/v2.30/bin/bin/../../lib/gcc/pic32c/6.2.1/../../../../pic32c/lib\libc.a(lib_a-ctype_.o)
 .debug_abbrev  0x00007886      0x292 c:/program files (x86)/microchip/xc32/v2.30/bin/bin/../../lib/gcc/pic32c/6.2.1/../../../../pic32c/lib\libc.a(lib_a-fclose.o)
 .debug_abbrev  0x00007b18      0x27a c:/program files (x86)/microchip/xc32/v2.30/bin/bin/../../lib/gcc/pic32c/6.2.1/../../../../pic32c/lib\libc.a(lib_a-fputwc.o)
 .debug_abbrev  0x00007d92      0x1d8 c:/program files (x86)/microchip/xc32/v2.30/bin/bin/../../lib/gcc/pic32c/6.2.1/../../../../pic32c/lib\libc.a(lib_a-fstatr.o)
 .debug_abbrev  0x00007f6a      0x263 c:/program files (x86)/microchip/xc32/v2.30/bin/bin/../../lib/gcc/pic32c/6.2.1/../../../../pic32c/lib\libc.a(lib_a-fvwrite.o)
 .debug_abbrev  0x000081cd      0x1d8 c:/program files (x86)/microchip/xc32/v2.30/bin/bin/../../lib/gcc/pic32c/6.2.1/../../../../pic32c/lib\libc.a(lib_a-isattyr.o)
 .debug_abbrev  0x000083a5      0x1d8 c:/program files (x86)/microchip/xc32/v2.30/bin/bin/../../lib/gcc/pic32c/6.2.1/../../../../pic32c/lib\libc.a(lib_a-lseekr.o)
 .debug_abbrev  0x0000857d      0x1ba c:/program files (x86)/microchip/xc32/v2.30/bin/bin/../../lib/gcc/pic32c/6.2.1/../../../../pic32c/lib\libc.a(lib_a-memmove.o)
 .debug_abbrev  0x00008737      0x1d8 c:/program files (x86)/microchip/xc32/v2.30/bin/bin/../../lib/gcc/pic32c/6.2.1/../../../../pic32c/lib\libc.a(lib_a-readr.o)
 .debug_abbrev  0x0000890f      0x252 c:/program files (x86)/microchip/xc32/v2.30/bin/bin/../../lib/gcc/pic32c/6.2.1/../../../../pic32c/lib\libc.a(lib_a-reallocr.o)
 .debug_abbrev  0x00008b61      0x23a c:/program files (x86)/microchip/xc32/v2.30/bin/bin/../../lib/gcc/pic32c/6.2.1/../../../../pic32c/lib\libc.a(lib_a-reent.o)
 .debug_abbrev  0x00008d9b      0x24f c:/program files (x86)/microchip/xc32/v2.30/bin/bin/../../lib/gcc/pic32c/6.2.1/../../../../pic32c/lib\libc.a(lib_a-wbuf.o)
 .debug_abbrev  0x00008fea      0x21a c:/program files (x86)/microchip/xc32/v2.30/bin/bin/../../lib/gcc/pic32c/6.2.1/../../../../pic32c/lib\libc.a(lib_a-wcrtomb.o)
 .debug_abbrev  0x00009204       0x2a c:/program files (x86)/microchip/xc32/v2.30/bin/bin/../../lib/gcc/pic32c/6.2.1/../../../../pic32c/lib\libpic32c.a(_close.o)
 .debug_abbrev  0x0000922e       0x2a c:/program files (x86)/microchip/xc32/v2.30/bin/bin/../../lib/gcc/pic32c/6.2.1/../../../../pic32c/lib\libpic32c.a(_fstat.o)
 .debug_abbrev  0x00009258       0x2a c:/program files (x86)/microchip/xc32/v2.30/bin/bin/../../lib/gcc/pic32c/6.2.1/../../../../pic32c/lib\libpic32c.a(_isatty.o)
 .debug_abbrev  0x00009282       0x2a c:/program files (x86)/microchip/xc32/v2.30/bin/bin/../../lib/gcc/pic32c/6.2.1/../../../../pic32c/lib\libpic32c.a(_lseek.o)
 .debug_abbrev  0x000092ac       0x2a c:/program files (x86)/microchip/xc32/v2.30/bin/bin/../../lib/gcc/pic32c/6.2.1/../../../../pic32c/lib\libpic32c.a(_read.o)
 .debug_abbrev  0x000092d6       0x2a c:/program files (x86)/microchip/xc32/v2.30/bin/bin/../../lib/gcc/pic32c/6.2.1/../../../../pic32c/lib\libpic32c.a(sbrk.o)
 .debug_abbrev  0x00009300       0x2a c:/program files (x86)/microchip/xc32/v2.30/bin/bin/../../lib/gcc/pic32c/6.2.1/../../../../pic32c/lib\libpic32c.a(_write.o)
 .debug_abbrev  0x0000932a       0x2a c:/program files (x86)/microchip/xc32/v2.30/bin/bin/../../lib/gcc/pic32c/6.2.1/../../../../pic32c/lib\libpic32c.a(close.o)
 .debug_abbrev  0x00009354       0x2a c:/program files (x86)/microchip/xc32/v2.30/bin/bin/../../lib/gcc/pic32c/6.2.1/../../../../pic32c/lib\libpic32c.a(fstat.o)
 .debug_abbrev  0x0000937e       0x2a c:/program files (x86)/microchip/xc32/v2.30/bin/bin/../../lib/gcc/pic32c/6.2.1/../../../../pic32c/lib\libpic32c.a(isatty.o)
 .debug_abbrev  0x000093a8       0x2a c:/program files (x86)/microchip/xc32/v2.30/bin/bin/../../lib/gcc/pic32c/6.2.1/../../../../pic32c/lib\libpic32c.a(lseek.o)
 .debug_abbrev  0x000093d2       0x2a c:/program files (x86)/microchip/xc32/v2.30/bin/bin/../../lib/gcc/pic32c/6.2.1/../../../../pic32c/lib\libpic32c.a(read.o)
 .debug_abbrev  0x000093fc       0x2a c:/program files (x86)/microchip/xc32/v2.30/bin/bin/../../lib/gcc/pic32c/6.2.1/../../../../pic32c/lib\libpic32c.a(write.o)
 .debug_abbrev  0x00009426       0x14 c:/program files (x86)/microchip/xc32/v2.30/bin/bin/../../lib/gcc/pic32c/6.2.1\libgcc.a(_udivsi3.o)
 .debug_abbrev  0x0000943a      0x143 c:/program files (x86)/microchip/xc32/v2.30/bin/bin/../../lib/gcc/pic32c/6.2.1\libgcc.a(divdf3.o)
 .debug_abbrev  0x0000957d      0x119 c:/program files (x86)/microchip/xc32/v2.30/bin/bin/../../lib/gcc/pic32c/6.2.1\libgcc.a(unorddf2.o)
 .debug_abbrev  0x00009696      0x118 c:/program files (x86)/microchip/xc32/v2.30/bin/bin/../../lib/gcc/pic32c/6.2.1\libgcc.a(floatunsidf.o)

.debug_loc      0x00000000    0x176b3
 .debug_loc     0x00000000       0xb1 build/sam_l21_xpro/production/_ext/642366816/plib_adc.o
 .debug_loc     0x000000b1      0x3a9 build/sam_l21_xpro/production/_ext/1561563243/plib_dmac.o
 .debug_loc     0x0000045a      0x101 build/sam_l21_xpro/production/_ext/642362817/plib_eic.o
 .debug_loc     0x0000055b       0xfc build/sam_l21_xpro/production/_ext/1561870050/plib_nvic.o
 .debug_loc     0x00000657      0x312 build/sam_l21_xpro/production/_ext/2001216112/plib_nvmctrl.o
 .debug_loc     0x00000969       0x7e build/sam_l21_xpro/production/_ext/394920957/plib_pm.o
 .debug_loc     0x000009e7       0x84 build/sam_l21_xpro/production/_ext/1561923201/plib_port.o
 .debug_loc     0x00000a6b       0xbb build/sam_l21_xpro/production/_ext/642349983/plib_rtc_timer.o
 .debug_loc     0x00000b26      0x459 build/sam_l21_xpro/production/_ext/136921409/plib_sercom2_i2c.o
 .debug_loc     0x00000f7f      0x5b8 build/sam_l21_xpro/production/_ext/37386601/plib_sercom3_usart.o
 .debug_loc     0x00001537       0x42 build/sam_l21_xpro/production/_ext/1562018261/plib_supc.o
 .debug_loc     0x00001579       0x9f build/sam_l21_xpro/production/_ext/1747662870/xc32_monitor.o
 .debug_loc     0x00001618       0x41 build/sam_l21_xpro/production/_ext/929438044/initialization.o
 .debug_loc     0x00001659       0x20 build/sam_l21_xpro/production/_ext/929438044/startup_xc32.o
 .debug_loc     0x00001679       0xc3 build/sam_l21_xpro/production/_ext/1360937237/main.o
 .debug_loc     0x0000173c       0x14 c:/program files (x86)/microchip/xc32/v2.30/bin/bin/../../lib/gcc/pic32c/6.2.1/../../../../pic32c/lib\libpic32c.a(data_init.o)
 .debug_loc     0x00001750       0x49 c:/program files (x86)/microchip/xc32/v2.30/bin/bin/../../lib/gcc/pic32c/6.2.1\libgcc.a(_fixunsdfsi.o)
 .debug_loc     0x00001799      0x29d c:/program files (x86)/microchip/xc32/v2.30/bin/bin/../../lib/gcc/pic32c/6.2.1\libgcc.a(_udivmoddi4.o)
 .debug_loc     0x00001a36     0x147e c:/program files (x86)/microchip/xc32/v2.30/bin/bin/../../lib/gcc/pic32c/6.2.1\libgcc.a(adddf3.o)
 .debug_loc     0x00002eb4      0xfde c:/program files (x86)/microchip/xc32/v2.30/bin/bin/../../lib/gcc/pic32c/6.2.1\libgcc.a(muldf3.o)
 .debug_loc     0x00003e92     0x1362 c:/program files (x86)/microchip/xc32/v2.30/bin/bin/../../lib/gcc/pic32c/6.2.1\libgcc.a(subdf3.o)
 .debug_loc     0x000051f4      0x131 c:/program files (x86)/microchip/xc32/v2.30/bin/bin/../../lib/gcc/pic32c/6.2.1\libgcc.a(fixdfsi.o)
 .debug_loc     0x00005325      0x1c1 c:/program files (x86)/microchip/xc32/v2.30/bin/bin/../../lib/gcc/pic32c/6.2.1\libgcc.a(floatsidf.o)
 .debug_loc     0x000054e6      0x120 c:/program files (x86)/microchip/xc32/v2.30/bin/bin/../../lib/gcc/pic32c/6.2.1\libgcc.a(eqdf2.o)
 .debug_loc     0x00005606      0x26c c:/program files (x86)/microchip/xc32/v2.30/bin/bin/../../lib/gcc/pic32c/6.2.1\libgcc.a(gedf2.o)
 .debug_loc     0x00005872      0x1d5 c:/program files (x86)/microchip/xc32/v2.30/bin/bin/../../lib/gcc/pic32c/6.2.1\libgcc.a(ledf2.o)
 .debug_loc     0x00005a47       0x72 c:/program files (x86)/microchip/xc32/v2.30/bin/bin/../../lib/gcc/pic32c/6.2.1/../../../../pic32c/lib\libc.a(lib_a-init.o)
 .debug_loc     0x00005ab9       0xde c:/program files (x86)/microchip/xc32/v2.30/bin/bin/../../lib/gcc/pic32c/6.2.1/../../../../pic32c/lib\libc.a(lib_a-memcpy-stub.o)
 .debug_loc     0x00005b97       0x8c c:/program files (x86)/microchip/xc32/v2.30/bin/bin/../../lib/gcc/pic32c/6.2.1/../../../../pic32c/lib\libc.a(lib_a-printf.o)
 .debug_loc     0x00005c23       0xfa c:/program files (x86)/microchip/xc32/v2.30/bin/bin/../../lib/gcc/pic32c/6.2.1/../../../../pic32c/lib\libc.a(lib_a-sprintf.o)
 .debug_loc     0x00005d1d     0x2a21 c:/program files (x86)/microchip/xc32/v2.30/bin/bin/../../lib/gcc/pic32c/6.2.1/../../../../pic32c/lib\libc.a(lib_a-svfprintf.o)
 .debug_loc     0x0000873e     0x2cc9 c:/program files (x86)/microchip/xc32/v2.30/bin/bin/../../lib/gcc/pic32c/6.2.1/../../../../pic32c/lib\libc.a(lib_a-vfprintf.o)
 .debug_loc     0x0000b407       0xa1 c:/program files (x86)/microchip/xc32/v2.30/bin/bin/../../lib/gcc/pic32c/6.2.1/../../../../pic32c/lib\libc.a(lib_a-wsetup.o)
 .debug_loc     0x0000b4a8     0x1c45 c:/program files (x86)/microchip/xc32/v2.30/bin/bin/../../lib/gcc/pic32c/6.2.1/../../../../pic32c/lib\libc.a(lib_a-dtoa.o)
 .debug_loc     0x0000d0ed      0x2b7 c:/program files (x86)/microchip/xc32/v2.30/bin/bin/../../lib/gcc/pic32c/6.2.1/../../../../pic32c/lib\libc.a(lib_a-fflush.o)
 .debug_loc     0x0000d3a4      0x2b8 c:/program files (x86)/microchip/xc32/v2.30/bin/bin/../../lib/gcc/pic32c/6.2.1/../../../../pic32c/lib\libc.a(lib_a-findfp.o)
 .debug_loc     0x0000d65c      0x423 c:/program files (x86)/microchip/xc32/v2.30/bin/bin/../../lib/gcc/pic32c/6.2.1/../../../../pic32c/lib\libc.a(lib_a-freer.o)
 .debug_loc     0x0000da7f      0x1c0 c:/program files (x86)/microchip/xc32/v2.30/bin/bin/../../lib/gcc/pic32c/6.2.1/../../../../pic32c/lib\libc.a(lib_a-fwalk.o)
 .debug_loc     0x0000dc3f       0x63 c:/program files (x86)/microchip/xc32/v2.30/bin/bin/../../lib/gcc/pic32c/6.2.1/../../../../pic32c/lib\libc.a(lib_a-localeconv.o)
 .debug_loc     0x0000dca2      0x174 c:/program files (x86)/microchip/xc32/v2.30/bin/bin/../../lib/gcc/pic32c/6.2.1/../../../../pic32c/lib\libc.a(lib_a-locale.o)
 .debug_loc     0x0000de16      0x260 c:/program files (x86)/microchip/xc32/v2.30/bin/bin/../../lib/gcc/pic32c/6.2.1/../../../../pic32c/lib\libc.a(lib_a-makebuf.o)
 .debug_loc     0x0000e076      0x858 c:/program files (x86)/microchip/xc32/v2.30/bin/bin/../../lib/gcc/pic32c/6.2.1/../../../../pic32c/lib\libc.a(lib_a-mallocr.o)
 .debug_loc     0x0000e8ce      0x19a c:/program files (x86)/microchip/xc32/v2.30/bin/bin/../../lib/gcc/pic32c/6.2.1/../../../../pic32c/lib\libc.a(lib_a-mbtowc_r.o)
 .debug_loc     0x0000ea68       0xb4 c:/program files (x86)/microchip/xc32/v2.30/bin/bin/../../lib/gcc/pic32c/6.2.1/../../../../pic32c/lib\libc.a(lib_a-memchr-stub.o)
 .debug_loc     0x0000eb1c       0x72 c:/program files (x86)/microchip/xc32/v2.30/bin/bin/../../lib/gcc/pic32c/6.2.1/../../../../pic32c/lib\libc.a(lib_a-memset.o)
 .debug_loc     0x0000eb8e     0x1cd8 c:/program files (x86)/microchip/xc32/v2.30/bin/bin/../../lib/gcc/pic32c/6.2.1/../../../../pic32c/lib\libc.a(lib_a-mprec.o)
 .debug_loc     0x00010866       0x6d c:/program files (x86)/microchip/xc32/v2.30/bin/bin/../../lib/gcc/pic32c/6.2.1/../../../../pic32c/lib\libc.a(lib_a-sbrkr.o)
 .debug_loc     0x000108d3      0x12d c:/program files (x86)/microchip/xc32/v2.30/bin/bin/../../lib/gcc/pic32c/6.2.1/../../../../pic32c/lib\libc.a(lib_a-s_frexp.o)
 .debug_loc     0x00010a00      0x382 c:/program files (x86)/microchip/xc32/v2.30/bin/bin/../../lib/gcc/pic32c/6.2.1/../../../../pic32c/lib\libc.a(lib_a-stdio.o)
 .debug_loc     0x00010d82      0x12f c:/program files (x86)/microchip/xc32/v2.30/bin/bin/../../lib/gcc/pic32c/6.2.1/../../../../pic32c/lib\libc.a(lib_a-strncpy.o)
 .debug_loc     0x00010eb1     0x15e8 c:/program files (x86)/microchip/xc32/v2.30/bin/bin/../../lib/gcc/pic32c/6.2.1/../../../../pic32c/lib\libc.a(lib_a-svfiprintf.o)
 .debug_loc     0x00012499     0x17f3 c:/program files (x86)/microchip/xc32/v2.30/bin/bin/../../lib/gcc/pic32c/6.2.1/../../../../pic32c/lib\libc.a(lib_a-vfiprintf.o)
 .debug_loc     0x00013c8c       0xf1 c:/program files (x86)/microchip/xc32/v2.30/bin/bin/../../lib/gcc/pic32c/6.2.1/../../../../pic32c/lib\libc.a(lib_a-wctomb_r.o)
 .debug_loc     0x00013d7d       0xc5 c:/program files (x86)/microchip/xc32/v2.30/bin/bin/../../lib/gcc/pic32c/6.2.1/../../../../pic32c/lib\libc.a(lib_a-writer.o)
 .debug_loc     0x00013e42      0x205 c:/program files (x86)/microchip/xc32/v2.30/bin/bin/../../lib/gcc/pic32c/6.2.1/../../../../pic32c/lib\libc.a(lib_a-callocr.o)
 .debug_loc     0x00014047       0x6d c:/program files (x86)/microchip/xc32/v2.30/bin/bin/../../lib/gcc/pic32c/6.2.1/../../../../pic32c/lib\libc.a(lib_a-closer.o)
 .debug_loc     0x000140b4      0x15d c:/program files (x86)/microchip/xc32/v2.30/bin/bin/../../lib/gcc/pic32c/6.2.1/../../../../pic32c/lib\libc.a(lib_a-fclose.o)
 .debug_loc     0x00014211      0x299 c:/program files (x86)/microchip/xc32/v2.30/bin/bin/../../lib/gcc/pic32c/6.2.1/../../../../pic32c/lib\libc.a(lib_a-fputwc.o)
 .debug_loc     0x000144aa       0x99 c:/program files (x86)/microchip/xc32/v2.30/bin/bin/../../lib/gcc/pic32c/6.2.1/../../../../pic32c/lib\libc.a(lib_a-fstatr.o)
 .debug_loc     0x00014543      0x575 c:/program files (x86)/microchip/xc32/v2.30/bin/bin/../../lib/gcc/pic32c/6.2.1/../../../../pic32c/lib\libc.a(lib_a-fvwrite.o)
 .debug_loc     0x00014ab8       0x6d c:/program files (x86)/microchip/xc32/v2.30/bin/bin/../../lib/gcc/pic32c/6.2.1/../../../../pic32c/lib\libc.a(lib_a-isattyr.o)
 .debug_loc     0x00014b25       0xc5 c:/program files (x86)/microchip/xc32/v2.30/bin/bin/../../lib/gcc/pic32c/6.2.1/../../../../pic32c/lib\libc.a(lib_a-lseekr.o)
 .debug_loc     0x00014bea      0x107 c:/program files (x86)/microchip/xc32/v2.30/bin/bin/../../lib/gcc/pic32c/6.2.1/../../../../pic32c/lib\libc.a(lib_a-memmove.o)
 .debug_loc     0x00014cf1       0xc5 c:/program files (x86)/microchip/xc32/v2.30/bin/bin/../../lib/gcc/pic32c/6.2.1/../../../../pic32c/lib\libc.a(lib_a-readr.o)
 .debug_loc     0x00014db6      0xc04 c:/program files (x86)/microchip/xc32/v2.30/bin/bin/../../lib/gcc/pic32c/6.2.1/../../../../pic32c/lib\libc.a(lib_a-reallocr.o)
 .debug_loc     0x000159ba      0x13c c:/program files (x86)/microchip/xc32/v2.30/bin/bin/../../lib/gcc/pic32c/6.2.1/../../../../pic32c/lib\libc.a(lib_a-reent.o)
 .debug_loc     0x00015af6      0x1a2 c:/program files (x86)/microchip/xc32/v2.30/bin/bin/../../lib/gcc/pic32c/6.2.1/../../../../pic32c/lib\libc.a(lib_a-wbuf.o)
 .debug_loc     0x00015c98      0x1cb c:/program files (x86)/microchip/xc32/v2.30/bin/bin/../../lib/gcc/pic32c/6.2.1/../../../../pic32c/lib\libc.a(lib_a-wcrtomb.o)
 .debug_loc     0x00015e63       0x14 c:/program files (x86)/microchip/xc32/v2.30/bin/bin/../../lib/gcc/pic32c/6.2.1/../../../../pic32c/lib\libpic32c.a(_close.o)
 .debug_loc     0x00015e77       0x14 c:/program files (x86)/microchip/xc32/v2.30/bin/bin/../../lib/gcc/pic32c/6.2.1/../../../../pic32c/lib\libpic32c.a(_fstat.o)
 .debug_loc     0x00015e8b       0x14 c:/program files (x86)/microchip/xc32/v2.30/bin/bin/../../lib/gcc/pic32c/6.2.1/../../../../pic32c/lib\libpic32c.a(_isatty.o)
 .debug_loc     0x00015e9f       0x14 c:/program files (x86)/microchip/xc32/v2.30/bin/bin/../../lib/gcc/pic32c/6.2.1/../../../../pic32c/lib\libpic32c.a(_lseek.o)
 .debug_loc     0x00015eb3       0x14 c:/program files (x86)/microchip/xc32/v2.30/bin/bin/../../lib/gcc/pic32c/6.2.1/../../../../pic32c/lib\libpic32c.a(_read.o)
 .debug_loc     0x00015ec7       0x14 c:/program files (x86)/microchip/xc32/v2.30/bin/bin/../../lib/gcc/pic32c/6.2.1/../../../../pic32c/lib\libpic32c.a(_write.o)
 .debug_loc     0x00015edb       0x14 c:/program files (x86)/microchip/xc32/v2.30/bin/bin/../../lib/gcc/pic32c/6.2.1/../../../../pic32c/lib\libpic32c.a(read.o)
 .debug_loc     0x00015eef       0x14 c:/program files (x86)/microchip/xc32/v2.30/bin/bin/../../lib/gcc/pic32c/6.2.1/../../../../pic32c/lib\libpic32c.a(write.o)
 .debug_loc     0x00015f03     0x1513 c:/program files (x86)/microchip/xc32/v2.30/bin/bin/../../lib/gcc/pic32c/6.2.1\libgcc.a(divdf3.o)
 .debug_loc     0x00017416       0xbe c:/program files (x86)/microchip/xc32/v2.30/bin/bin/../../lib/gcc/pic32c/6.2.1\libgcc.a(unorddf2.o)
 .debug_loc     0x000174d4      0x1df c:/program files (x86)/microchip/xc32/v2.30/bin/bin/../../lib/gcc/pic32c/6.2.1\libgcc.a(floatunsidf.o)

.debug_aranges  0x00000000     0x1130
 .debug_aranges
                0x00000000       0x78 build/sam_l21_xpro/production/_ext/642366816/plib_adc.o
 .debug_aranges
                0x00000078       0x20 build/sam_l21_xpro/production/_ext/1162880526/plib_clock.o
 .debug_aranges
                0x00000098       0x58 build/sam_l21_xpro/production/_ext/1561563243/plib_dmac.o
 .debug_aranges
                0x000000f0       0x40 build/sam_l21_xpro/production/_ext/642362817/plib_eic.o
 .debug_aranges
                0x00000130       0x20 build/sam_l21_xpro/production/_ext/1165030012/plib_evsys.o
 .debug_aranges
                0x00000150       0x20 build/sam_l21_xpro/production/_ext/1561870050/plib_nvic.o
 .debug_aranges
                0x00000170       0x70 build/sam_l21_xpro/production/_ext/2001216112/plib_nvmctrl.o
 .debug_aranges
                0x000001e0       0x58 build/sam_l21_xpro/production/_ext/394920957/plib_pm.o
 .debug_aranges
                0x00000238       0x60 build/sam_l21_xpro/production/_ext/1561923201/plib_port.o
 .debug_aranges
                0x00000298       0x70 build/sam_l21_xpro/production/_ext/642349983/plib_rtc_timer.o
 .debug_aranges
                0x00000308       0x68 build/sam_l21_xpro/production/_ext/136921409/plib_sercom2_i2c.o
 .debug_aranges
                0x00000370       0x70 build/sam_l21_xpro/production/_ext/37386601/plib_sercom3_usart.o
 .debug_aranges
                0x000003e0       0x38 build/sam_l21_xpro/production/_ext/1562018261/plib_supc.o
 .debug_aranges
                0x00000418       0x28 build/sam_l21_xpro/production/_ext/1747662870/xc32_monitor.o
 .debug_aranges
                0x00000440       0x20 build/sam_l21_xpro/production/_ext/929438044/initialization.o
 .debug_aranges
                0x00000460       0x20 build/sam_l21_xpro/production/_ext/929438044/interrupts.o
 .debug_aranges
                0x00000480       0x28 build/sam_l21_xpro/production/_ext/929438044/exceptions.o
 .debug_aranges
                0x000004a8       0x20 build/sam_l21_xpro/production/_ext/929438044/startup_xc32.o
 .debug_aranges
                0x000004c8       0x40 build/sam_l21_xpro/production/_ext/1360937237/main.o
 .debug_aranges
                0x00000508       0x20 c:/program files (x86)/microchip/xc32/v2.30/bin/bin/../../lib/gcc/pic32c/6.2.1/../../../../pic32c/lib\libpic32c.a(data_init.o)
 .debug_aranges
                0x00000528       0x20 c:/program files (x86)/microchip/xc32/v2.30/bin/bin/../../lib/gcc/pic32c/6.2.1\libgcc.a(_divsi3.o)
 .debug_aranges
                0x00000548       0x20 c:/program files (x86)/microchip/xc32/v2.30/bin/bin/../../lib/gcc/pic32c/6.2.1\libgcc.a(_dvmd_tls.o)
 .debug_aranges
                0x00000568       0x20 c:/program files (x86)/microchip/xc32/v2.30/bin/bin/../../lib/gcc/pic32c/6.2.1\libgcc.a(_aeabi_uldivmod.o)
 .debug_aranges
                0x00000588       0x20 c:/program files (x86)/microchip/xc32/v2.30/bin/bin/../../lib/gcc/pic32c/6.2.1\libgcc.a(_fixunsdfsi.o)
 .debug_aranges
                0x000005a8       0x20 c:/program files (x86)/microchip/xc32/v2.30/bin/bin/../../lib/gcc/pic32c/6.2.1\libgcc.a(_udivmoddi4.o)
 .debug_aranges
                0x000005c8       0x20 c:/program files (x86)/microchip/xc32/v2.30/bin/bin/../../lib/gcc/pic32c/6.2.1\libgcc.a(adddf3.o)
 .debug_aranges
                0x000005e8       0x20 c:/program files (x86)/microchip/xc32/v2.30/bin/bin/../../lib/gcc/pic32c/6.2.1\libgcc.a(muldf3.o)
 .debug_aranges
                0x00000608       0x20 c:/program files (x86)/microchip/xc32/v2.30/bin/bin/../../lib/gcc/pic32c/6.2.1\libgcc.a(subdf3.o)
 .debug_aranges
                0x00000628       0x20 c:/program files (x86)/microchip/xc32/v2.30/bin/bin/../../lib/gcc/pic32c/6.2.1\libgcc.a(fixdfsi.o)
 .debug_aranges
                0x00000648       0x20 c:/program files (x86)/microchip/xc32/v2.30/bin/bin/../../lib/gcc/pic32c/6.2.1\libgcc.a(floatsidf.o)
 .debug_aranges
                0x00000668       0x20 c:/program files (x86)/microchip/xc32/v2.30/bin/bin/../../lib/gcc/pic32c/6.2.1\libgcc.a(_thumb1_case_uqi.o)
 .debug_aranges
                0x00000688       0x20 c:/program files (x86)/microchip/xc32/v2.30/bin/bin/../../lib/gcc/pic32c/6.2.1\libgcc.a(_thumb1_case_uhi.o)
 .debug_aranges
                0x000006a8       0x20 c:/program files (x86)/microchip/xc32/v2.30/bin/bin/../../lib/gcc/pic32c/6.2.1\libgcc.a(_lshrdi3.o)
 .debug_aranges
                0x000006c8       0x20 c:/program files (x86)/microchip/xc32/v2.30/bin/bin/../../lib/gcc/pic32c/6.2.1\libgcc.a(_ashldi3.o)
 .debug_aranges
                0x000006e8       0x20 c:/program files (x86)/microchip/xc32/v2.30/bin/bin/../../lib/gcc/pic32c/6.2.1\libgcc.a(_arm_cmpdf2.o)
 .debug_aranges
                0x00000708       0x20 c:/program files (x86)/microchip/xc32/v2.30/bin/bin/../../lib/gcc/pic32c/6.2.1\libgcc.a(_clzsi2.o)
 .debug_aranges
                0x00000728       0x20 c:/program files (x86)/microchip/xc32/v2.30/bin/bin/../../lib/gcc/pic32c/6.2.1\libgcc.a(_clzdi2.o)
 .debug_aranges
                0x00000748       0x20 c:/program files (x86)/microchip/xc32/v2.30/bin/bin/../../lib/gcc/pic32c/6.2.1\libgcc.a(eqdf2.o)
 .debug_aranges
                0x00000768       0x20 c:/program files (x86)/microchip/xc32/v2.30/bin/bin/../../lib/gcc/pic32c/6.2.1\libgcc.a(gedf2.o)
 .debug_aranges
                0x00000788       0x20 c:/program files (x86)/microchip/xc32/v2.30/bin/bin/../../lib/gcc/pic32c/6.2.1\libgcc.a(ledf2.o)
 .debug_aranges
                0x000007a8       0x20 c:/program files (x86)/microchip/xc32/v2.30/bin/bin/../../lib/gcc/pic32c/6.2.1/../../../../pic32c/lib\libc.a(lib_a-init.o)
 .debug_aranges
                0x000007c8       0x20 c:/program files (x86)/microchip/xc32/v2.30/bin/bin/../../lib/gcc/pic32c/6.2.1/../../../../pic32c/lib\libc.a(lib_a-memcpy-stub.o)
 .debug_aranges
                0x000007e8       0x28 c:/program files (x86)/microchip/xc32/v2.30/bin/bin/../../lib/gcc/pic32c/6.2.1/../../../../pic32c/lib\libc.a(lib_a-printf.o)
 .debug_aranges
                0x00000810       0x28 c:/program files (x86)/microchip/xc32/v2.30/bin/bin/../../lib/gcc/pic32c/6.2.1/../../../../pic32c/lib\libc.a(lib_a-sprintf.o)
 .debug_aranges
                0x00000838       0x20 c:/program files (x86)/microchip/xc32/v2.30/bin/bin/../../lib/gcc/pic32c/6.2.1/../../../../pic32c/lib\libc.a(lib_a-svfprintf.o)
 .debug_aranges
                0x00000858       0x30 c:/program files (x86)/microchip/xc32/v2.30/bin/bin/../../lib/gcc/pic32c/6.2.1/../../../../pic32c/lib\libc.a(lib_a-vfprintf.o)
 .debug_aranges
                0x00000888       0x20 c:/program files (x86)/microchip/xc32/v2.30/bin/bin/../../lib/gcc/pic32c/6.2.1/../../../../pic32c/lib\libc.a(lib_a-wsetup.o)
 .debug_aranges
                0x000008a8       0x28 c:/program files (x86)/microchip/xc32/v2.30/bin/bin/../../lib/gcc/pic32c/6.2.1/../../../../pic32c/lib\libc.a(lib_a-dtoa.o)
 .debug_aranges
                0x000008d0       0x30 c:/program files (x86)/microchip/xc32/v2.30/bin/bin/../../lib/gcc/pic32c/6.2.1/../../../../pic32c/lib\libc.a(lib_a-fflush.o)
 .debug_aranges
                0x00000900       0x48 c:/program files (x86)/microchip/xc32/v2.30/bin/bin/../../lib/gcc/pic32c/6.2.1/../../../../pic32c/lib\libc.a(lib_a-findfp.o)
 .debug_aranges
                0x00000948       0x28 c:/program files (x86)/microchip/xc32/v2.30/bin/bin/../../lib/gcc/pic32c/6.2.1/../../../../pic32c/lib\libc.a(lib_a-freer.o)
 .debug_aranges
                0x00000970       0x28 c:/program files (x86)/microchip/xc32/v2.30/bin/bin/../../lib/gcc/pic32c/6.2.1/../../../../pic32c/lib\libc.a(lib_a-fwalk.o)
 .debug_aranges
                0x00000998       0x18 c:/program files (x86)/microchip/xc32/v2.30/bin/bin/../../lib/gcc/pic32c/6.2.1/../../../../pic32c/lib\libc.a(lib_a-impure.o)
 .debug_aranges
                0x000009b0       0x30 c:/program files (x86)/microchip/xc32/v2.30/bin/bin/../../lib/gcc/pic32c/6.2.1/../../../../pic32c/lib\libc.a(lib_a-localeconv.o)
 .debug_aranges
                0x000009e0       0x40 c:/program files (x86)/microchip/xc32/v2.30/bin/bin/../../lib/gcc/pic32c/6.2.1/../../../../pic32c/lib\libc.a(lib_a-locale.o)
 .debug_aranges
                0x00000a20       0x28 c:/program files (x86)/microchip/xc32/v2.30/bin/bin/../../lib/gcc/pic32c/6.2.1/../../../../pic32c/lib\libc.a(lib_a-makebuf.o)
 .debug_aranges
                0x00000a48       0x20 c:/program files (x86)/microchip/xc32/v2.30/bin/bin/../../lib/gcc/pic32c/6.2.1/../../../../pic32c/lib\libc.a(lib_a-mallocr.o)
 .debug_aranges
                0x00000a68       0x28 c:/program files (x86)/microchip/xc32/v2.30/bin/bin/../../lib/gcc/pic32c/6.2.1/../../../../pic32c/lib\libc.a(lib_a-mbtowc_r.o)
 .debug_aranges
                0x00000a90       0x20 c:/program files (x86)/microchip/xc32/v2.30/bin/bin/../../lib/gcc/pic32c/6.2.1/../../../../pic32c/lib\libc.a(lib_a-memchr-stub.o)
 .debug_aranges
                0x00000ab0       0x20 c:/program files (x86)/microchip/xc32/v2.30/bin/bin/../../lib/gcc/pic32c/6.2.1/../../../../pic32c/lib\libc.a(lib_a-memset.o)
 .debug_aranges
                0x00000ad0       0x20 c:/program files (x86)/microchip/xc32/v2.30/bin/bin/../../lib/gcc/pic32c/6.2.1/../../../../pic32c/lib\libc.a(lib_a-mlock.o)
 .debug_aranges
                0x00000af0       0xb0 c:/program files (x86)/microchip/xc32/v2.30/bin/bin/../../lib/gcc/pic32c/6.2.1/../../../../pic32c/lib\libc.a(lib_a-mprec.o)
 .debug_aranges
                0x00000ba0       0x20 c:/program files (x86)/microchip/xc32/v2.30/bin/bin/../../lib/gcc/pic32c/6.2.1/../../../../pic32c/lib\libc.a(lib_a-sbrkr.o)
 .debug_aranges
                0x00000bc0       0x20 c:/program files (x86)/microchip/xc32/v2.30/bin/bin/../../lib/gcc/pic32c/6.2.1/../../../../pic32c/lib\libc.a(lib_a-s_frexp.o)
 .debug_aranges
                0x00000be0       0x40 c:/program files (x86)/microchip/xc32/v2.30/bin/bin/../../lib/gcc/pic32c/6.2.1/../../../../pic32c/lib\libc.a(lib_a-stdio.o)
 .debug_aranges
                0x00000c20       0x20 c:/program files (x86)/microchip/xc32/v2.30/bin/bin/../../lib/gcc/pic32c/6.2.1/../../../../pic32c/lib\libc.a(lib_a-strlen.o)
 .debug_aranges
                0x00000c40       0x20 c:/program files (x86)/microchip/xc32/v2.30/bin/bin/../../lib/gcc/pic32c/6.2.1/../../../../pic32c/lib\libc.a(lib_a-strncpy.o)
 .debug_aranges
                0x00000c60       0x28 c:/program files (x86)/microchip/xc32/v2.30/bin/bin/../../lib/gcc/pic32c/6.2.1/../../../../pic32c/lib\libc.a(lib_a-svfiprintf.o)
 .debug_aranges
                0x00000c88       0x38 c:/program files (x86)/microchip/xc32/v2.30/bin/bin/../../lib/gcc/pic32c/6.2.1/../../../../pic32c/lib\libc.a(lib_a-vfiprintf.o)
 .debug_aranges
                0x00000cc0       0x28 c:/program files (x86)/microchip/xc32/v2.30/bin/bin/../../lib/gcc/pic32c/6.2.1/../../../../pic32c/lib\libc.a(lib_a-wctomb_r.o)
 .debug_aranges
                0x00000ce8       0x20 c:/program files (x86)/microchip/xc32/v2.30/bin/bin/../../lib/gcc/pic32c/6.2.1/../../../../pic32c/lib\libc.a(lib_a-writer.o)
 .debug_aranges
                0x00000d08       0x20 c:/program files (x86)/microchip/xc32/v2.30/bin/bin/../../lib/gcc/pic32c/6.2.1/../../../../pic32c/lib\libc.a(lib_a-callocr.o)
 .debug_aranges
                0x00000d28       0x20 c:/program files (x86)/microchip/xc32/v2.30/bin/bin/../../lib/gcc/pic32c/6.2.1/../../../../pic32c/lib\libc.a(lib_a-closer.o)
 .debug_aranges
                0x00000d48       0x18 c:/program files (x86)/microchip/xc32/v2.30/bin/bin/../../lib/gcc/pic32c/6.2.1/../../../../pic32c/lib\libc.a(lib_a-ctype_.o)
 .debug_aranges
                0x00000d60       0x28 c:/program files (x86)/microchip/xc32/v2.30/bin/bin/../../lib/gcc/pic32c/6.2.1/../../../../pic32c/lib\libc.a(lib_a-fclose.o)
 .debug_aranges
                0x00000d88       0x30 c:/program files (x86)/microchip/xc32/v2.30/bin/bin/../../lib/gcc/pic32c/6.2.1/../../../../pic32c/lib\libc.a(lib_a-fputwc.o)
 .debug_aranges
                0x00000db8       0x20 c:/program files (x86)/microchip/xc32/v2.30/bin/bin/../../lib/gcc/pic32c/6.2.1/../../../../pic32c/lib\libc.a(lib_a-fstatr.o)
 .debug_aranges
                0x00000dd8       0x20 c:/program files (x86)/microchip/xc32/v2.30/bin/bin/../../lib/gcc/pic32c/6.2.1/../../../../pic32c/lib\libc.a(lib_a-fvwrite.o)
 .debug_aranges
                0x00000df8       0x20 c:/program files (x86)/microchip/xc32/v2.30/bin/bin/../../lib/gcc/pic32c/6.2.1/../../../../pic32c/lib\libc.a(lib_a-isattyr.o)
 .debug_aranges
                0x00000e18       0x20 c:/program files (x86)/microchip/xc32/v2.30/bin/bin/../../lib/gcc/pic32c/6.2.1/../../../../pic32c/lib\libc.a(lib_a-lseekr.o)
 .debug_aranges
                0x00000e38       0x20 c:/program files (x86)/microchip/xc32/v2.30/bin/bin/../../lib/gcc/pic32c/6.2.1/../../../../pic32c/lib\libc.a(lib_a-memmove.o)
 .debug_aranges
                0x00000e58       0x20 c:/program files (x86)/microchip/xc32/v2.30/bin/bin/../../lib/gcc/pic32c/6.2.1/../../../../pic32c/lib\libc.a(lib_a-readr.o)
 .debug_aranges
                0x00000e78       0x20 c:/program files (x86)/microchip/xc32/v2.30/bin/bin/../../lib/gcc/pic32c/6.2.1/../../../../pic32c/lib\libc.a(lib_a-reallocr.o)
 .debug_aranges
                0x00000e98       0x28 c:/program files (x86)/microchip/xc32/v2.30/bin/bin/../../lib/gcc/pic32c/6.2.1/../../../../pic32c/lib\libc.a(lib_a-reent.o)
 .debug_aranges