Archive member included to satisfy reference by file (symbol)

c:/program files (x86)/microchip/xc32/v2.30/bin/bin/../../lib/gcc/pic32c/6.2.1/../../../../pic32c/lib\libpic32c.a(data_init.o)
                              build/sam_d21_cnano/production/_ext/303072328/startup_xc32.o (__pic32c_data_initialization)
c:/program files (x86)/microchip/xc32/v2.30/bin/bin/../../lib/gcc/pic32c/6.2.1\libgcc.a(_aeabi_uldivmod.o)
                              build/sam_d21_cnano/production/_ext/690426493/plib_sercom5_usart.o (__aeabi_uldivmod)
c:/program files (x86)/microchip/xc32/v2.30/bin/bin/../../lib/gcc/pic32c/6.2.1\libgcc.a(_muldi3.o)
                              build/sam_d21_cnano/production/_ext/690426493/plib_sercom5_usart.o (__aeabi_lmul)
c:/program files (x86)/microchip/xc32/v2.30/bin/bin/../../lib/gcc/pic32c/6.2.1\libgcc.a(_udivmoddi4.o)
                              c:/program files (x86)/microchip/xc32/v2.30/bin/bin/../../lib/gcc/pic32c/6.2.1\libgcc.a(_aeabi_uldivmod.o) (__udivmoddi4)
c:/program files (x86)/microchip/xc32/v2.30/bin/bin/../../lib/gcc/pic32c/6.2.1\libgcc.a(_dvmd_tls.o)
                              c:/program files (x86)/microchip/xc32/v2.30/bin/bin/../../lib/gcc/pic32c/6.2.1\libgcc.a(_aeabi_uldivmod.o) (__aeabi_ldiv0)
c:/program files (x86)/microchip/xc32/v2.30/bin/bin/../../lib/gcc/pic32c/6.2.1\libgcc.a(_lshrdi3.o)
                              c:/program files (x86)/microchip/xc32/v2.30/bin/bin/../../lib/gcc/pic32c/6.2.1\libgcc.a(_udivmoddi4.o) (__aeabi_llsr)
c:/program files (x86)/microchip/xc32/v2.30/bin/bin/../../lib/gcc/pic32c/6.2.1\libgcc.a(_ashldi3.o)
                              c:/program files (x86)/microchip/xc32/v2.30/bin/bin/../../lib/gcc/pic32c/6.2.1\libgcc.a(_udivmoddi4.o) (__aeabi_llsl)
c:/program files (x86)/microchip/xc32/v2.30/bin/bin/../../lib/gcc/pic32c/6.2.1\libgcc.a(_clzdi2.o)
                              c:/program files (x86)/microchip/xc32/v2.30/bin/bin/../../lib/gcc/pic32c/6.2.1\libgcc.a(_udivmoddi4.o) (__clzdi2)
c:/program files (x86)/microchip/xc32/v2.30/bin/bin/../../lib/gcc/pic32c/6.2.1\libgcc.a(_clzsi2.o)
                              c:/program files (x86)/microchip/xc32/v2.30/bin/bin/../../lib/gcc/pic32c/6.2.1\libgcc.a(_clzdi2.o) (__clzsi2)
c:/program files (x86)/microchip/xc32/v2.30/bin/bin/../../lib/gcc/pic32c/6.2.1/../../../../pic32c/lib\libc.a(lib_a-init.o)
                              build/sam_d21_cnano/production/_ext/303072328/startup_xc32.o (__libc_init_array)
c:/program files (x86)/microchip/xc32/v2.30/bin/bin/../../lib/gcc/pic32c/6.2.1/../../../../pic32c/lib\libc.a(lib_a-memcpy-stub.o)
                              build/sam_d21_cnano/production/_ext/1438831396/plib_nvmctrl.o (memcpy)
c:/program files (x86)/microchip/xc32/v2.30/bin/bin/../../lib/gcc/pic32c/6.2.1/../../../../pic32c/lib\libc.a(lib_a-memset.o)
                              build/sam_d21_cnano/production/_ext/1360937237/main_samd21_cnano.o (memset)
c:/program files (x86)/microchip/xc32/v2.30/bin/bin/../../lib/gcc/pic32c/6.2.1/../../../../pic32c/lib\libc.a(lib_a-strlen.o)
                              build/sam_d21_cnano/production/_ext/1360937237/main_samd21_cnano.o (strlen)
c:/program files (x86)/microchip/xc32/v2.30/bin/bin/../../lib/gcc/pic32c/6.2.1/../../../../pic32c/lib\libc.a(sprintf.s.o)
                              (_sprintf_s)
c:/program files (x86)/microchip/xc32/v2.30/bin/bin/../../lib/gcc/pic32c/6.2.1/../../../../pic32c/lib\libc.a(vfprintf.s.o)
                              c:/program files (x86)/microchip/xc32/v2.30/bin/bin/../../lib/gcc/pic32c/6.2.1/../../../../pic32c/lib\libc.a(sprintf.s.o) (_vfprintf_s)
c:/program files (x86)/microchip/xc32/v2.30/bin/bin/../../lib/gcc/pic32c/6.2.1/../../../../pic32c/lib\libc.a(lib_a-fflush.o)
                              c:/program files (x86)/microchip/xc32/v2.30/bin/bin/../../lib/gcc/pic32c/6.2.1/../../../../pic32c/lib\libc.a(vfprintf.s.o) (_fflush_r)
c:/program files (x86)/microchip/xc32/v2.30/bin/bin/../../lib/gcc/pic32c/6.2.1/../../../../pic32c/lib\libc.a(lib_a-findfp.o)
                              c:/program files (x86)/microchip/xc32/v2.30/bin/bin/../../lib/gcc/pic32c/6.2.1/../../../../pic32c/lib\libc.a(vfprintf.s.o) (__sinit)
c:/program files (x86)/microchip/xc32/v2.30/bin/bin/../../lib/gcc/pic32c/6.2.1/../../../../pic32c/lib\libc.a(lib_a-freer.o)
                              c:/program files (x86)/microchip/xc32/v2.30/bin/bin/../../lib/gcc/pic32c/6.2.1/../../../../pic32c/lib\libc.a(lib_a-fflush.o) (_free_r)
c:/program files (x86)/microchip/xc32/v2.30/bin/bin/../../lib/gcc/pic32c/6.2.1/../../../../pic32c/lib\libc.a(lib_a-fwalk.o)
                              c:/program files (x86)/microchip/xc32/v2.30/bin/bin/../../lib/gcc/pic32c/6.2.1/../../../../pic32c/lib\libc.a(lib_a-fflush.o) (_fwalk_reent)
c:/program files (x86)/microchip/xc32/v2.30/bin/bin/../../lib/gcc/pic32c/6.2.1/../../../../pic32c/lib\libc.a(lib_a-impure.o)
[...]
Memory Configuration

Name             Origin             Length             Attributes
rom              0x00000000         0x00020000         xrl
ram              0x20000000         0x00004000         xw !r
config_00804000  0x00804000         0x00000004
config_00804004  0x00804004         0x00000004
*default*        0x00000000         0xffffffff

Linker script and memory map

LOAD c:/program files (x86)/microchip/xc32/v2.30/bin/bin/../../lib/gcc/pic32c/6.2.1/crti.o
LOAD c:/program files (x86)/microchip/xc32/v2.30/bin/bin/../../lib/gcc/pic32c/6.2.1/crtbegin.o
LOAD build/sam_d21_cnano/production/_ext/1912828066/plib_clock.o
LOAD build/sam_d21_cnano/production/_ext/1447207767/plib_dmac.o
LOAD build/sam_d21_cnano/production/_ext/1847800275/plib_eic.o
LOAD build/sam_d21_cnano/production/_ext/1914977552/plib_evsys.o
LOAD build/sam_d21_cnano/production/_ext/1447514574/plib_nvic.o
LOAD build/sam_d21_cnano/production/_ext/1438831396/plib_nvmctrl.o
LOAD build/sam_d21_cnano/production/_ext/1447567725/plib_port.o
LOAD build/sam_d21_cnano/production/_ext/1847813109/plib_rtc_timer.o
LOAD build/sam_d21_cnano/production/_ext/690426493/plib_sercom5_usart.o
LOAD build/sam_d21_cnano/production/_ext/874299906/xc32_monitor.o
LOAD build/sam_d21_cnano/production/_ext/303072328/initialization.o
LOAD build/sam_d21_cnano/production/_ext/303072328/interrupts.o
LOAD build/sam_d21_cnano/production/_ext/303072328/exceptions.o
LOAD build/sam_d21_cnano/production/_ext/303072328/startup_xc32.o
LOAD build/sam_d21_cnano/production/_ext/303072328/libc_syscalls.o
LOAD build/sam_d21_cnano/production/_ext/1360937237/main_samd21_cnano.o
                0x00000001                __MPLAB_BUILD = 0x1
                0x00000200                _min_heap_size = 0x200
START GROUP
LOAD c:/program files (x86)/microchip/xc32/v2.30/bin/bin/../../lib/gcc/pic32c/6.2.1/../../../../pic32c/lib\libpic32c.a
LOAD c:/program files (x86)/microchip/xc32/v2.30/bin/bin/../../lib/gcc/pic32c/6.2.1\libgcc.a
LOAD c:/program files (x86)/microchip/xc32/v2.30/bin/bin/../../lib/gcc/pic32c/6.2.1/../../../../pic32c/lib\libc.a
LOAD c:/program files (x86)/microchip/xc32/v2.30/bin/bin/../../lib/gcc/pic32c/6.2.1/../../../../pic32c/lib\libm.a
END GROUP
LOAD c:/program files (x86)/microchip/xc32/v2.30/bin/bin/../../lib/gcc/pic32c/6.2.1/crtend.o
LOAD c:/program files (x86)/microchip/xc32/v2.30/bin/bin/../../lib/gcc/pic32c/6.2.1/crtn.o
                0x00020000                __rom_end = (ORIGIN (rom) + LENGTH (rom))
                0x20004000                __ram_end = (ORIGIN (ram) + LENGTH (ram))

.config_00804000
                0x00804000        0x4
 *(.config_00804000)
 .config_00804000
                0x00804000        0x4 build/sam_d21_cnano/production/_ext/303072328/initialization.o

.config_00804004
                0x00804004        0x4
 *(.config_00804004)
 .config_00804004
                0x00804004        0x4 build/sam_d21_cnano/production/_ext/303072328/initialization.o

.vectors        0x00000000       0xb8
                0x00000000                . = ALIGN (0x4)
                0x00000000                _sfixed = .
 *(.vectors .vectors.* .vectors_default .vectors_default.*)
 .vectors       0x00000000       0xb8 build/sam_d21_cnano/production/_ext/303072328/interrupts.o
                0x00000000                exception_table
 *(.isr_vector)
 *(.reset*)
 *(.after_vectors)

.text           0x000000b8       0x20
                0x000000b8                . = ALIGN (0x4)
 *(.glue_7t)
 .glue_7t       0x000000b8        0x0 linker stubs
 *(.glue_7)
 .glue_7        0x000000b8        0x0 linker stubs
 *(.gnu.linkonce.r.*)
 *(.ARM.extab* .gnu.linkonce.armextab.*)
                0x000000b8                . = ALIGN (0x4)
 *(.init)
 .init          0x000000b8        0x4 c:/program files (x86)/microchip/xc32/v2.30/bin/bin/../../lib/gcc/pic32c/6.2.1/crti.o
                0x000000b8                _init
 .init          0x000000bc        0x8 c:/program files (x86)/microchip/xc32/v2.30/bin/bin/../../lib/gcc/pic32c/6.2.1/crtn.o
                0x000000c4                . = ALIGN (0x4)
                0x000000c4                __preinit_array_start = .
 *(.preinit_array)
                0x000000c4                __preinit_array_end = .
                0x000000c4                . = ALIGN (0x4)
                0x000000c4                __init_array_start = .
 *(SORT(.init_array.*))
 *(.init_array)
 .init_array    0x000000c4        0x4 c:/program files (x86)/microchip/xc32/v2.30/bin/bin/../../lib/gcc/pic32c/6.2.1/crtbegin.o
                0x000000c8                __init_array_end = .
                0x000000c8                . = ALIGN (0x4)
 *crtbegin.o(.ctors)
 *(EXCLUDE_FILE(*crtend.o) .ctors)
 *(SORT(.ctors.*))
 *crtend.o(.ctors)
                0x000000c8                . = ALIGN (0x4)
 *(.fini)
 .fini          0x000000c8        0x4 c:/program files (x86)/microchip/xc32/v2.30/bin/bin/../../lib/gcc/pic32c/6.2.1/crti.o
                0x000000c8                _fini
 .fini          0x000000cc        0x8 c:/program files (x86)/microchip/xc32/v2.30/bin/bin/../../lib/gcc/pic32c/6.2.1/crtn.o
                0x000000d4                . = ALIGN (0x4)
                0x000000d4                __fini_array_start = .
 *(.fini_array)
 .fini_array    0x000000d4        0x4 c:/program files (x86)/microchip/xc32/v2.30/bin/bin/../../lib/gcc/pic32c/6.2.1/crtbegin.o
 *(SORT(.fini_array.*))
                0x000000d8                __fini_array_end = .
 *crtbegin.o(.dtors)
 *(EXCLUDE_FILE(*crtend.o) .dtors)
 *(SORT(.dtors.*))
 *crtend.o(.dtors)
                0x000000d8                . = ALIGN (0x4)
                0x000000d8                _efixed = .
                [!provide]                PROVIDE (__exidx_start, .)

.ARM.exidx
 *(.ARM.exidx* .gnu.linkonce.armexidx.*)
                [!provide]                PROVIDE (__exidx_end, .)
                0x000000d8                . = ALIGN (0x4)
                0x000000d8                _etext = .

.bss            0x20000000       0xe0
                0x20000000                . = ALIGN (0x4)
                0x20000000                __bss_start__ = .
                0x20000000                _sbss = .
                0x20000000                _szero = .
 *(COMMON)
 COMMON         0x20000000       0x10 build/sam_d21_cnano/production/_ext/1447207767/plib_dmac.o
                0x20000000                dmacChannelObj
 COMMON         0x20000010       0xc0 build/sam_d21_cnano/production/_ext/1847800275/plib_eic.o
                0x20000010                eicCallbackObject
 COMMON         0x200000d0        0xc build/sam_d21_cnano/production/_ext/1847813109/plib_rtc_timer.o
                0x200000d0                rtcObj
 COMMON         0x200000dc        0x4 c:/program files (x86)/microchip/xc32/v2.30/bin/bin/../../lib/gcc/pic32c/6.2.1/../../../../pic32c/lib\libc.a(lib_a-reent.o)
                0x200000dc                errno
                0x200000e0                . = ALIGN (0x4)
                0x200000e0                __bss_end__ = .
                0x200000e0                _ebss = .
                0x200000e0                _ezero = .
                0x200000e0                . = ALIGN (0x4)
                0x200000e0                _end = .
                0x20003fff                _ram_end_ = ((ORIGIN (ram) + LENGTH (ram)) - 0x1)
OUTPUT(dist/sam_d21_cnano/production/sam_d21_cnano.X.production.elf elf32-littlearm)
LOAD stack
LOAD data_init

.ARM.attributes
                0x00000000       0x28
 .ARM.attributes
                0x00000000       0x1e c:/program files (x86)/microchip/xc32/v2.30/bin/bin/../../lib/gcc/pic32c/6.2.1/crti.o
 .ARM.attributes
                0x0000001e       0x2c c:/program files (x86)/microchip/xc32/v2.30/bin/bin/../../lib/gcc/pic32c/6.2.1/crtbegin.o
 .ARM.attributes
                0x0000004a       0x32 build/sam_d21_cnano/production/_ext/1912828066/plib_clock.o
 .ARM.attributes
                0x0000007c       0x32 build/sam_d21_cnano/production/_ext/1447207767/plib_dmac.o
 .ARM.attributes
                0x000000ae       0x32 build/sam_d21_cnano/production/_ext/1847800275/plib_eic.o
 .ARM.attributes
                0x000000e0       0x32 build/sam_d21_cnano/production/_ext/1914977552/plib_evsys.o
 .ARM.attributes
                0x00000112       0x32 build/sam_d21_cnano/production/_ext/1447514574/plib_nvic.o
 .ARM.attributes
                0x00000144       0x32 build/sam_d21_cnano/production/_ext/1438831396/plib_nvmctrl.o
 .ARM.attributes
                0x00000176       0x32 build/sam_d21_cnano/production/_ext/1447567725/plib_port.o
 .ARM.attributes
                0x000001a8       0x32 build/sam_d21_cnano/production/_ext/1847813109/plib_rtc_timer.o
 .ARM.attributes
                0x000001da       0x32 build/sam_d21_cnano/production/_ext/690426493/plib_sercom5_usart.o
 .ARM.attributes
                0x0000020c       0x32 build/sam_d21_cnano/production/_ext/874299906/xc32_monitor.o
 .ARM.attributes
                0x0000023e       0x32 build/sam_d21_cnano/production/_ext/303072328/initialization.o
 .ARM.attributes
                0x00000270       0x32 build/sam_d21_cnano/production/_ext/303072328/interrupts.o
 .ARM.attributes
                0x000002a2       0x32 build/sam_d21_cnano/production/_ext/303072328/exceptions.o
 .ARM.attributes
                0x000002d4       0x32 build/sam_d21_cnano/production/_ext/303072328/startup_xc32.o
 .ARM.attributes
                0x00000306       0x32 build/sam_d21_cnano/production/_ext/1360937237/main_samd21_cnano.o
 .ARM.attributes
                0x00000338       0x2c c:/program files (x86)/microchip/xc32/v2.30/bin/bin/../../lib/gcc/pic32c/6.2.1/../../../../pic32c/lib\libpic32c.a(data_init.o)
 .ARM.attributes
                0x00000364       0x1e c:/program files (x86)/microchip/xc32/v2.30/bin/bin/../../lib/gcc/pic32c/6.2.1\libgcc.a(_dvmd_tls.o)
 .ARM.attributes
                0x00000382       0x2c c:/program files (x86)/microchip/xc32/v2.30/bin/bin/../../lib/gcc/pic32c/6.2.1/../../../../pic32c/lib\libc.a(lib_a-init.o)
 .ARM.attributes
                0x000003ae       0x2c c:/program files (x86)/microchip/xc32/v2.30/bin/bin/../../lib/gcc/pic32c/6.2.1/../../../../pic32c/lib\libc.a(lib_a-memcpy-stub.o)
 .ARM.attributes
                0x000003da       0x2c c:/program files (x86)/microchip/xc32/v2.30/bin/bin/../../lib/gcc/pic32c/6.2.1/../../../../pic32c/lib\libc.a(lib_a-memset.o)
 .ARM.attributes
                0x00000406       0x1c c:/program files (x86)/microchip/xc32/v2.30/bin/bin/../../lib/gcc/pic32c/6.2.1/../../../../pic32c/lib\libc.a(lib_a-strlen.o)
 .ARM.attributes
                0x00000422       0x2c c:/program files (x86)/microchip/xc32/v2.30/bin/bin/../../lib/gcc/pic32c/6.2.1/../../../../pic32c/lib\libc.a(sprintf.s.o)
 .ARM.attributes
                0x0000044e       0x2c c:/program files (x86)/microchip/xc32/v2.30/bin/bin/../../lib/gcc/pic32c/6.2.1/../../../../pic32c/lib\libc.a(vfprintf.s.o)
 .ARM.attributes
                0x0000047a       0x2c c:/program files (x86)/microchip/xc32/v2.30/bin/bin/../../lib/gcc/pic32c/6.2.1/../../../../pic32c/lib\libc.a(lib_a-fflush.o)
 .ARM.attributes
                0x000004a6       0x2c c:/program files (x86)/microchip/xc32/v2.30/bin/bin/../../lib/gcc/pic32c/6.2.1/../../../../pic32c/lib\libc.a(lib_a-findfp.o)
 .ARM.attributes
                0x000004d2       0x2c c:/program files (x86)/microchip/xc32/v2.30/bin/bin/../../lib/gcc/pic32c/6.2.1/../../../../pic32c/lib\libc.a(lib_a-freer.o)
 .ARM.attributes
                0x000004fe       0x2c c:/program files (x86)/microchip/xc32/v2.30/bin/bin/../../lib/gcc/pic32c/6.2.1/../../../../pic32c/lib\libc.a(lib_a-fwalk.o)
 .ARM.attributes
                0x0000052a       0x2c c:/program files (x86)/microchip/xc32/v2.30/bin/bin/../../lib/gcc/pic32c/6.2.1/../../../../pic32c/lib\libc.a(lib_a-impure.o)
 .ARM.attributes
                0x00000556       0x2c c:/program files (x86)/microchip/xc32/v2.30/bin/bin/../../lib/gcc/pic32c/6.2.1/../../../../pic32c/lib\libc.a(lib_a-mallocr.o)
 .ARM.attributes
                0x00000582       0x2c c:/program files (x86)/microchip/xc32/v2.30/bin/bin/../../lib/gcc/pic32c/6.2.1/../../../../pic32c/lib\libc.a(lib_a-memchr-stub.o)
 .ARM.attributes
                0x000005ae       0x2c c:/program files (x86)/microchip/xc32/v2.30/bin/bin/../../lib/gcc/pic32c/6.2.1/../../../../pic32c/lib\libc.a(lib_a-mlock.o)
 .ARM.attributes
                0x000005da       0x2c c:/program files (x86)/microchip/xc32/v2.30/bin/bin/../../lib/gcc/pic32c/6.2.1/../../../../pic32c/lib\libc.a(lib_a-sbrkr.o)
 .ARM.attributes
                0x00000606       0x2c c:/program files (x86)/microchip/xc32/v2.30/bin/bin/../../lib/gcc/pic32c/6.2.1/../../../../pic32c/lib\libc.a(lib_a-stdio.o)
 .ARM.attributes
                0x00000632       0x2c c:/program files (x86)/microchip/xc32/v2.30/bin/bin/../../lib/gcc/pic32c/6.2.1/../../../../pic32c/lib\libc.a(lib_a-vfiprintf.o)
 .ARM.attributes
                0x0000065e       0x2c c:/program files (x86)/microchip/xc32/v2.30/bin/bin/../../lib/gcc/pic32c/6.2.1/../../../../pic32c/lib\libc.a(lib_a-writer.o)
 .ARM.attributes
                0x0000068a       0x2c c:/program files (x86)/microchip/xc32/v2.30/bin/bin/../../lib/gcc/pic32c/6.2.1/../../../../pic32c/lib\libc.a(lib_a-wsetup.o)
 .ARM.attributes
                0x000006b6       0x2c c:/program files (x86)/microchip/xc32/v2.30/bin/bin/../../lib/gcc/pic32c/6.2.1/../../../../pic32c/lib\libc.a(lib_a-closer.o)
 .ARM.attributes
                0x000006e2       0x2c c:/program files (x86)/microchip/xc32/v2.30/bin/bin/../../lib/gcc/pic32c/6.2.1/../../../../pic32c/lib\libc.a(lib_a-fclose.o)
 .ARM.attributes
                0x0000070e       0x2c c:/program files (x86)/microchip/xc32/v2.30/bin/bin/../../lib/gcc/pic32c/6.2.1/../../../../pic32c/lib\libc.a(lib_a-fputwc.o)
 .ARM.attributes
                0x0000073a       0x2c c:/program files (x86)/microchip/xc32/v2.30/bin/bin/../../lib/gcc/pic32c/6.2.1/../../../../pic32c/lib\libc.a(lib_a-fvwrite.o)
 .ARM.attributes
                0x00000766       0x2c c:/program files (x86)/microchip/xc32/v2.30/bin/bin/../../lib/gcc/pic32c/6.2.1/../../../../pic32c/lib\libc.a(lib_a-locale.o)
 .ARM.attributes
                0x00000792       0x2c c:/program files (x86)/microchip/xc32/v2.30/bin/bin/../../lib/gcc/pic32c/6.2.1/../../../../pic32c/lib\libc.a(lib_a-lseekr.o)
 .ARM.attributes
                0x000007be       0x2c c:/program files (x86)/microchip/xc32/v2.30/bin/bin/../../lib/gcc/pic32c/6.2.1/../../../../pic32c/lib\libc.a(lib_a-makebuf.o)
 .ARM.attributes
                0x000007ea       0x2c c:/program files (x86)/microchip/xc32/v2.30/bin/bin/../../lib/gcc/pic32c/6.2.1/../../../../pic32c/lib\libc.a(lib_a-mbtowc_r.o)
 .ARM.attributes
                0x00000816       0x2c c:/program files (x86)/microchip/xc32/v2.30/bin/bin/../../lib/gcc/pic32c/6.2.1/../../../../pic32c/lib\libc.a(lib_a-memmove.o)
 .ARM.attributes
                0x00000842       0x2c c:/program files (x86)/microchip/xc32/v2.30/bin/bin/../../lib/gcc/pic32c/6.2.1/../../../../pic32c/lib\libc.a(lib_a-readr.o)
 .ARM.attributes
                0x0000086e       0x2c c:/program files (x86)/microchip/xc32/v2.30/bin/bin/../../lib/gcc/pic32c/6.2.1/../../../../pic32c/lib\libc.a(lib_a-reallocr.o)
 .ARM.attributes
                0x0000089a       0x2c c:/program files (x86)/microchip/xc32/v2.30/bin/bin/../../lib/gcc/pic32c/6.2.1/../../../../pic32c/lib\libc.a(lib_a-reent.o)
 .ARM.attributes
                0x000008c6       0x2c c:/program files (x86)/microchip/xc32/v2.30/bin/bin/../../lib/gcc/pic32c/6.2.1/../../../../pic32c/lib\libc.a(lib_a-wbuf.o)
 .ARM.attributes
                0x000008f2       0x2c c:/program files (x86)/microchip/xc32/v2.30/bin/bin/../../lib/gcc/pic32c/6.2.1/../../../../pic32c/lib\libc.a(lib_a-wcrtomb.o)
 .ARM.attributes
                0x0000091e       0x2c c:/program files (x86)/microchip/xc32/v2.30/bin/bin/../../lib/gcc/pic32c/6.2.1/../../../../pic32c/lib\libc.a(lib_a-wctomb_r.o)
 .ARM.attributes
                0x0000094a       0x2c c:/program files (x86)/microchip/xc32/v2.30/bin/bin/../../lib/gcc/pic32c/6.2.1/../../../../pic32c/lib\libc.a(lib_a-ctype_.o)
 .ARM.attributes
                0x00000976       0x2c c:/program files (x86)/microchip/xc32/v2.30/bin/bin/../../lib/gcc/pic32c/6.2.1/../../../../pic32c/lib\libc.a(lib_a-fstatr.o)
 .ARM.attributes
                0x000009a2       0x2c c:/program files (x86)/microchip/xc32/v2.30/bin/bin/../../lib/gcc/pic32c/6.2.1/../../../../pic32c/lib\libc.a(lib_a-isattyr.o)
 .ARM.attributes
                0x000009ce       0x2c c:/program files (x86)/microchip/xc32/v2.30/bin/bin/../../lib/gcc/pic32c/6.2.1/../../../../pic32c/lib\libpic32c.a(_close.o)
 .ARM.attributes
                0x000009fa       0x2c c:/program files (x86)/microchip/xc32/v2.30/bin/bin/../../lib/gcc/pic32c/6.2.1/../../../../pic32c/lib\libpic32c.a(_fstat.o)
 .ARM.attributes
                0x00000a26       0x2c c:/program files (x86)/microchip/xc32/v2.30/bin/bin/../../lib/gcc/pic32c/6.2.1/../../../../pic32c/lib\libpic32c.a(_isatty.o)
 .ARM.attributes
                0x00000a52       0x2c c:/program files (x86)/microchip/xc32/v2.30/bin/bin/../../lib/gcc/pic32c/6.2.1/../../../../pic32c/lib\libpic32c.a(_lseek.o)
 .ARM.attributes
                0x00000a7e       0x2c c:/program files (x86)/microchip/xc32/v2.30/bin/bin/../../lib/gcc/pic32c/6.2.1/../../../../pic32c/lib\libpic32c.a(_read.o)
 .ARM.attributes
                0x00000aaa       0x2c c:/program files (x86)/microchip/xc32/v2.30/bin/bin/../../lib/gcc/pic32c/6.2.1/../../../../pic32c/lib\libpic32c.a(sbrk.o)
 .ARM.attributes
                0x00000ad6       0x2c c:/program files (x86)/microchip/xc32/v2.30/bin/bin/../../lib/gcc/pic32c/6.2.1/../../../../pic32c/lib\libpic32c.a(_write.o)
 .ARM.attributes
                0x00000b02       0x2c c:/program files (x86)/microchip/xc32/v2.30/bin/bin/../../lib/gcc/pic32c/6.2.1/../../../../pic32c/lib\libpic32c.a(close.o)
 .ARM.attributes
                0x00000b2e       0x2c c:/program files (x86)/microchip/xc32/v2.30/bin/bin/../../lib/gcc/pic32c/6.2.1/../../../../pic32c/lib\libpic32c.a(fstat.o)
 .ARM.attributes
                0x00000b5a       0x2c c:/program files (x86)/microchip/xc32/v2.30/bin/bin/../../lib/gcc/pic32c/6.2.1/../../../../pic32c/lib\libpic32c.a(isatty.o)
 .ARM.attributes
                0x00000b86       0x2c c:/program files (x86)/microchip/xc32/v2.30/bin/bin/../../lib/gcc/pic32c/6.2.1/../../../../pic32c/lib\libpic32c.a(lseek.o)
 .ARM.attributes
                0x00000bb2       0x2c c:/program files (x86)/microchip/xc32/v2.30/bin/bin/../../lib/gcc/pic32c/6.2.1/../../../../pic32c/lib\libpic32c.a(read.o)
 .ARM.attributes
                0x00000bde       0x2c c:/program files (x86)/microchip/xc32/v2.30/bin/bin/../../lib/gcc/pic32c/6.2.1/../../../../pic32c/lib\libpic32c.a(write.o)
 .ARM.attributes
                0x00000c0a       0x1e c:/program files (x86)/microchip/xc32/v2.30/bin/bin/../../lib/gcc/pic32c/6.2.1\libgcc.a(_divsi3.o)
 .ARM.attributes
                0x00000c28       0x1e c:/program files (x86)/microchip/xc32/v2.30/bin/bin/../../lib/gcc/pic32c/6.2.1/crtn.o

.comment        0x00000000       0x3c
 .comment       0x00000000       0x3c c:/program files (x86)/microchip/xc32/v2.30/bin/bin/../../lib/gcc/pic32c/6.2.1/crtbegin.o
                                 0x3d (size before relaxing)
 .comment       0x0000003c       0x3d build/sam_d21_cnano/production/_ext/1912828066/plib_clock.o
 .comment       0x0000003c       0x3d build/sam_d21_cnano/production/_ext/1447207767/plib_dmac.o
 .comment       0x0000003c       0x3d build/sam_d21_cnano/production/_ext/1847800275/plib_eic.o
 .comment       0x0000003c       0x3d build/sam_d21_cnano/production/_ext/1914977552/plib_evsys.o
 .comment       0x0000003c       0x3d build/sam_d21_cnano/production/_ext/1447514574/plib_nvic.o
 .comment       0x0000003c       0x3d build/sam_d21_cnano/production/_ext/1438831396/plib_nvmctrl.o
 .comment       0x0000003c       0x3d build/sam_d21_cnano/production/_ext/1447567725/plib_port.o
 .comment       0x0000003c       0x3d build/sam_d21_cnano/production/_ext/1847813109/plib_rtc_timer.o
 .comment       0x0000003c       0x3d build/sam_d21_cnano/production/_ext/690426493/plib_sercom5_usart.o
 .comment       0x0000003c       0x3d build/sam_d21_cnano/production/_ext/874299906/xc32_monitor.o
 .comment       0x0000003c       0x3d build/sam_d21_cnano/production/_ext/303072328/initialization.o
 .comment       0x0000003c       0x3d build/sam_d21_cnano/production/_ext/303072328/interrupts.o
 .comment       0x0000003c       0x3d build/sam_d21_cnano/production/_ext/303072328/exceptions.o
 .comment       0x0000003c       0x3d build/sam_d21_cnano/production/_ext/303072328/startup_xc32.o
 .comment       0x0000003c       0x3d build/sam_d21_cnano/production/_ext/1360937237/main_samd21_cnano.o
 .comment       0x0000003c       0x3d c:/program files (x86)/microchip/xc32/v2.30/bin/bin/../../lib/gcc/pic32c/6.2.1/../../../../pic32c/lib\libpic32c.a(data_init.o)
 .comment       0x0000003c       0x3d c:/program files (x86)/microchip/xc32/v2.30/bin/bin/../../lib/gcc/pic32c/6.2.1/../../../../pic32c/lib\libc.a(lib_a-init.o)
 .comment       0x0000003c       0x3d c:/program files (x86)/microchip/xc32/v2.30/bin/bin/../../lib/gcc/pic32c/6.2.1/../../../../pic32c/lib\libc.a(lib_a-memcpy-stub.o)
 .comment       0x0000003c       0x3d c:/program files (x86)/microchip/xc32/v2.30/bin/bin/../../lib/gcc/pic32c/6.2.1/../../../../pic32c/lib\libc.a(lib_a-memset.o)
 .comment       0x0000003c       0x3d c:/program files (x86)/microchip/xc32/v2.30/bin/bin/../../lib/gcc/pic32c/6.2.1/../../../../pic32c/lib\libc.a(sprintf.s.o)
 .comment       0x0000003c       0x3d c:/program files (x86)/microchip/xc32/v2.30/bin/bin/../../lib/gcc/pic32c/6.2.1/../../../../pic32c/lib\libc.a(vfprintf.s.o)
 .comment       0x0000003c       0x3d c:/program files (x86)/microchip/xc32/v2.30/bin/bin/../../lib/gcc/pic32c/6.2.1/../../../../pic32c/lib\libc.a(lib_a-fflush.o)
 .comment       0x0000003c       0x3d c:/program files (x86)/microchip/xc32/v2.30/bin/bin/../../lib/gcc/pic32c/6.2.1/../../../../pic32c/lib\libc.a(lib_a-findfp.o)
 .comment       0x0000003c       0x3d c:/program files (x86)/microchip/xc32/v2.30/bin/bin/../../lib/gcc/pic32c/6.2.1/../../../../pic32c/lib\libc.a(lib_a-freer.o)
 .comment       0x0000003c       0x3d c:/program files (x86)/microchip/xc32/v2.30/bin/bin/../../lib/gcc/pic32c/6.2.1/../../../../pic32c/lib\libc.a(lib_a-fwalk.o)
 .comment       0x0000003c       0x3d c:/program files (x86)/microchip/xc32/v2.30/bin/bin/../../lib/gcc/pic32c/6.2.1/../../../../pic32c/lib\libc.a(lib_a-impure.o)
 .comment       0x0000003c       0x3d c:/program files (x86)/microchip/xc32/v2.30/bin/bin/../../lib/gcc/pic32c/6.2.1/../../../../pic32c/lib\libc.a(lib_a-mallocr.o)
 .comment       0x0000003c       0x3d c:/program files (x86)/microchip/xc32/v2.30/bin/bin/../../lib/gcc/pic32c/6.2.1/../../../../pic32c/lib\libc.a(lib_a-memchr-stub.o)
 .comment       0x0000003c       0x3d c:/program files (x86)/microchip/xc32/v2.30/bin/bin/../../lib/gcc/pic32c/6.2.1/../../../../pic32c/lib\libc.a(lib_a-mlock.o)
 .comment       0x0000003c       0x3d c:/program files (x86)/microchip/xc32/v2.30/bin/bin/../../lib/gcc/pic32c/6.2.1/../../../../pic32c/lib\libc.a(lib_a-sbrkr.o)
 .comment       0x0000003c       0x3d c:/program files (x86)/microchip/xc32/v2.30/bin/bin/../../lib/gcc/pic32c/6.2.1/../../../../pic32c/lib\libc.a(lib_a-stdio.o)
 .comment       0x0000003c       0x3d c:/program files (x86)/microchip/xc32/v2.30/bin/bin/../../lib/gcc/pic32c/6.2.1/../../../../pic32c/lib\libc.a(lib_a-vfiprintf.o)
 .comment       0x0000003c       0x3d c:/program files (x86)/microchip/xc32/v2.30/bin/bin/../../lib/gcc/pic32c/6.2.1/../../../../pic32c/lib\libc.a(lib_a-writer.o)
 .comment       0x0000003c       0x3d c:/program files (x86)/microchip/xc32/v2.30/bin/bin/../../lib/gcc/pic32c/6.2.1/../../../../pic32c/lib\libc.a(lib_a-wsetup.o)
 .comment       0x0000003c       0x3d c:/program files (x86)/microchip/xc32/v2.30/bin/bin/../../lib/gcc/pic32c/6.2.1/../../../../pic32c/lib\libc.a(lib_a-closer.o)
 .comment       0x0000003c       0x3d c:/program files (x86)/microchip/xc32/v2.30/bin/bin/../../lib/gcc/pic32c/6.2.1/../../../../pic32c/lib\libc.a(lib_a-fclose.o)
 .comment       0x0000003c       0x3d c:/program files (x86)/microchip/xc32/v2.30/bin/bin/../../lib/gcc/pic32c/6.2.1/../../../../pic32c/lib\libc.a(lib_a-fputwc.o)
 .comment       0x0000003c       0x3d c:/program files (x86)/microchip/xc32/v2.30/bin/bin/../../lib/gcc/pic32c/6.2.1/../../../../pic32c/lib\libc.a(lib_a-fvwrite.o)
 .comment       0x0000003c       0x3d c:/program files (x86)/microchip/xc32/v2.30/bin/bin/../../lib/gcc/pic32c/6.2.1/../../../../pic32c/lib\libc.a(lib_a-locale.o)
 .comment       0x0000003c       0x3d c:/program files (x86)/microchip/xc32/v2.30/bin/bin/../../lib/gcc/pic32c/6.2.1/../../../../pic32c/lib\libc.a(lib_a-lseekr.o)
 .comment       0x0000003c       0x3d c:/program files (x86)/microchip/xc32/v2.30/bin/bin/../../lib/gcc/pic32c/6.2.1/../../../../pic32c/lib\libc.a(lib_a-makebuf.o)
 .comment       0x0000003c       0x3d c:/program files (x86)/microchip/xc32/v2.30/bin/bin/../../lib/gcc/pic32c/6.2.1/../../../../pic32c/lib\libc.a(lib_a-mbtowc_r.o)
 .comment       0x0000003c       0x3d c:/program files (x86)/microchip/xc32/v2.30/bin/bin/../../lib/gcc/pic32c/6.2.1/../../../../pic32c/lib\libc.a(lib_a-memmove.o)
 .comment       0x0000003c       0x3d c:/program files (x86)/microchip/xc32/v2.30/bin/bin/../../lib/gcc/pic32c/6.2.1/../../../../pic32c/lib\libc.a(lib_a-readr.o)
 .comment       0x0000003c       0x3d c:/program files (x86)/microchip/xc32/v2.30/bin/bin/../../lib/gcc/pic32c/6.2.1/../../../../pic32c/lib\libc.a(lib_a-reallocr.o)
 .comment       0x0000003c       0x3d c:/program files (x86)/microchip/xc32/v2.30/bin/bin/../../lib/gcc/pic32c/6.2.1/../../../../pic32c/lib\libc.a(lib_a-reent.o)
 .comment       0x0000003c       0x3d c:/program files (x86)/microchip/xc32/v2.30/bin/bin/../../lib/gcc/pic32c/6.2.1/../../../../pic32c/lib\libc.a(lib_a-wbuf.o)
 .comment       0x0000003c       0x3d c:/program files (x86)/microchip/xc32/v2.30/bin/bin/../../lib/gcc/pic32c/6.2.1/../../../../pic32c/lib\libc.a(lib_a-wcrtomb.o)
 .comment       0x0000003c       0x3d c:/program files (x86)/microchip/xc32/v2.30/bin/bin/../../lib/gcc/pic32c/6.2.1/../../../../pic32c/lib\libc.a(lib_a-wctomb_r.o)
 .comment       0x0000003c       0x3d c:/program files (x86)/microchip/xc32/v2.30/bin/bin/../../lib/gcc/pic32c/6.2.1/../../../../pic32c/lib\libc.a(lib_a-ctype_.o)
 .comment       0x0000003c       0x3d c:/program files (x86)/microchip/xc32/v2.30/bin/bin/../../lib/gcc/pic32c/6.2.1/../../../../pic32c/lib\libc.a(lib_a-fstatr.o)
 .comment       0x0000003c       0x3d c:/program files (x86)/microchip/xc32/v2.30/bin/bin/../../lib/gcc/pic32c/6.2.1/../../../../pic32c/lib\libc.a(lib_a-isattyr.o)
 .comment       0x0000003c       0x3d c:/program files (x86)/microchip/xc32/v2.30/bin/bin/../../lib/gcc/pic32c/6.2.1/../../../../pic32c/lib\libpic32c.a(_close.o)
 .comment       0x0000003c       0x3d c:/program files (x86)/microchip/xc32/v2.30/bin/bin/../../lib/gcc/pic32c/6.2.1/../../../../pic32c/lib\libpic32c.a(_fstat.o)
 .comment       0x0000003c       0x3d c:/program files (x86)/microchip/xc32/v2.30/bin/bin/../../lib/gcc/pic32c/6.2.1/../../../../pic32c/lib\libpic32c.a(_isatty.o)
 .comment       0x0000003c       0x3d c:/program files (x86)/microchip/xc32/v2.30/bin/bin/../../lib/gcc/pic32c/6.2.1/../../../../pic32c/lib\libpic32c.a(_lseek.o)
 .comment       0x0000003c       0x3d c:/program files (x86)/microchip/xc32/v2.30/bin/bin/../../lib/gcc/pic32c/6.2.1/../../../../pic32c/lib\libpic32c.a(_read.o)
 .comment       0x0000003c       0x3d c:/program files (x86)/microchip/xc32/v2.30/bin/bin/../../lib/gcc/pic32c/6.2.1/../../../../pic32c/lib\libpic32c.a(sbrk.o)
 .comment       0x0000003c       0x3d c:/program files (x86)/microchip/xc32/v2.30/bin/bin/../../lib/gcc/pic32c/6.2.1/../../../../pic32c/lib\libpic32c.a(_write.o)
 .comment       0x0000003c       0x3d c:/program files (x86)/microchip/xc32/v2.30/bin/bin/../../lib/gcc/pic32c/6.2.1/../../../../pic32c/lib\libpic32c.a(close.o)
 .comment       0x0000003c       0x3d c:/program files (x86)/microchip/xc32/v2.30/bin/bin/../../lib/gcc/pic32c/6.2.1/../../../../pic32c/lib\libpic32c.a(fstat.o)
 .comment       0x0000003c       0x3d c:/program files (x86)/microchip/xc32/v2.30/bin/bin/../../lib/gcc/pic32c/6.2.1/../../../../pic32c/lib\libpic32c.a(isatty.o)
 .comment       0x0000003c       0x3d c:/program files (x86)/microchip/xc32/v2.30/bin/bin/../../lib/gcc/pic32c/6.2.1/../../../../pic32c/lib\libpic32c.a(lseek.o)
 .comment       0x0000003c       0x3d c:/program files (x86)/microchip/xc32/v2.30/bin/bin/../../lib/gcc/pic32c/6.2.1/../../../../pic32c/lib\libpic32c.a(read.o)
 .comment       0x0000003c       0x3d c:/program files (x86)/microchip/xc32/v2.30/bin/bin/../../lib/gcc/pic32c/6.2.1/../../../../pic32c/lib\libpic32c.a(write.o)

.debug_info     0x00000000    0x38741
 .debug_info    0x00000000      0xa8c build/sam_d21_cnano/production/_ext/1912828066/plib_clock.o
 .debug_info    0x00000a8c     0x1805 build/sam_d21_cnano/production/_ext/1447207767/plib_dmac.o
 .debug_info    0x00002291      0x6ed build/sam_d21_cnano/production/_ext/1847800275/plib_eic.o
 .debug_info    0x0000297e      0x35a build/sam_d21_cnano/production/_ext/1914977552/plib_evsys.o
 .debug_info    0x00002cd8      0x8cf build/sam_d21_cnano/production/_ext/1447514574/plib_nvic.o
 .debug_info    0x000035a7     0x1482 build/sam_d21_cnano/production/_ext/1438831396/plib_nvmctrl.o
 .debug_info    0x00004a29      0x80a build/sam_d21_cnano/production/_ext/1447567725/plib_port.o
 .debug_info    0x00005233     0x169e build/sam_d21_cnano/production/_ext/1847813109/plib_rtc_timer.o
 .debug_info    0x000068d1     0x1276 build/sam_d21_cnano/production/_ext/690426493/plib_sercom5_usart.o
 .debug_info    0x00007b47      0x2d8 build/sam_d21_cnano/production/_ext/874299906/xc32_monitor.o
 .debug_info    0x00007e1f     0x116e build/sam_d21_cnano/production/_ext/303072328/initialization.o
 .debug_info    0x00008f8d     0x139e build/sam_d21_cnano/production/_ext/303072328/interrupts.o
 .debug_info    0x0000a32b      0xe96 build/sam_d21_cnano/production/_ext/303072328/exceptions.o
 .debug_info    0x0000b1c1     0x1025 build/sam_d21_cnano/production/_ext/303072328/startup_xc32.o
 .debug_info    0x0000c1e6     0x1fa4 build/sam_d21_cnano/production/_ext/1360937237/main_samd21_cnano.o
 .debug_info    0x0000e18a      0x1f0 c:/program files (x86)/microchip/xc32/v2.30/bin/bin/../../lib/gcc/pic32c/6.2.1/../../../../pic32c/lib\libpic32c.a(data_init.o)
 .debug_info    0x0000e37a       0xee c:/program files (x86)/microchip/xc32/v2.30/bin/bin/../../lib/gcc/pic32c/6.2.1\libgcc.a(_dvmd_tls.o)
 .debug_info    0x0000e468      0x354 c:/program files (x86)/microchip/xc32/v2.30/bin/bin/../../lib/gcc/pic32c/6.2.1/../../../../pic32c/lib\libc.a(lib_a-init.o)
 .debug_info    0x0000e7bc      0xd79 c:/program files (x86)/microchip/xc32/v2.30/bin/bin/../../lib/gcc/pic32c/6.2.1/../../../../pic32c/lib\libc.a(lib_a-memcpy-stub.o)
 .debug_info    0x0000f535     0x14a9 c:/program files (x86)/microchip/xc32/v2.30/bin/bin/../../lib/gcc/pic32c/6.2.1/../../../../pic32c/lib\libc.a(lib_a-memset.o)
 .debug_info    0x000109de      0x112 c:/program files (x86)/microchip/xc32/v2.30/bin/bin/../../lib/gcc/pic32c/6.2.1/../../../../pic32c/lib\libc.a(lib_a-strlen.o)
 .debug_info    0x00010af0      0xded c:/program files (x86)/microchip/xc32/v2.30/bin/bin/../../lib/gcc/pic32c/6.2.1/../../../../pic32c/lib\libc.a(sprintf.s.o)
 .debug_info    0x000118dd     0x1fd9 c:/program files (x86)/microchip/xc32/v2.30/bin/bin/../../lib/gcc/pic32c/6.2.1/../../../../pic32c/lib\libc.a(vfprintf.s.o)
 .debug_info    0x000138b6     0x1259 c:/program files (x86)/microchip/xc32/v2.30/bin/bin/../../lib/gcc/pic32c/6.2.1/../../../../pic32c/lib\libc.a(lib_a-fflush.o)
 .debug_info    0x00014b0f     0x13cf c:/program files (x86)/microchip/xc32/v2.30/bin/bin/../../lib/gcc/pic32c/6.2.1/../../../../pic32c/lib\libc.a(lib_a-findfp.o)
 .debug_info    0x00015ede     0x12b8 c:/program files (x86)/microchip/xc32/v2.30/bin/bin/../../lib/gcc/pic32c/6.2.1/../../../../pic32c/lib\libc.a(lib_a-freer.o)
 .debug_info    0x00017196     0x116a c:/program files (x86)/microchip/xc32/v2.30/bin/bin/../../lib/gcc/pic32c/6.2.1/../../../../pic32c/lib\libc.a(lib_a-fwalk.o)
 .debug_info    0x00018300      0xd02 c:/program files (x86)/microchip/xc32/v2.30/bin/bin/../../lib/gcc/pic32c/6.2.1/../../../../pic32c/lib\libc.a(lib_a-impure.o)
 .debug_info    0x00019002     0x13f6 c:/program files (x86)/microchip/xc32/v2.30/bin/bin/../../lib/gcc/pic32c/6.2.1/../../../../pic32c/lib\libc.a(lib_a-mallocr.o)
 .debug_info    0x0001a3f8      0xd78 c:/program files (x86)/microchip/xc32/v2.30/bin/bin/../../lib/gcc/pic32c/6.2.1/../../../../pic32c/lib\libc.a(lib_a-memchr-stub.o)
 .debug_info    0x0001b170      0xd3f c:/program files (x86)/microchip/xc32/v2.30/bin/bin/../../lib/gcc/pic32c/6.2.1/../../../../pic32c/lib\libc.a(lib_a-mlock.o)
 .debug_info    0x0001beaf      0xdf2 c:/program files (x86)/microchip/xc32/v2.30/bin/bin/../../lib/gcc/pic32c/6.2.1/../../../../pic32c/lib\libc.a(lib_a-sbrkr.o)
 .debug_info    0x0001cca1     0x131b c:/program files (x86)/microchip/xc32/v2.30/bin/bin/../../lib/gcc/pic32c/6.2.1/../../../../pic32c/lib\libc.a(lib_a-stdio.o)
 .debug_info    0x0001dfbc     0x22b2 c:/program files (x86)/microchip/xc32/v2.30/bin/bin/../../lib/gcc/pic32c/6.2.1/../../../../pic32c/lib\libc.a(lib_a-vfiprintf.o)
 .debug_info    0x0002026e      0xe11 c:/program files (x86)/microchip/xc32/v2.30/bin/bin/../../lib/gcc/pic32c/6.2.1/../../../../pic32c/lib\libc.a(lib_a-writer.o)
 .debug_info    0x0002107f     0x10e8 c:/program files (x86)/microchip/xc32/v2.30/bin/bin/../../lib/gcc/pic32c/6.2.1/../../../../pic32c/lib\libc.a(lib_a-wsetup.o)
 .debug_info    0x00022167      0xdc0 c:/program files (x86)/microchip/xc32/v2.30/bin/bin/../../lib/gcc/pic32c/6.2.1/../../../../pic32c/lib\libc.a(lib_a-closer.o)
 .debug_info    0x00022f27     0x1187 c:/program files (x86)/microchip/xc32/v2.30/bin/bin/../../lib/gcc/pic32c/6.2.1/../../../../pic32c/lib\libc.a(lib_a-fclose.o)
 .debug_info    0x000240ae     0x12af c:/program files (x86)/microchip/xc32/v2.30/bin/bin/../../lib/gcc/pic32c/6.2.1/../../../../pic32c/lib\libc.a(lib_a-fputwc.o)
 .debug_info    0x0002535d     0x13f5 c:/program files (x86)/microchip/xc32/v2.30/bin/bin/../../lib/gcc/pic32c/6.2.1/../../../../pic32c/lib\libc.a(lib_a-fvwrite.o)
 .debug_info    0x00026752     0x1790 c:/program files (x86)/microchip/xc32/v2.30/bin/bin/../../lib/gcc/pic32c/6.2.1/../../../../pic32c/lib\libc.a(lib_a-locale.o)
 .debug_info    0x00027ee2      0xdf8 c:/program files (x86)/microchip/xc32/v2.30/bin/bin/../../lib/gcc/pic32c/6.2.1/../../../../pic32c/lib\libc.a(lib_a-lseekr.o)
 .debug_info    0x00028cda     0x14a7 c:/program files (x86)/microchip/xc32/v2.30/bin/bin/../../lib/gcc/pic32c/6.2.1/../../../../pic32c/lib\libc.a(lib_a-makebuf.o)
 .debug_info    0x0002a181     0x1669 c:/program files (x86)/microchip/xc32/v2.30/bin/bin/../../lib/gcc/pic32c/6.2.1/../../../../pic32c/lib\libc.a(lib_a-mbtowc_r.o)
 .debug_info    0x0002b7ea     0x14d7 c:/program files (x86)/microchip/xc32/v2.30/bin/bin/../../lib/gcc/pic32c/6.2.1/../../../../pic32c/lib\libc.a(lib_a-memmove.o)
 .debug_info    0x0002ccc1      0xe0f c:/program files (x86)/microchip/xc32/v2.30/bin/bin/../../lib/gcc/pic32c/6.2.1/../../../../pic32c/lib\libc.a(lib_a-readr.o)
 .debug_info    0x0002dad0     0x13ff c:/program files (x86)/microchip/xc32/v2.30/bin/bin/../../lib/gcc/pic32c/6.2.1/../../../../pic32c/lib\libc.a(lib_a-reallocr.o)
 .debug_info    0x0002eecf      0xea1 c:/program files (x86)/microchip/xc32/v2.30/bin/bin/../../lib/gcc/pic32c/6.2.1/../../../../pic32c/lib\libc.a(lib_a-reent.o)
 .debug_info    0x0002fd70     0x1178 c:/program files (x86)/microchip/xc32/v2.30/bin/bin/../../lib/gcc/pic32c/6.2.1/../../../../pic32c/lib\libc.a(lib_a-wbuf.o)
 .debug_info    0x00030ee8     0x1665 c:/program files (x86)/microchip/xc32/v2.30/bin/bin/../../lib/gcc/pic32c/6.2.1/../../../../pic32c/lib\libc.a(lib_a-wcrtomb.o)
 .debug_info    0x0003254d     0x162d c:/program files (x86)/microchip/xc32/v2.30/bin/bin/../../lib/gcc/pic32c/6.2.1/../../../../pic32c/lib\libc.a(lib_a-wctomb_r.o)
 .debug_info    0x00033b7a     0x147a c:/program files (x86)/microchip/xc32/v2.30/bin/bin/../../lib/gcc/pic32c/6.2.1/../../../../pic32c/lib\libc.a(lib_a-ctype_.o)
 .debug_info    0x00034ff4     0x10bb c:/program files (x86)/microchip/xc32/v2.30/bin/bin/../../lib/gcc/pic32c/6.2.1/../../../../pic32c/lib\libc.a(lib_a-fstatr.o)
 .debug_info    0x000360af      0xdcd c:/program files (x86)/microchip/xc32/v2.30/bin/bin/../../lib/gcc/pic32c/6.2.1/../../../../pic32c/lib\libc.a(lib_a-isattyr.o)
 .debug_info    0x00036e7c      0x1d7 c:/program files (x86)/microchip/xc32/v2.30/bin/bin/../../lib/gcc/pic32c/6.2.1/../../../../pic32c/lib\libpic32c.a(_close.o)
 .debug_info    0x00037053      0x1d7 c:/program files (x86)/microchip/xc32/v2.30/bin/bin/../../lib/gcc/pic32c/6.2.1/../../../../pic32c/lib\libpic32c.a(_fstat.o)
 .debug_info    0x0003722a      0x1d9 c:/program files (x86)/microchip/xc32/v2.30/bin/bin/../../lib/gcc/pic32c/6.2.1/../../../../pic32c/lib\libpic32c.a(_isatty.o)
 .debug_info    0x00037403      0x1d7 c:/program files (x86)/microchip/xc32/v2.30/bin/bin/../../lib/gcc/pic32c/6.2.1/../../../../pic32c/lib\libpic32c.a(_lseek.o)
 .debug_info    0x000375da      0x1d5 c:/program files (x86)/microchip/xc32/v2.30/bin/bin/../../lib/gcc/pic32c/6.2.1/../../../../pic32c/lib\libpic32c.a(_read.o)
 .debug_info    0x000377af      0x1d3 c:/program files (x86)/microchip/xc32/v2.30/bin/bin/../../lib/gcc/pic32c/6.2.1/../../../../pic32c/lib\libpic32c.a(sbrk.o)
 .debug_info    0x00037982      0x1d7 c:/program files (x86)/microchip/xc32/v2.30/bin/bin/../../lib/gcc/pic32c/6.2.1/../../../../pic32c/lib\libpic32c.a(_write.o)
 .debug_info    0x00037b59      0x1d4 c:/program files (x86)/microchip/xc32/v2.30/bin/bin/../../lib/gcc/pic32c/6.2.1/../../../../pic32c/lib\libpic32c.a(close.o)
 .debug_info    0x00037d2d      0x1d4 c:/program files (x86)/microchip/xc32/v2.30/bin/bin/../../lib/gcc/pic32c/6.2.1/../../../../pic32c/lib\libpic32c.a(fstat.o)
 .debug_info    0x00037f01      0x1d6 c:/program files (x86)/microchip/xc32/v2.30/bin/bin/../../lib/gcc/pic32c/6.2.1/../../../../pic32c/lib\libpic32c.a(isatty.o)
 .debug_info    0x000380d7      0x1d4 c:/program files (x86)/microchip/xc32/v2.30/bin/bin/../../lib/gcc/pic32c/6.2.1/../../../../pic32c/lib\libpic32c.a(lseek.o)
 .debug_info    0x000382ab      0x1d3 c:/program files (x86)/microchip/xc32/v2.30/bin/bin/../../lib/gcc/pic32c/6.2.1/../../../../pic32c/lib\libpic32c.a(read.o)
 .debug_info    0x0003847e      0x1d5 c:/program files (x86)/microchip/xc32/v2.30/bin/bin/../../lib/gcc/pic32c/6.2.1/../../../../pic32c/lib\libpic32c.a(write.o)
 .debug_info    0x00038653       0xee c:/program files (x86)/microchip/xc32/v2.30/bin/bin/../../lib/gcc/pic32c/6.2.1\libgcc.a(_divsi3.o)

.debug_abbrev   0x00000000     0x674f
 .debug_abbrev  0x00000000      0x119 build/sam_d21_cnano/production/_ext/1912828066/plib_clock.o
 .debug_abbrev  0x00000119      0x2f1 build/sam_d21_cnano/production/_ext/1447207767/plib_dmac.o
 .debug_abbrev  0x0000040a      0x186 build/sam_d21_cnano/production/_ext/1847800275/plib_eic.o
 .debug_abbrev  0x00000590       0x39 build/sam_d21_cnano/production/_ext/1914977552/plib_evsys.o
 .debug_abbrev  0x000005c9      0x144 build/sam_d21_cnano/production/_ext/1447514574/plib_nvic.o
 .debug_abbrev  0x0000070d      0x279 build/sam_d21_cnano/production/_ext/1438831396/plib_nvmctrl.o
 .debug_abbrev  0x00000986      0x14f build/sam_d21_cnano/production/_ext/1447567725/plib_port.o
 .debug_abbrev  0x00000ad5      0x238 build/sam_d21_cnano/production/_ext/1847813109/plib_rtc_timer.o
 .debug_abbrev  0x00000d0d      0x1fc build/sam_d21_cnano/production/_ext/690426493/plib_sercom5_usart.o
 .debug_abbrev  0x00000f09       0x75 build/sam_d21_cnano/production/_ext/874299906/xc32_monitor.o
 .debug_abbrev  0x00000f7e      0x1c5 build/sam_d21_cnano/production/_ext/303072328/initialization.o
 .debug_abbrev  0x00001143      0x1a0 build/sam_d21_cnano/production/_ext/303072328/interrupts.o
 .debug_abbrev  0x000012e3      0x17e build/sam_d21_cnano/production/_ext/303072328/exceptions.o
 .debug_abbrev  0x00001461      0x1d4 build/sam_d21_cnano/production/_ext/303072328/startup_xc32.o
 .debug_abbrev  0x00001635      0x285 build/sam_d21_cnano/production/_ext/1360937237/main_samd21_cnano.o
 .debug_abbrev  0x000018ba       0x2a c:/program files (x86)/microchip/xc32/v2.30/bin/bin/../../lib/gcc/pic32c/6.2.1/../../../../pic32c/lib\libpic32c.a(data_init.o)
 .debug_abbrev  0x000018e4       0x14 c:/program files (x86)/microchip/xc32/v2.30/bin/bin/../../lib/gcc/pic32c/6.2.1\libgcc.a(_dvmd_tls.o)
 .debug_abbrev  0x000018f8       0xa3 c:/program files (x86)/microchip/xc32/v2.30/bin/bin/../../lib/gcc/pic32c/6.2.1/../../../../pic32c/lib\libc.a(lib_a-init.o)
 .debug_abbrev  0x0000199b      0x1c1 c:/program files (x86)/microchip/xc32/v2.30/bin/bin/../../lib/gcc/pic32c/6.2.1/../../../../pic32c/lib\libc.a(lib_a-memcpy-stub.o)
 .debug_abbrev  0x00001b5c      0x1b5 c:/program files (x86)/microchip/xc32/v2.30/bin/bin/../../lib/gcc/pic32c/6.2.1/../../../../pic32c/lib\libc.a(lib_a-memset.o)
 .debug_abbrev  0x00001d11       0x14 c:/program files (x86)/microchip/xc32/v2.30/bin/bin/../../lib/gcc/pic32c/6.2.1/../../../../pic32c/lib\libc.a(lib_a-strlen.o)
 .debug_abbrev  0x00001d25      0x1ea c:/program files (x86)/microchip/xc32/v2.30/bin/bin/../../lib/gcc/pic32c/6.2.1/../../../../pic32c/lib\libc.a(sprintf.s.o)
 .debug_abbrev  0x00001f0f      0x2c5 c:/program files (x86)/microchip/xc32/v2.30/bin/bin/../../lib/gcc/pic32c/6.2.1/../../../../pic32c/lib\libc.a(vfprintf.s.o)
 .debug_abbrev  0x000021d4      0x2c0 c:/program files (x86)/microchip/xc32/v2.30/bin/bin/../../lib/gcc/pic32c/6.2.1/../../../../pic32c/lib\libc.a(lib_a-fflush.o)
 .debug_abbrev  0x00002494      0x2d1 c:/program files (x86)/microchip/xc32/v2.30/bin/bin/../../lib/gcc/pic32c/6.2.1/../../../../pic32c/lib\libc.a(lib_a-findfp.o)
 .debug_abbrev  0x00002765      0x23f c:/program files (x86)/microchip/xc32/v2.30/bin/bin/../../lib/gcc/pic32c/6.2.1/../../../../pic32c/lib\libc.a(lib_a-freer.o)
 .debug_abbrev  0x000029a4      0x1f5 c:/program files (x86)/microchip/xc32/v2.30/bin/bin/../../lib/gcc/pic32c/6.2.1/../../../../pic32c/lib\libc.a(lib_a-fwalk.o)
 .debug_abbrev  0x00002b99      0x176 c:/program files (x86)/microchip/xc32/v2.30/bin/bin/../../lib/gcc/pic32c/6.2.1/../../../../pic32c/lib\libc.a(lib_a-impure.o)
 .debug_abbrev  0x00002d0f      0x29b c:/program files (x86)/microchip/xc32/v2.30/bin/bin/../../lib/gcc/pic32c/6.2.1/../../../../pic32c/lib\libc.a(lib_a-mallocr.o)
 .debug_abbrev  0x00002faa      0x1b2 c:/program files (x86)/microchip/xc32/v2.30/bin/bin/../../lib/gcc/pic32c/6.2.1/../../../../pic32c/lib\libc.a(lib_a-memchr-stub.o)
 .debug_abbrev  0x0000315c      0x1aa c:/program files (x86)/microchip/xc32/v2.30/bin/bin/../../lib/gcc/pic32c/6.2.1/../../../../pic32c/lib\libc.a(lib_a-mlock.o)
 .debug_abbrev  0x00003306      0x1ed c:/program files (x86)/microchip/xc32/v2.30/bin/bin/../../lib/gcc/pic32c/6.2.1/../../../../pic32c/lib\libc.a(lib_a-sbrkr.o)
 .debug_abbrev  0x000034f3      0x269 c:/program files (x86)/microchip/xc32/v2.30/bin/bin/../../lib/gcc/pic32c/6.2.1/../../../../pic32c/lib\libc.a(lib_a-stdio.o)
 .debug_abbrev  0x0000375c      0x35d c:/program files (x86)/microchip/xc32/v2.30/bin/bin/../../lib/gcc/pic32c/6.2.1/../../../../pic32c/lib\libc.a(lib_a-vfiprintf.o)
 .debug_abbrev  0x00003ab9      0x1dd c:/program files (x86)/microchip/xc32/v2.30/bin/bin/../../lib/gcc/pic32c/6.2.1/../../../../pic32c/lib\libc.a(lib_a-writer.o)
 .debug_abbrev  0x00003c96      0x23c c:/program files (x86)/microchip/xc32/v2.30/bin/bin/../../lib/gcc/pic32c/6.2.1/../../../../pic32c/lib\libc.a(lib_a-wsetup.o)
 .debug_abbrev  0x00003ed2      0x1d8 c:/program files (x86)/microchip/xc32/v2.30/bin/bin/../../lib/gcc/pic32c/6.2.1/../../../../pic32c/lib\libc.a(lib_a-closer.o)
 .debug_abbrev  0x000040aa      0x292 c:/program files (x86)/microchip/xc32/v2.30/bin/bin/../../lib/gcc/pic32c/6.2.1/../../../../pic32c/lib\libc.a(lib_a-fclose.o)
 .debug_abbrev  0x0000433c      0x27a c:/program files (x86)/microchip/xc32/v2.30/bin/bin/../../lib/gcc/pic32c/6.2.1/../../../../pic32c/lib\libc.a(lib_a-fputwc.o)
 .debug_abbrev  0x000045b6      0x263 c:/program files (x86)/microchip/xc32/v2.30/bin/bin/../../lib/gcc/pic32c/6.2.1/../../../../pic32c/lib\libc.a(lib_a-fvwrite.o)
 .debug_abbrev  0x00004819      0x2a9 c:/program files (x86)/microchip/xc32/v2.30/bin/bin/../../lib/gcc/pic32c/6.2.1/../../../../pic32c/lib\libc.a(lib_a-locale.o)
 .debug_abbrev  0x00004ac2      0x1d8 c:/program files (x86)/microchip/xc32/v2.30/bin/bin/../../lib/gcc/pic32c/6.2.1/../../../../pic32c/lib\libc.a(lib_a-lseekr.o)
 .debug_abbrev  0x00004c9a      0x2ad c:/program files (x86)/microchip/xc32/v2.30/bin/bin/../../lib/gcc/pic32c/6.2.1/../../../../pic32c/lib\libc.a(lib_a-makebuf.o)
 .debug_abbrev  0x00004f47      0x212 c:/program files (x86)/microchip/xc32/v2.30/bin/bin/../../lib/gcc/pic32c/6.2.1/../../../../pic32c/lib\libc.a(lib_a-mbtowc_r.o)
 .debug_abbrev  0x00005159      0x1ba c:/program files (x86)/microchip/xc32/v2.30/bin/bin/../../lib/gcc/pic32c/6.2.1/../../../../pic32c/lib\libc.a(lib_a-memmove.o)
 .debug_abbrev  0x00005313      0x1d8 c:/program files (x86)/microchip/xc32/v2.30/bin/bin/../../lib/gcc/pic32c/6.2.1/../../../../pic32c/lib\libc.a(lib_a-readr.o)
 .debug_abbrev  0x000054eb      0x252 c:/program files (x86)/microchip/xc32/v2.30/bin/bin/../../lib/gcc/pic32c/6.2.1/../../../../pic32c/lib\libc.a(lib_a-reallocr.o)
 .debug_abbrev  0x0000573d      0x23a c:/program files (x86)/microchip/xc32/v2.30/bin/bin/../../lib/gcc/pic32c/6.2.1/../../../../pic32c/lib\libc.a(lib_a-reent.o)
 .debug_abbrev  0x00005977      0x24f c:/program files (x86)/microchip/xc32/v2.30/bin/bin/../../lib/gcc/pic32c/6.2.1/../../../../pic32c/lib\libc.a(lib_a-wbuf.o)
 .debug_abbrev  0x00005bc6      0x21a c:/program files (x86)/microchip/xc32/v2.30/bin/bin/../../lib/gcc/pic32c/6.2.1/../../../../pic32c/lib\libc.a(lib_a-wcrtomb.o)
 .debug_abbrev  0x00005de0      0x213 c:/program files (x86)/microchip/xc32/v2.30/bin/bin/../../lib/gcc/pic32c/6.2.1/../../../../pic32c/lib\libc.a(lib_a-wctomb_r.o)
 .debug_abbrev  0x00005ff3      0x176 c:/program files (x86)/microchip/xc32/v2.30/bin/bin/../../lib/gcc/pic32c/6.2.1/../../../../pic32c/lib\libc.a(lib_a-ctype_.o)
 .debug_abbrev  0x00006169      0x1d8 c:/program files (x86)/microchip/xc32/v2.30/bin/bin/../../lib/gcc/pic32c/6.2.1/../../../../pic32c/lib\libc.a(lib_a-fstatr.o)
 .debug_abbrev  0x00006341      0x1d8 c:/program files (x86)/microchip/xc32/v2.30/bin/bin/../../lib/gcc/pic32c/6.2.1/../../../../pic32c/lib\libc.a(lib_a-isattyr.o)
 .debug_abbrev  0x00006519       0x2a c:/program files (x86)/microchip/xc32/v2.30/bin/bin/../../lib/gcc/pic32c/6.2.1/../../../../pic32c/lib\libpic32c.a(_close.o)
 .debug_abbrev  0x00006543       0x2a c:/program files (x86)/microchip/xc32/v2.30/bin/bin/../../lib/gcc/pic32c/6.2.1/../../../../pic32c/lib\libpic32c.a(_fstat.o)
 .debug_abbrev  0x0000656d       0x2a c:/program files (x86)/microchip/xc32/v2.30/bin/bin/../../lib/gcc/pic32c/6.2.1/../../../../pic32c/lib\libpic32c.a(_isatty.o)
 .debug_abbrev  0x00006597       0x2a c:/program files (x86)/microchip/xc32/v2.30/bin/bin/../../lib/gcc/pic32c/6.2.1/../../../../pic32c/lib\libpic32c.a(_lseek.o)
 .debug_abbrev  0x000065c1       0x2a c:/program files (x86)/microchip/xc32/v2.30/bin/bin/../../lib/gcc/pic32c/6.2.1/../../../../pic32c/lib\libpic32c.a(_read.o)
 .debug_abbrev  0x000065eb       0x2a c:/program files (x86)/microchip/xc32/v2.30/bin/bin/../../lib/gcc/pic32c/6.2.1/../../../../pic32c/lib\libpic32c.a(sbrk.o)
 .debug_abbrev  0x00006615       0x2a c:/program files (x86)/microchip/xc32/v2.30/bin/bin/../../lib/gcc/pic32c/6.2.1/../../../../pic32c/lib\libpic32c.a(_write.o)
 .debug_abbrev  0x0000663f       0x2a c:/program files (x86)/microchip/xc32/v2.30/bin/bin/../../lib/gcc/pic32c/6.2.1/../../../../pic32c/lib\libpic32c.a(close.o)
 .debug_abbrev  0x00006669       0x2a c:/program files (x86)/microchip/xc32/v2.30/bin/bin/../../lib/gcc/pic32c/6.2.1/../../../../pic32c/lib\libpic32c.a(fstat.o)
 .debug_abbrev  0x00006693       0x2a c:/program files (x86)/microchip/xc32/v2.30/bin/bin/../../lib/gcc/pic32c/6.2.1/../../../../pic32c/lib\libpic32c.a(isatty.o)
 .debug_abbrev  0x000066bd       0x2a c:/program files (x86)/microchip/xc32/v2.30/bin/bin/../../lib/gcc/pic32c/6.2.1/../../../../pic32c/lib\libpic32c.a(lseek.o)
 .debug_abbrev  0x000066e7       0x2a c:/program files (x86)/microchip/xc32/v2.30/bin/bin/../../lib/gcc/pic32c/6.2.1/../../../../pic32c/lib\libpic32c.a(read.o)
 .debug_abbrev  0x00006711       0x2a c:/program files (x86)/microchip/xc32/v2.30/bin/bin/../../lib/gcc/pic32c/6.2.1/../../../../pic32c/lib\libpic32c.a(write.o)
 .debug_abbrev  0x0000673b       0x14 c:/program files (x86)/microchip/xc32/v2.30/bin/bin/../../lib/gcc/pic32c/6.2.1\libgcc.a(_divsi3.o)

.debug_loc      0x00000000     0x71ac
 .debug_loc     0x00000000       0x78 build/sam_d21_cnano/production/_ext/1912828066/plib_clock.o
 .debug_loc     0x00000078      0x3a9 build/sam_d21_cnano/production/_ext/1447207767/plib_dmac.o
 .debug_loc     0x00000421      0x101 build/sam_d21_cnano/production/_ext/1847800275/plib_eic.o
 .debug_loc     0x00000522       0xa0 build/sam_d21_cnano/production/_ext/1447514574/plib_nvic.o
 .debug_loc     0x000005c2      0x312 build/sam_d21_cnano/production/_ext/1438831396/plib_nvmctrl.o
 .debug_loc     0x000008d4       0x84 build/sam_d21_cnano/production/_ext/1447567725/plib_port.o
 .debug_loc     0x00000958       0x20 build/sam_d21_cnano/production/_ext/1847813109/plib_rtc_timer.o
 .debug_loc     0x00000978      0x3c3 build/sam_d21_cnano/production/_ext/690426493/plib_sercom5_usart.o
 .debug_loc     0x00000d3b       0x21 build/sam_d21_cnano/production/_ext/874299906/xc32_monitor.o
 .debug_loc     0x00000d5c       0x41 build/sam_d21_cnano/production/_ext/303072328/initialization.o
 .debug_loc     0x00000d9d       0x20 build/sam_d21_cnano/production/_ext/303072328/startup_xc32.o
 .debug_loc     0x00000dbd       0x39 build/sam_d21_cnano/production/_ext/1360937237/main_samd21_cnano.o
 .debug_loc     0x00000df6       0x14 c:/program files (x86)/microchip/xc32/v2.30/bin/bin/../../lib/gcc/pic32c/6.2.1/../../../../pic32c/lib\libpic32c.a(data_init.o)
 .debug_loc     0x00000e0a       0x72 c:/program files (x86)/microchip/xc32/v2.30/bin/bin/../../lib/gcc/pic32c/6.2.1/../../../../pic32c/lib\libc.a(lib_a-init.o)
 .debug_loc     0x00000e7c       0xde c:/program files (x86)/microchip/xc32/v2.30/bin/bin/../../lib/gcc/pic32c/6.2.1/../../../../pic32c/lib\libc.a(lib_a-memcpy-stub.o)
 .debug_loc     0x00000f5a       0x72 c:/program files (x86)/microchip/xc32/v2.30/bin/bin/../../lib/gcc/pic32c/6.2.1/../../../../pic32c/lib\libc.a(lib_a-memset.o)
 .debug_loc     0x00000fcc       0x73 c:/program files (x86)/microchip/xc32/v2.30/bin/bin/../../lib/gcc/pic32c/6.2.1/../../../../pic32c/lib\libc.a(sprintf.s.o)
 .debug_loc     0x0000103f      0xaac c:/program files (x86)/microchip/xc32/v2.30/bin/bin/../../lib/gcc/pic32c/6.2.1/../../../../pic32c/lib\libc.a(vfprintf.s.o)
 .debug_loc     0x00001aeb      0x2b7 c:/program files (x86)/microchip/xc32/v2.30/bin/bin/../../lib/gcc/pic32c/6.2.1/../../../../pic32c/lib\libc.a(lib_a-fflush.o)
 .debug_loc     0x00001da2      0x2b8 c:/program files (x86)/microchip/xc32/v2.30/bin/bin/../../lib/gcc/pic32c/6.2.1/../../../../pic32c/lib\libc.a(lib_a-findfp.o)
 .debug_loc     0x0000205a      0x423 c:/program files (x86)/microchip/xc32/v2.30/bin/bin/../../lib/gcc/pic32c/6.2.1/../../../../pic32c/lib\libc.a(lib_a-freer.o)
 .debug_loc     0x0000247d      0x1c0 c:/program files (x86)/microchip/xc32/v2.30/bin/bin/../../lib/gcc/pic32c/6.2.1/../../../../pic32c/lib\libc.a(lib_a-fwalk.o)
 .debug_loc     0x0000263d      0x858 c:/program files (x86)/microchip/xc32/v2.30/bin/bin/../../lib/gcc/pic32c/6.2.1/../../../../pic32c/lib\libc.a(lib_a-mallocr.o)
 .debug_loc     0x00002e95       0xb4 c:/program files (x86)/microchip/xc32/v2.30/bin/bin/../../lib/gcc/pic32c/6.2.1/../../../../pic32c/lib\libc.a(lib_a-memchr-stub.o)
 .debug_loc     0x00002f49       0x6d c:/program files (x86)/microchip/xc32/v2.30/bin/bin/../../lib/gcc/pic32c/6.2.1/../../../../pic32c/lib\libc.a(lib_a-sbrkr.o)
 .debug_loc     0x00002fb6      0x382 c:/program files (x86)/microchip/xc32/v2.30/bin/bin/../../lib/gcc/pic32c/6.2.1/../../../../pic32c/lib\libc.a(lib_a-stdio.o)
 .debug_loc     0x00003338     0x17f3 c:/program files (x86)/microchip/xc32/v2.30/bin/bin/../../lib/gcc/pic32c/6.2.1/../../../../pic32c/lib\libc.a(lib_a-vfiprintf.o)
 .debug_loc     0x00004b2b       0xc5 c:/program files (x86)/microchip/xc32/v2.30/bin/bin/../../lib/gcc/pic32c/6.2.1/../../../../pic32c/lib\libc.a(lib_a-writer.o)
 .debug_loc     0x00004bf0       0xa1 c:/program files (x86)/microchip/xc32/v2.30/bin/bin/../../lib/gcc/pic32c/6.2.1/../../../../pic32c/lib\libc.a(lib_a-wsetup.o)
 .debug_loc     0x00004c91       0x6d c:/program files (x86)/microchip/xc32/v2.30/bin/bin/../../lib/gcc/pic32c/6.2.1/../../../../pic32c/lib\libc.a(lib_a-closer.o)
 .debug_loc     0x00004cfe      0x15d c:/program files (x86)/microchip/xc32/v2.30/bin/bin/../../lib/gcc/pic32c/6.2.1/../../../../pic32c/lib\libc.a(lib_a-fclose.o)
 .debug_loc     0x00004e5b      0x299 c:/program files (x86)/microchip/xc32/v2.30/bin/bin/../../lib/gcc/pic32c/6.2.1/../../../../pic32c/lib\libc.a(lib_a-fputwc.o)
 .debug_loc     0x000050f4      0x575 c:/program files (x86)/microchip/xc32/v2.30/bin/bin/../../lib/gcc/pic32c/6.2.1/../../../../pic32c/lib\libc.a(lib_a-fvwrite.o)
 .debug_loc     0x00005669      0x174 c:/program files (x86)/microchip/xc32/v2.30/bin/bin/../../lib/gcc/pic32c/6.2.1/../../../../pic32c/lib\libc.a(lib_a-locale.o)
 .debug_loc     0x000057dd       0xc5 c:/program files (x86)/microchip/xc32/v2.30/bin/bin/../../lib/gcc/pic32c/6.2.1/../../../../pic32c/lib\libc.a(lib_a-lseekr.o)
 .debug_loc     0x000058a2      0x260 c:/program files (x86)/microchip/xc32/v2.30/bin/bin/../../lib/gcc/pic32c/6.2.1/../../../../pic32c/lib\libc.a(lib_a-makebuf.o)
 .debug_loc     0x00005b02      0x19a c:/program files (x86)/microchip/xc32/v2.30/bin/bin/../../lib/gcc/pic32c/6.2.1/../../../../pic32c/lib\libc.a(lib_a-mbtowc_r.o)
 .debug_loc     0x00005c9c      0x107 c:/program files (x86)/microchip/xc32/v2.30/bin/bin/../../lib/gcc/pic32c/6.2.1/../../../../pic32c/lib\libc.a(lib_a-memmove.o)
 .debug_loc     0x00005da3       0xc5 c:/program files (x86)/microchip/xc32/v2.30/bin/bin/../../lib/gcc/pic32c/6.2.1/../../../../pic32c/lib\libc.a(lib_a-readr.o)
 .debug_loc     0x00005e68      0xc04 c:/program files (x86)/microchip/xc32/v2.30/bin/bin/../../lib/gcc/pic32c/6.2.1/../../../../pic32c/lib\libc.a(lib_a-reallocr.o)
 .debug_loc     0x00006a6c      0x13c c:/program files (x86)/microchip/xc32/v2.30/bin/bin/../../lib/gcc/pic32c/6.2.1/../../../../pic32c/lib\libc.a(lib_a-reent.o)
 .debug_loc     0x00006ba8      0x1a2 c:/program files (x86)/microchip/xc32/v2.30/bin/bin/../../lib/gcc/pic32c/6.2.1/../../../../pic32c/lib\libc.a(lib_a-wbuf.o)
 .debug_loc     0x00006d4a      0x1cb c:/program files (x86)/microchip/xc32/v2.30/bin/bin/../../lib/gcc/pic32c/6.2.1/../../../../pic32c/lib\libc.a(lib_a-wcrtomb.o)
 .debug_loc     0x00006f15       0xf1 c:/program files (x86)/microchip/xc32/v2.30/bin/bin/../../lib/gcc/pic32c/6.2.1/../../../../pic32c/lib\libc.a(lib_a-wctomb_r.o)
 .debug_loc     0x00007006       0x99 c:/program files (x86)/microchip/xc32/v2.30/bin/bin/../../lib/gcc/pic32c/6.2.1/../../../../pic32c/lib\libc.a(lib_a-fstatr.o)
 .debug_loc     0x0000709f       0x6d c:/program files (x86)/microchip/xc32/v2.30/bin/bin/../../lib/gcc/pic32c/6.2.1/../../../../pic32c/lib\libc.a(lib_a-isattyr.o)
 .debug_loc     0x0000710c       0x14 c:/program files (x86)/microchip/xc32/v2.30/bin/bin/../../lib/gcc/pic32c/6.2.1/../../../../pic32c/lib\libpic32c.a(_close.o)
 .debug_loc     0x00007120       0x14 c:/program files (x86)/microchip/xc32/v2.30/bin/bin/../../lib/gcc/pic32c/6.2.1/../../../../pic32c/lib\libpic32c.a(_fstat.o)
 .debug_loc     0x00007134       0x14 c:/program files (x86)/microchip/xc32/v2.30/bin/bin/../../lib/gcc/pic32c/6.2.1/../../../../pic32c/lib\libpic32c.a(_isatty.o)
 .debug_loc     0x00007148       0x14 c:/program files (x86)/microchip/xc32/v2.30/bin/bin/../../lib/gcc/pic32c/6.2.1/../../../../pic32c/lib\libpic32c.a(_lseek.o)
 .debug_loc     0x0000715c       0x14 c:/program files (x86)/microchip/xc32/v2.30/bin/bin/../../lib/gcc/pic32c/6.2.1/../../../../pic32c/lib\libpic32c.a(_read.o)
 .debug_loc     0x00007170       0x14 c:/program files (x86)/microchip/xc32/v2.30/bin/bin/../../lib/gcc/pic32c/6.2.1/../../../../pic32c/lib\libpic32c.a(_write.o)
 .debug_loc     0x00007184       0x14 c:/program files (x86)/microchip/xc32/v2.30/bin/bin/../../lib/gcc/pic32c/6.2.1/../../../../pic32c/lib\libpic32c.a(read.o)
 .debug_loc     0x00007198       0x14 c:/program files (x86)/microchip/xc32/v2.30/bin/bin/../../lib/gcc/pic32c/6.2.1/../../../../pic32c/lib\libpic32c.a(write.o)

.debug_aranges  0x00000000      0xb10
 .debug_aranges
                0x00000000       0x20 build/sam_d21_cnano/production/_ext/1912828066/plib_clock.o
 .debug_aranges
                0x00000020       0x58 build/sam_d21_cnano/production/_ext/1447207767/plib_dmac.o
 .debug_aranges
                0x00000078       0x40 build/sam_d21_cnano/production/_ext/1847800275/plib_eic.o
 .debug_aranges
                0x000000b8       0x20 build/sam_d21_cnano/production/_ext/1914977552/plib_evsys.o
 .debug_aranges
                0x000000d8       0x20 build/sam_d21_cnano/production/_ext/1447514574/plib_nvic.o
 .debug_aranges
                0x000000f8       0x78 build/sam_d21_cnano/production/_ext/1438831396/plib_nvmctrl.o
 .debug_aranges
                0x00000170       0x60 build/sam_d21_cnano/production/_ext/1447567725/plib_port.o
 .debug_aranges
                0x000001d0       0x78 build/sam_d21_cnano/production/_ext/1847813109/plib_rtc_timer.o
 .debug_aranges
                0x00000248       0x58 build/sam_d21_cnano/production/_ext/690426493/plib_sercom5_usart.o
 .debug_aranges
                0x000002a0       0x28 build/sam_d21_cnano/production/_ext/874299906/xc32_monitor.o
 .debug_aranges
                0x000002c8       0x20 build/sam_d21_cnano/production/_ext/303072328/initialization.o
 .debug_aranges
                0x000002e8       0x20 build/sam_d21_cnano/production/_ext/303072328/interrupts.o
 .debug_aranges
                0x00000308       0x28 build/sam_d21_cnano/production/_ext/303072328/exceptions.o
 .debug_aranges
                0x00000330       0x20 build/sam_d21_cnano/production/_ext/303072328/startup_xc32.o
 .debug_aranges
                0x00000350       0x38 build/sam_d21_cnano/production/_ext/1360937237/main_samd21_cnano.o
 .debug_aranges
                0x00000388       0x20 c:/program files (x86)/microchip/xc32/v2.30/bin/bin/../../lib/gcc/pic32c/6.2.1/../../../../pic32c/lib\libpic32c.a(data_init.o)
 .debug_aranges
                0x000003a8       0x20 c:/program files (x86)/microchip/xc32/v2.30/bin/bin/../../lib/gcc/pic32c/6.2.1\libgcc.a(_dvmd_tls.o)
 .debug_aranges
                0x000003c8       0x20 c:/program files (x86)/microchip/xc32/v2.30/bin/bin/../../lib/gcc/pic32c/6.2.1/../../../../pic32c/lib\libc.a(lib_a-init.o)
 .debug_aranges
                0x000003e8       0x20 c:/program files (x86)/microchip/xc32/v2.30/bin/bin/../../lib/gcc/pic32c/6.2.1/../../../../pic32c/lib\libc.a(lib_a-memcpy-stub.o)
 .debug_aranges
                0x00000408       0x20 c:/program files (x86)/microchip/xc32/v2.30/bin/bin/../../lib/gcc/pic32c/6.2.1/../../../../pic32c/lib\libc.a(lib_a-memset.o)
 .debug_aranges
                0x00000428       0x20 c:/program files (x86)/microchip/xc32/v2.30/bin/bin/../../lib/gcc/pic32c/6.2.1/../../../../pic32c/lib\libc.a(lib_a-strlen.o)
 .debug_aranges
                0x00000448       0x20 c:/program files (x86)/microchip/xc32/v2.30/bin/bin/../../lib/gcc/pic32c/6.2.1/../../../../pic32c/lib\libc.a(sprintf.s.o)
 .debug_aranges
                0x00000468       0x30 c:/program files (x86)/microchip/xc32/v2.30/bin/bin/../../lib/gcc/pic32c/6.2.1/../../../../pic32c/lib\libc.a(vfprintf.s.o)
 .debug_aranges
                0x00000498       0x30 c:/program files (x86)/microchip/xc32/v2.30/bin/bin/../../lib/gcc/pic32c/6.2.1/../../../../pic32c/lib\libc.a(lib_a-fflush.o)
 .debug_aranges
                0x000004c8       0x48 c:/program files (x86)/microchip/xc32/v2.30/bin/bin/../../lib/gcc/pic32c/6.2.1/../../../../pic32c/lib\libc.a(lib_a-findfp.o)
 .debug_aranges
                0x00000510       0x28 c:/program files (x86)/microchip/xc32/v2.30/bin/bin/../../lib/gcc/pic32c/6.2.1/../../../../pic32c/lib\libc.a(lib_a-freer.o)
 .debug_aranges
                0x00000538       0x28 c:/program files (x86)/microchip/xc32/v2.30/bin/bin/../../lib/gcc/pic32c/6.2.1/../../../../pic32c/lib\libc.a(lib_a-fwalk.o)
 .debug_aranges
                0x00000560       0x18 c:/program files (x86)/microchip/xc32/v2.30/bin/bin/../../lib/gcc/pic32c/6.2.1/../../../../pic32c/lib\libc.a(lib_a-impure.o)
 .debug_aranges
                0x00000578       0x20 c:/program files (x86)/microchip/xc32/v2.30/bin/bin/../../lib/gcc/pic32c/6.2.1/../../../../pic32c/lib\libc.a(lib_a-mallocr.o)
 .debug_aranges
                0x00000598       0x20 c:/program files (x86)/microchip/xc32/v2.30/bin/bin/../../lib/gcc/pic32c/6.2.1/../../../../pic32c/lib\libc.a(lib_a-memchr-stub.o)
 .debug_aranges
                0x000005b8       0x20 c:/program files (x86)/microchip/xc32/v2.30/bin/bin/../../lib/gcc/pic32c/6.2.1/../../../../pic32c/lib\libc.a(lib_a-mlock.o)
 .debug_aranges
                0x000005d8       0x20 c:/program files (x86)/microchip/xc32/v2.30/bin/bin/../../lib/gcc/pic32c/6.2.1/../../../../pic32c/lib\libc.a(lib_a-sbrkr.o)
 .debug_aranges
                0x000005f8       0x40 c:/program files (x86)/microchip/xc32/v2.30/bin/bin/../../lib/gcc/pic32c/6.2.1/../../../../pic32c/lib\libc.a(lib_a-stdio.o)
 .debug_aranges
                0x00000638       0x38 c:/program files (x86)/microchip/xc32/v2.30/bin/bin/../../lib/gcc/pic32c/6.2.1/../../../../pic32c/lib\libc.a(lib_a-vfiprintf.o)
 .debug_aranges
                0x00000670       0x20 c:/program files (x86)/microchip/xc32/v2.30/bin/bin/../../lib/gcc/pic32c/6.2.1/../../../../pic32c/lib\libc.a(lib_a-writer.o)
 .debug_aranges
                0x00000690       0x20 c:/program files (x86)/microchip/xc32/v2.30/bin/bin/../../lib/gcc/pic32c/6.2.1/../../../../pic32c/lib\libc.a(lib_a-wsetup.o)
 .debug_aranges
                0x000006b0       0x20 c:/program files (x86)/microchip/xc32/v2.30/bin/bin/../../lib/gcc/pic32c/6.2.1/../../../../pic32c/lib\libc.a(lib_a-closer.o)
 .debug_aranges
                0x000006d0       0x28 c:/program files (x86)/microchip/xc32/v2.30/bin/bin/../../lib/gcc/pic32c/6.2.1/../../../../pic32c/lib\libc.a(lib_a-fclose.o)
 .debug_aranges
                0x000006f8       0x30 c:/program files (x86)/microchip/xc32/v2.30/bin/bin/../../lib/gcc/pic32c/6.2.1/../../../../pic32c/lib\libc.a(lib_a-fputwc.o)
 .debug_aranges
                0x00000728       0x20 c:/program files (x86)/microchip/xc32/v2.30/bin/bin/../../lib/gcc/pic32c/6.2.1/../../../../pic32c/lib\libc.a(lib_a-fvwrite.o)
 .debug_aranges
                0x00000748       0x40 c:/program files (x86)/microchip/xc32/v2.30/bin/bin/../../lib/gcc/pic32c/6.2.1/../../../../pic32c/lib\libc.a(lib_a-locale.o)
 .debug_aranges
                0x00000788       0x20 c:/program files (x86)/microchip/xc32/v2.30/bin/bin/../../lib/gcc/pic32c/6.2.1/../../../../pic32c/lib\libc.a(lib_a-lseekr.o)
 .debug_aranges
                0x000007a8       0x28 c:/program files (x86)/microchip/xc32/v2.30/bin/bin/../../lib/gcc/pic32c/6.2.1/../../../../pic32c/lib\libc.a(lib_a-makebuf.o)
 .debug_aranges
                0x000007d0       0x28 c:/program files (x86)/microchip/xc32/v2.30/bin/bin/../../lib/gcc/pic32c/6.2.1/../../../../pic32c/lib\libc.a(lib_a-mbtowc_r.o)
 .debug_aranges
                0x000007f8       0x20 c:/program files (x86)/microchip/xc32/v2.30/bin/bin/../../lib/gcc/pic32c/6.2.1/../../../../pic32c/lib\libc.a(lib_a-memmove.o)
 .debug_aranges
                0x00000818       0x20 c:/program files (x86)/microchip/xc32/v2.30/bin/bin/../../lib/gcc/pic32c/6.2.1/../../../../pic32c/lib\libc.a(lib_a-readr.o)
 .debug_aranges
                0x00000838       0x20 c:/program files (x86)/microchip/xc32/v2.30/bin/bin/../../lib/gcc/pic32c/6.2.1/../../../../pic32c/lib\libc.a(lib_a-reallocr.o)
 .debug_aranges
                0x00000858       0x28 c:/program files (x86)/microchip/xc32/v2.30/bin/bin/../../lib/gcc/pic32c/6.2.1/../../../../pic32c/lib\libc.a(lib_a-reent.o)
 .debug_aranges
                0x00000880       0x28 c:/program files (x86)/microchip/xc32/v2.30/bin/bin/../../lib/gcc/pic32c/6.2.1/../../../../pic32c/lib\libc.a(lib_a-wbuf.o)
 .debug_aranges
                0x000008a8       0x28 c:/program files (x86)/microchip/xc32/v2.30/bin/bin/../../lib/gcc/pic32c/6.2.1/../../../../pic32c/lib\libc.a(lib_a-wcrtomb.o)
 .debug_aranges
                0x000008d0       0x28 c:/program files (x86)/microchip/xc32/v2.30/bin/bin/../../lib/gcc/pic32c/6.2.1/../../../../pic32c/lib\libc.a(lib_a-wctomb_r.o)
 .debug_aranges
                0x000008f8       0x18 c:/program files (x86)/microchip/xc32/v2.30/bin/bin/../../lib/gcc/pic32c/6.2.1/../../../../pic32c/lib\libc.a(lib_a-ctype_.o)
 .debug_aranges
                0x00000910       0x20 c:/program files (x86)/microchip/xc32/v2.30/bin/bin/../../lib/gcc/pic32c/6.2.1/../../../../pic32c/lib\libc.a(lib_a-fstatr.o)
 .debug_aranges
                0x00000930       0x20 c:/program files (x86)/microchip/xc32/v2.30/bin/bin/../../lib/gcc/pic32c/6.2.1/../../../../pic32c/lib\libc.a(lib_a-isattyr.o)
 .debug_aranges
                0x00000950       0x20 c:/program files (x86)/microchip/xc32/v2.30/bin/bin/../../lib/gcc/pic32c/6.2.1/../../../../pic32c/lib\libpic32c.a(_close.o)
 .debug_aranges
                0x00000970       0x20 c:/program files (x86)/microchip/xc32/v2.30/bin/bin/../../lib/gcc/pic32c/6.2.1/../../../../pic32c/lib\libpic32c.a(_fstat.o)
 .debug_aranges
                0x00000990       0x20 c:/program files (x86)/microchip/xc32/v2.30/bin/bin/../../lib/gcc/pic32c/6.2.1/../../../../pic32c/lib\libpic32c.a(_isatty.o)
 .debug_aranges
                0x000009b0       0x20 c:/program files (x86)/microchip/xc32/v2.30/bin/bin/../../lib/gcc/pic32c/6.2.1/../../../../pic32c/lib\libpic32c.a(_lseek.o)
 .debug_aranges
                0x000009d0       0x20 c:/program files (x86)/microchip/xc32/v2.30/bin/bin/../../lib/gcc/pic32c/6.2.1/../../../../pic32c/lib\libpic32c.a(_read.o)
 .debug_aranges
                0x000009f0       0x20 c:/program files (x86)/microchip/xc32/v2.30/bin/bin/../../lib/gcc/pic32c/6.2.1/../../../../pic32c/lib\libpic32c.a(sbrk.o)
 .debug_aranges
                0x00000a10       0x20 c:/program files (x86)/microchip/xc32/v2.30/bin/bin/../../lib/gcc/pic32c/6.2.1/../../../../pic32c/lib\libpic32c.a(_write.o)
 .debug_aranges
                0x00000a30       0x20 c:/program files (x86)/microchip/xc32/v2.30/bin/bin/../../lib/gcc/pic32c/6.2.1/../../../../pic32c/lib\libpic32c.a(close.o)
 .debug_aranges
                0x00000a50       0x20 c:/program files (x86)/microchip/xc32/v2.30/bin/bin/../../lib/gcc/pic32c/6.2.1/../../../../pic32c/lib\libpic32c.a(fstat.o)
 .debug_aranges
                0x00000a70       0x20 c:/program files (x86)/microchip/xc32/v2.30/bin/bin/../../lib/gcc/pic32c/6.2.1/../../../../pic32c/lib\libpic32c.a(isatty.o)
 .debug_aranges
                0x00000a90       0x20 c:/program files (x86)/microchip/xc32/v2.30/bin/bin/../../lib/gcc/pic32c/6.2.1/../../../../pic32c/lib\libpic32c.a(lseek.o)
 .debug_aranges
                0x00000ab0       0x20 c:/program files (x86)/microchip/xc32/v2.30/bin/bin/../../lib/gcc/pic32c/6.2.1/../../../../pic32c/lib\libpic32c.a(read.o)
 .debug_aranges
                0x00000ad0       0x20 c:/program files (x86)/microchip/xc32/v2.30/bin/bin/../../lib/gcc/pic32c/6.2.1/../../../../pic32c/lib\libpic32c.a(write.o)
 .debug_aranges
                0x00000af0       0x20 c:/program files (x86)/microchip/xc32/v2.30/bin/bin/../../lib/gcc/pic32c/6.2.1\libgcc.a(_divsi3.o)

.debug_ranges   0x00000000      0x8a0
 .debug_ranges  0x00000000       0x28 build/sam_d21_cnano/production/_ext/1912828066/plib_clock.o
 .debug_ranges  0x00000028       0x60 build/sam_d21_cnano/production/_ext/1447207767/plib_dmac.o
 .debug_ranges  0x00000088       0x30 build/sam_d21_cnano/production/_ext/1847800275/plib_eic.o
 .debug_ranges  0x000000b8       0x10 build/sam_d21_cnano/production/_ext/1914977552/plib_evsys.o
 .debug_ranges  0x000000c8       0x10 build/sam_d21_cnano/production/_ext/1447514574/plib_nvic.o
 .debug_ranges  0x000000d8       0x68 build/sam_d21_cnano/production/_ext/1438831396/plib_nvmctrl.o
 .debug_ranges  0x00000140       0x50 build/sam_d21_cnano/production/_ext/1447567725/plib_port.o
 .debug_ranges  0x00000190       0x68 build/sam_d21_cnano/production/_ext/1847813109/plib_rtc_timer.o
 .debug_ranges  0x000001f8       0x48 build/sam_d21_cnano/production/_ext/690426493/plib_sercom5_usart.o
 .debug_ranges  0x00000240       0x18 build/sam_d21_cnano/production/_ext/874299906/xc32_monitor.o
 .debug_ranges  0x00000258       0x10 build/sam_d21_cnano/production/_ext/303072328/initialization.o
 .debug_ranges  0x00000268       0x10 build/sam_d21_cnano/production/_ext/303072328/interrupts.o
 .debug_ranges  0x00000278       0x18 build/sam_d21_cnano/production/_ext/303072328/exceptions.o
 .debug_ranges  0x00000290       0x10 build/sam_d21_cnano/production/_ext/303072328/startup_xc32.o
 .debug_ranges  0x000002a0       0x28 build/sam_d21_cnano/production/_ext/1360937237/main_samd21_cnano.o
 .debug_ranges  0x000002c8       0x10 c:/program files (x86)/microchip/xc32/v2.30/bin/bin/../../lib/gcc/pic32c/6.2.1/../../../../pic32c/lib\libpic32c.a(data_init.o)
 .debug_ranges  0x000002d8       0x10 c:/program files (x86)/microchip/xc32/v2.30/bin/bin/../../lib/gcc/pic32c/6.2.1/../../../../pic32c/lib\libc.a(lib_a-init.o)
 .debug_ranges  0x000002e8       0x10 c:/program files (x86)/microchip/xc32/v2.30/bin/bin/../../lib/gcc/pic32c/6.2.1/../../../../pic32c/lib\libc.a(lib_a-memcpy-stub.o)
 .debug_ranges  0x000002f8       0x10 c:/program files (x86)/microchip/xc32/v2.30/bin/bin/../../lib/gcc/pic32c/6.2.1/../../../../pic32c/lib\libc.a(lib_a-memset.o)
 .debug_ranges  0x00000308       0x10 c:/program files (x86)/microchip/xc32/v2.30/bin/bin/../../lib/gcc/pic32c/6.2.1/../../../../pic32c/lib\libc.a(sprintf.s.o)
 .debug_ranges  0x00000318       0x38 c:/program files (x86)/microchip/xc32/v2.30/bin/bin/../../lib/gcc/pic32c/6.2.1/../../../../pic32c/lib\libc.a(vfprintf.s.o)
 .debug_ranges  0x00000350       0x50 c:/program files (x86)/microchip/xc32/v2.30/bin/bin/../../lib/gcc/pic32c/6.2.1/../../../../pic32c/lib\libc.a(lib_a-fflush.o)
 .debug_ranges  0x000003a0       0x38 c:/program files (x86)/microchip/xc32/v2.30/bin/bin/../../lib/gcc/pic32c/6.2.1/../../../../pic32c/lib\libc.a(lib_a-findfp.o)
 .debug_ranges  0x000003d8       0x18 c:/program files (x86)/microchip/xc32/v2.30/bin/bin/../../lib/gcc/pic32c/6.2.1/../../../../pic32c/lib\libc.a(lib_a-freer.o)
 .debug_ranges  0x000003f0       0x18 c:/program files (x86)/microchip/xc32/v2.30/bin/bin/../../lib/gcc/pic32c/6.2.1/../../../../pic32c/lib\libc.a(lib_a-fwalk.o)
 .debug_ranges  0x00000408       0x28 c:/program files (x86)/microchip/xc32/v2.30/bin/bin/../../lib/gcc/pic32c/6.2.1/../../../../pic32c/lib\libc.a(lib_a-mallocr.o)
 .debug_ranges  0x00000430       0x10 c:/program files (x86)/microchip/xc32/v2.30/bin/bin/../../lib/gcc/pic32c/6.2.1/../../../../pic32c/lib\libc.a(lib_a-memchr-stub.o)
 .debug_ranges  0x00000440       0x10 c:/program files (x86)/microchip/xc32/v2.30/bin/bin/../../lib/gcc/pic32c/6.2.1/../../../../pic32c/lib\libc.a(lib_a-mlock.o)
 .debug_ranges  0x00000450       0x10 c:/program files (x86)/microchip/xc32/v2.30/bin/bin/../../lib/gcc/pic32c/6.2.1/../../../../pic32c/lib\libc.a(lib_a-sbrkr.o)
 .debug_ranges  0x00000460       0x30 c:/program files (x86)/microchip/xc32/v2.30/bin/bin/../../lib/gcc/pic32c/6.2.1/../../../../pic32c/lib\libc.a(lib_a-stdio.o)
 .debug_ranges  0x00000490       0x58 c:/program files (x86)/microchip/xc32/v2.30/bin/bin/../../lib/gcc/pic32c/6.2.1/../../../../pic32c/lib\libc.a(lib_a-vfiprintf.o)
 .debug_ranges  0x000004e8       0x10 c:/program files (x86)/microchip/xc32/v2.30/bin/bin/../../lib/gcc/pic32c/6.2.1/../../../../pic32c/lib\libc.a(lib_a-writer.o)
 .debug_ranges  0x000004f8       0x30 c:/program files (x86)/microchip/xc32/v2.30/bin/bin/../../lib/gcc/pic32c/6.2.1/../../../../pic32c/lib\libc.a(lib_a-wsetup.o)
 .debug_ranges  0x00000528       0x10 c:/program files (x86)/microchip/xc32/v2.30/bin/bin/../../lib/gcc/pic32c/6.2.1/../../../../pic32c/lib\libc.a(lib_a-closer.o)
 .debug_ranges  0x00000538       0x18 c:/program files (x86)/microchip/xc32/v2.30/bin/bin/../../lib/gcc/pic32c/6.2.1/../../../../pic32c/lib\libc.a(lib_a-fclose.o)
 .debug_ranges  0x00000550       0x38 c:/program files (x86)/microchip/xc32/v2.30/bin/bin/../../lib/gcc/pic32c/6.2.1/../../../../pic32c/lib\libc.a(lib_a-fputwc.o)
 .debug_ranges  0x00000588       0x30 c:/program files (x86)/microchip/xc32/v2.30/bin/bin/../../lib/gcc/pic32c/6.2.1/../../../../pic32c/lib\libc.a(lib_a-fvwrite.o)
 .debug_ranges  0x000005b8       0x30 c:/program files (x86)/microchip/xc32/v2.30/bin/bin/../../lib/gcc/pic32c/6.2.1/../../../../pic32c/lib\libc.a(lib_a-locale.o)
 .debug_ranges  0x000005e8       0x10 c:/program files (x86)/microchip/xc32/v2.30/bin/bin/../../lib/gcc/pic32c/6.2.1/../../../../pic32c/lib\libc.a(lib_a-lseekr.o)
 .debug_ranges  0x000005f8       0x30 c:/program files (x86)/microchip/xc32/v2.30/bin/bin/../../lib/gcc/pic32c/6.2.1/../../../../pic32c/lib\libc.a(lib_a-makebuf.o)
 .debug_ranges  0x00000628       0x18 c:/program files (x86)/microchip/xc32/v2.30/bin/bin/../../lib/gcc/pic32c/6.2.1/../../../../pic32c/lib\libc.a(lib_a-mbtowc_r.o)
 .debug_ranges  0x00000640       0x10 c:/program files (x86)/microchip/xc32/v2.30/bin/bin/../../lib/gcc/pic32c/6.2.1/../../../../pic32c/lib\libc.a(lib_a-memmove.o)
 .debug_ranges  0x00000650       0x10 c:/program files (x86)/microchip/xc32/v2.30/bin/bin/../../lib/gcc/pic32c/6.2.1/../../../../pic32c/lib\libc.a(lib_a-readr.o)
 .debug_ranges  0x00000660       0xa8 c:/program files (x86)/microchip/xc32/v2.30/bin/bin/../../lib/gcc/pic32c/6.2.1/../../../../pic32c/lib\libc.a(lib_a-reallocr.o)
 .debug_ranges  0x00000708       0x48 c:/program files (x86)/microchip/xc32/v2.30/bin/bin/../../lib/gcc/pic32c/6.2.1/../../../../pic32c/lib\libc.a(lib_a-reent.o)
 .debug_ranges  0x00000750       0x18 c:/program files (x86)/microchip/xc32/v2.30/bin/bin/../../lib/gcc/pic32c/6.2.1/../../../../pic32c/lib\libc.a(lib_a-wbuf.o)
 .debug_ranges  0x00000768       0x30 c:/program files (x86)/microchip/xc32/v2.30/bin/bin/../../lib/gcc/pic32c/6.2.1/../../../../pic32c/lib\libc.a(lib_a-wcrtomb.o)
 .debug_ranges  0x00000798       0x18 c:/program files (x86)/microchip/xc32/v2.30/bin/bin/../../lib/gcc/pic32c/6.2.1/../../../../pic32c/lib\libc.a(lib_a-wctomb_r.o)
 .debug_ranges  0x000007b0       0x10 c:/program files (x86)/microchip/xc32/v2.30/bin/bin/../../lib/gcc/pic32c/6.2.1/../../../../pic32c/lib\libc.a(lib_a-fstatr.o)
 .debug_ranges  0x000007c0       0x10 c:/program files (x86)/microchip/xc32/v2.30/bin/bin/../../lib/gcc/pic32c/6.2.1/../../../../pic32c/lib\libc.a(lib_a-isattyr.o)
 .debug_ranges  0x000007d0       0x10 c:/program files (x86)/microchip/xc32/v2.30/bin/bin/../../lib/gcc/pic32c/6.2.1/../../../../pic32c/lib\libpic32c.a(_close.o)
 .debug_ranges  0x000007e0       0x10 c:/program files (x86)/microchip/xc32/v2.30/bin/bin/../../lib/gcc/pic32c/6.2.1/../../../../pic32c/lib\libpic32c.a(_fstat.o)
 .debug_ranges  0x000007f0       0x10 c:/program files (x86)/microchip/xc32/v2.30/bin/bin/../../lib/gcc/pic32c/6.2.1/../../../../pic32c/lib\libpic32c.a(_isatty.o)
 .debug_ranges  0x00000800       0x10 c:/program files (x86)/microchip/xc32/v2.30/bin/bin/../../lib/gcc/pic32c/6.2.1/../../../../pic32c/lib\libpic32c.a(_lseek.o)
 .debug_ranges  0x00000810       0x10 c:/program files (x86)/microchip/xc32/v2.30/bin/bin/../../lib/gcc/pic32c/6.2.1/../../../../pic32c/lib\libpic32c.a(_read.o)
 .debug_ranges  0x00000820       0x10 c:/program files (x86)/microchip/xc32/v2.30/bin/bin/../../lib/gcc/pic32c/6.2.1/../../../../pic32c/lib\libpic32c.a(sbrk.o)
 .debug_ranges  0x00000830       0x10 c:/program files (x86)/microchip/xc32/v2.30/bin/bin/../../lib/gcc/pic32c/6.2.1/../../../../pic32c/lib\libpic32c.a(_write.o)
 .debug_ranges  0x00000840       0x10 c:/program files (x86)/microchip/xc32/v2.30/bin/bin/../../lib/gcc/pic32c/6.2.1/../../../../pic32c/lib\libpic32c.a(close.o)
 .debug_ranges  0x00000850       0x10 c:/program files (x86)/microchip/xc32/v2.30/bin/bin/../../lib/gcc/pic32c/6.2.1/../../../../pic32c/lib\libpic32c.a(fstat.o)
 .debug_ranges  0x00000860       0x10 c:/program files (x86)/microchip/xc32/v2.30/bin/bin/../../lib/gcc/pic32c/6.2.1/../../../../pic32c/lib\libpic32c.a(isatty.o)
 .debug_ranges  0x00000870       0x10 c:/program files (x86)/microchip/xc32/v2.30/bin/bin/../../lib/gcc/pic32c/6.2.1/../../../../pic32c/lib\libpic32c.a(lseek.o)
 .debug_ranges  0x00000880       0x10 c:/program files (x86)/microchip/xc32/v2.30/bin/bin/../../lib/gcc/pic32c/6.2.1/../../../../pic32c/lib\libpic32c.a(read.o)
 .debug_ranges  0x00000890       0x10 c:/program files (x86)/microchip/xc32/v2.30/bin/bin/../../lib/gcc/pic32c/6.2.1/../../../../pic32c/lib\libpic32c.a(write.o)

.debug_line     0x00000000     0x8721
 .debug_line    0x00000000      0x174 build/sam_d21_cnano/production/_ext/1912828066/plib_clock.o
 .debug_line    0x00000174      0x27b build/sam_d21_cnano/production/_ext/1447207767/plib_dmac.o
 .debug_line    0x000003ef      0x1c0 build/sam_d21_cnano/production/_ext/1847800275/plib_eic.o
 .debug_line    0x000005af       0x6a build/sam_d21_cnano/production/_ext/1914977552/plib_evsys.o
 .debug_line    0x00000619      0x1ab build/sam_d21_cnano/production/_ext/1447514574/plib_nvic.o
 .debug_line    0x000007c4      0x2ac build/sam_d21_cnano/production/_ext/1438831396/plib_nvmctrl.o
 .debug_line    0x00000a70      0x1e2 build/sam_d21_cnano/production/_ext/1447567725/plib_port.o
 .debug_line    0x00000c52      0x2ea build/sam_d21_cnano/production/_ext/1847813109/plib_rtc_timer.o
 .debug_line    0x00000f3c      0x291 build/sam_d21_cnano/production/_ext/690426493/plib_sercom5_usart.o
 .debug_line    0x000011cd       0x71 build/sam_d21_cnano/production/_ext/874299906/xc32_monitor.o
 .debug_line    0x0000123e      0x3e0 build/sam_d21_cnano/production/_ext/303072328/initialization.o
 .debug_line    0x0000161e      0x1a1 build/sam_d21_cnano/production/_ext/303072328/interrupts.o
 .debug_line    0x000017bf      0x11d build/sam_d21_cnano/production/_ext/303072328/exceptions.o
 .debug_line    0x000018dc      0x202 build/sam_d21_cnano/production/_ext/303072328/startup_xc32.o
 .debug_line    0x00001ade      0x32e build/sam_d21_cnano/production/_ext/1360937237/main_samd21_cnano.o
 .debug_line    0x00001e0c       0xe3 c:/program files (x86)/microchip/xc32/v2.30/bin/bin/../../lib/gcc/pic32c/6.2.1/../../../../pic32c/lib\libpic32c.a(data_init.o)
 .debug_line    0x00001eef       0x9c c:/program files (x86)/microchip/xc32/v2.30/bin/bin/../../lib/gcc/pic32c/6.2.1\libgcc.a(_dvmd_tls.o)
 .debug_line    0x00001f8b      0x118 c:/program files (x86)/microchip/xc32/v2.30/bin/bin/../../lib/gcc/pic32c/6.2.1/../../../../pic32c/lib\libc.a(lib_a-init.o)
 .debug_line    0x000020a3      0x21c c:/program files (x86)/microchip/xc32/v2.30/bin/bin/../../lib/gcc/pic32c/6.2.1/../../../../pic32c/lib\libc.a(lib_a-memcpy-stub.o)
 .debug_line    0x000022bf      0x2ad c:/program files (x86)/microchip/xc32/v2.30/bin/bin/../../lib/gcc/pic32c/6.2.1/../../../../pic32c/lib\libc.a(lib_a-memset.o)
 .debug_line    0x0000256c       0xb1 c:/program files (x86)/microchip/xc32/v2.30/bin/bin/../../lib/gcc/pic32c/6.2.1/../../../../pic32c/lib\libc.a(lib_a-strlen.o)
 .debug_line    0x0000261d      0x1d3 c:/program files (x86)/microchip/xc32/v2.30/bin/bin/../../lib/gcc/pic32c/6.2.1/../../../../pic32c/lib\libc.a(sprintf.s.o)
 .debug_line    0x000027f0      0x4f2 c:/program files (x86)/microchip/xc32/v2.30/bin/bin/../../lib/gcc/pic32c/6.2.1/../../../../pic32c/lib\libc.a(vfprintf.s.o)
 .debug_line    0x00002ce2      0x2ce c:/program files (x86)/microchip/xc32/v2.30/bin/bin/../../lib/gcc/pic32c/6.2.1/../../../../pic32c/lib\libc.a(lib_a-fflush.o)
 .debug_line    0x00002fb0      0x305 c:/program files (x86)/microchip/xc32/v2.30/bin/bin/../../lib/gcc/pic32c/6.2.1/../../../../pic32c/lib\libc.a(lib_a-findfp.o)
 .debug_line    0x000032b5      0x29d c:/program files (x86)/microchip/xc32/v2.30/bin/bin/../../lib/gcc/pic32c/6.2.1/../../../../pic32c/lib\libc.a(lib_a-freer.o)
 .debug_line    0x00003552      0x278 c:/program files (x86)/microchip/xc32/v2.30/bin/bin/../../lib/gcc/pic32c/6.2.1/../../../../pic32c/lib\libc.a(lib_a-fwalk.o)
 .debug_line    0x000037ca      0x17e c:/program files (x86)/microchip/xc32/v2.30/bin/bin/../../lib/gcc/pic32c/6.2.1/../../../../pic32c/lib\libc.a(lib_a-impure.o)
 .debug_line    0x00003948      0x34d c:/program files (x86)/microchip/xc32/v2.30/bin/bin/../../lib/gcc/pic32c/6.2.1/../../../../pic32c/lib\libc.a(lib_a-mallocr.o)
 .debug_line    0x00003c95      0x21c c:/program files (x86)/microchip/xc32/v2.30/bin/bin/../../lib/gcc/pic32c/6.2.1/../../../../pic32c/lib\libc.a(lib_a-memchr-stub.o)
 .debug_line    0x00003eb1      0x18e c:/program files (x86)/microchip/xc32/v2.30/bin/bin/../../lib/gcc/pic32c/6.2.1/../../../../pic32c/lib\libc.a(lib_a-mlock.o)
 .debug_line    0x0000403f      0x214 c:/program files (x86)/microchip/xc32/v2.30/bin/bin/../../lib/gcc/pic32c/6.2.1/../../../../pic32c/lib\libc.a(lib_a-sbrkr.o)
 .debug_line    0x00004253      0x2a3 c:/program files (x86)/microchip/xc32/v2.30/bin/bin/../../lib/gcc/pic32c/6.2.1/../../../../pic32c/lib\libc.a(lib_a-stdio.o)
 .debug_line    0x000044f6      0x6ab c:/program files (x86)/microchip/xc32/v2.30/bin/bin/../../lib/gcc/pic32c/6.2.1/../../../../pic32c/lib\libc.a(lib_a-vfiprintf.o)
 .debug_line    0x00004ba1      0x211 c:/program files (x86)/microchip/xc32/v2.30/bin/bin/../../lib/gcc/pic32c/6.2.1/../../../../pic32c/lib\libc.a(lib_a-writer.o)
 .debug_line    0x00004db2      0x263 c:/program files (x86)/microchip/xc32/v2.30/bin/bin/../../lib/gcc/pic32c/6.2.1/../../../../pic32c/lib\libc.a(lib_a-wsetup.o)
 .debug_line    0x00005015      0x215 c:/program files (x86)/microchip/xc32/v2.30/bin/bin/../../lib/gcc/pic32c/6.2.1/../../../../pic32c/lib\libc.a(lib_a-closer.o)
 .debug_line    0x0000522a      0x253 c:/program files (x86)/microchip/xc32/v2.30/bin/bin/../../lib/gcc/pic32c/6.2.1/../../../../pic32c/lib\libc.a(lib_a-fclose.o)
 .debug_line    0x0000547d      0x299 c:/program files (x86)/microchip/xc32/v2.30/bin/bin/../../lib/gcc/pic32c/6.2.1/../../../../pic32c/lib\libc.a(lib_a-fputwc.o)
 .debug_line    0x00005716      0x2f6 c:/program files (x86)/microchip/xc32/v2.30/bin/bin/../../lib/gcc/pic32c/6.2.1/../../../../pic32c/lib\libc.a(lib_a-fvwrite.o)
 .debug_line    0x00005a0c      0x32f c:/program files (x86)/microchip/xc32/v2.30/bin/bin/../../lib/gcc/pic32c/6.2.1/../../../../pic32c/lib\libc.a(lib_a-locale.o)
 .debug_line    0x00005d3b      0x211 c:/program files (x86)/microchip/xc32/v2.30/bin/bin/../../lib/gcc/pic32c/6.2.1/../../../../pic32c/lib\libc.a(lib_a-lseekr.o)
 .debug_line    0x00005f4c      0x330 c:/program files (x86)/microchip/xc32/v2.30/bin/bin/../../lib/gcc/pic32c/6.2.1/../../../../pic32c/lib\libc.a(lib_a-makebuf.o)
 .debug_line    0x0000627c      0x2d9 c:/program files (x86)/microchip/xc32/v2.30/bin/bin/../../lib/gcc/pic32c/6.2.1/../../../../pic32c/lib\libc.a(lib_a-mbtowc_r.o)
 .debug_line    0x00006555      0x2b9 c:/program files (x86)/microchip/xc32/v2.30/bin/bin/../../lib/gcc/pic32c/6.2.1/../../../../pic32c/lib\libc.a(lib_a-memmove.o)
 .debug_line    0x0000680e      0x210 c:/program files (x86)/microchip/xc32/v2.30/bin/bin/../../lib/gcc/pic32c/6.2.1/../../../../pic32c/lib\libc.a(lib_a-readr.o)
 .debug_line    0x00006a1e      0x25f c:/program files (x86)/microchip/xc32/v2.30/bin/bin/../../lib/gcc/pic32c/6.2.1/../../../../pic32c/lib\libc.a(lib_a-reallocr.o)
 .debug_line    0x00006c7d      0x238 c:/program files (x86)/microchip/xc32/v2.30/bin/bin/../../lib/gcc/pic32c/6.2.1/../../../../pic32c/lib\libc.a(lib_a-reent.o)
 .debug_line    0x00006eb5      0x273 c:/program files (x86)/microchip/xc32/v2.30/bin/bin/../../lib/gcc/pic32c/6.2.1/../../../../pic32c/lib\libc.a(lib_a-wbuf.o)
 .debug_line    0x00007128      0x2ee c:/program files (x86)/microchip/xc32/v2.30/bin/bin/../../lib/gcc/pic32c/6.2.1/../../../../pic32c/lib\libc.a(lib_a-wcrtomb.o)
 .debug_line    0x00007416      0x2cf c:/program files (x86)/microchip/xc32/v2.30/bin/bin/../../lib/gcc/pic32c/6.2.1/../../../../pic32c/lib\libc.a(lib_a-wctomb_r.o)
 .debug_line    0x000076e5      0x21e c:/program files (x86)/microchip/xc32/v2.30/bin/bin/../../lib/gcc/pic32c/6.2.1/../../../../pic32c/lib\libc.a(lib_a-ctype_.o)
 .debug_line    0x00007903      0x2c3 c:/program files (x86)/microchip/xc32/v2.30/bin/bin/../../lib/gcc/pic32c/6.2.1/../../../../pic32c/lib\libc.a(lib_a-fstatr.o)
 .debug_line    0x00007bc6      0x216 c:/program files (x86)/microchip/xc32/v2.30/bin/bin/../../lib/gcc/pic32c/6.2.1/../../../../pic32c/lib\libc.a(lib_a-isattyr.o)
 .debug_line    0x00007ddc       0x9d c:/program files (x86)/microchip/xc32/v2.30/bin/bin/../../lib/gcc/pic32c/6.2.1/../../../../pic32c/lib\libpic32c.a(_close.o)
 .debug_line    0x00007e79       0x9d c:/program files (x86)/microchip/xc32/v2.30/bin/bin/../../lib/gcc/pic32c/6.2.1/../../../../pic32c/lib\libpic32c.a(_fstat.o)
 .debug_line    0x00007f16       0x9e c:/program files (x86)/microchip/xc32/v2.30/bin/bin/../../lib/gcc/pic32c/6.2.1/../../../../pic32c/lib\libpic32c.a(_isatty.o)
 .debug_line    0x00007fb4       0x9d c:/program files (x86)/microchip/xc32/v2.30/bin/bin/../../lib/gcc/pic32c/6.2.1/../../../../pic32c/lib\libpic32c.a(_lseek.o)
 .debug_line    0x00008051       0x9c c:/program files (x86)/microchip/xc32/v2.30/bin/bin/../../lib/gcc/pic32c/6.2.1/../../../../pic32c/lib\libpic32c.a(_read.o)
 .debug_line    0x000080ed       0xa4 c:/program files (x86)/microchip/xc32/v2.30/bin/bin/../../lib/gcc/pic32c/6.2.1/../../../../pic32c/lib\libpic32c.a(sbrk.o)
 .debug_line    0x00008191       0x9d c:/program files (x86)/microchip/xc32/v2.30/bin/bin/../../lib/gcc/pic32c/6.2.1/../../../../pic32c/lib\libpic32c.a(_write.o)
 .debug_line    0x0000822e       0x9b c:/program files (x86)/microchip/xc32/v2.30/bin/bin/../../lib/gcc/pic32c/6.2.1/../../../../pic32c/lib\libpic32c.a(close.o)
 .debug_line    0x000082c9      0x104 c:/program files (x86)/microchip/xc32/v2.30/bin/bin/../../lib/gcc/pic32c/6.2.1/../../../../pic32c/lib\libpic32c.a(fstat.o)
 .debug_line    0x000083cd       0x9c c:/program files (x86)/microchip/xc32/v2.30/bin/bin/../../lib/gcc/pic32c/6.2.1/../../../../pic32c/lib\libpic32c.a(isatty.o)
 .debug_line    0x00008469       0x9b c:/program files (x86)/microchip/xc32/v2.30/bin/bin/../../lib/gcc/pic32c/6.2.1/../../../../pic32c/lib\libpic32c.a(lseek.o)
 .debug_line    0x00008504       0xae c:/program files (x86)/microchip/xc32/v2.30/bin/bin/../../lib/gcc/pic32c/6.2.1/../../../../pic32c/lib\libpic32c.a(read.o)
 .debug_line    0x000085b2       0xae c:/program files (x86)/microchip/xc32/v2.30/bin/bin/../../lib/gcc/pic32c/6.2.1/../../../../pic32c/lib\libpic32c.a(write.o)
 .debug_line    0x00008660       0xc1 c:/program files (x86)/microchip/xc32/v2.30/bin/bin/../../lib/gcc/pic32c/6.2.1\libgcc.a(_divsi3.o)

.debug_str      0x00000000     0x1284
 .debug_str     0x00000000       0x28 build/sam_d21_cnano/production/_ext/1912828066/plib_clock.o
 .debug_str     0x00000028       0x35 build/sam_d21_cnano/production/_ext/1447207767/plib_dmac.o
 .debug_str     0x0000005d        0x9 build/sam_d21_cnano/production/_ext/1847800275/plib_eic.o
 .debug_str     0x00000066        0x0 build/sam_d21_cnano/production/_ext/1914977552/plib_evsys.o
 .debug_str     0x00000066        0xa build/sam_d21_cnano/production/_ext/1447514574/plib_nvic.o
 .debug_str     0x00000070       0x1f build/sam_d21_cnano/production/_ext/1438831396/plib_nvmctrl.o
 .debug_str     0x0000008f        0xb build/sam_d21_cnano/production/_ext/1447567725/plib_port.o
 .debug_str     0x0000009a       0xb3 build/sam_d21_cnano/production/_ext/1847813109/plib_rtc_timer.o
 .debug_str     0x0000014d       0xec build/sam_d21_cnano/production/_ext/690426493/plib_sercom5_usart.o
 .debug_str     0x00000239        0x0 build/sam_d21_cnano/production/_ext/874299906/xc32_monitor.o
 .debug_str     0x00000239       0xaa build/sam_d21_cnano/production/_ext/303072328/initialization.o
 .debug_str     0x000002e3        0xe build/sam_d21_cnano/production/_ext/303072328/interrupts.o
 .debug_str     0x000002f1        0xe build/sam_d21_cnano/production/_ext/303072328/exceptions.o
 .debug_str     0x000002ff       0x79 build/sam_d21_cnano/production/_ext/303072328/startup_xc32.o
 .debug_str     0x00000378      0x1b5 build/sam_d21_cnano/production/_ext/1360937237/main_samd21_cnano.o
 .debug_str     0x0000052d        0x0 c:/program files (x86)/microchip/xc32/v2.30/bin/bin/../../lib/gcc/pic32c/6.2.1/../../../../pic32c/lib\libpic32c.a(data_init.o)
 .debug_str     0x0000052d        0x0 c:/program files (x86)/microchip/xc32/v2.30/bin/bin/../../lib/gcc/pic32c/6.2.1/../../../../pic32c/lib\libc.a(lib_a-init.o)
 .debug_str     0x0000052d        0xe c:/program files (x86)/microchip/xc32/v2.30/bin/bin/../../lib/gcc/pic32c/6.2.1/../../../../pic32c/lib\libc.a(lib_a-memcpy-stub.o)
 .debug_str     0x0000053b      0x119 c:/program files (x86)/microchip/xc32/v2.30/bin/bin/../../lib/gcc/pic32c/6.2.1/../../../../pic32c/lib\libc.a(lib_a-memset.o)
 .debug_str     0x00000654       0x1a c:/program files (x86)/microchip/xc32/v2.30/bin/bin/../../lib/gcc/pic32c/6.2.1/../../../../pic32c/lib\libc.a(sprintf.s.o)
 .debug_str     0x0000066e      0x13a c:/program files (x86)/microchip/xc32/v2.30/bin/bin/../../lib/gcc/pic32c/6.2.1/../../../../pic32c/lib\libc.a(vfprintf.s.o)
 .debug_str     0x000007a8       0x1b c:/program files (x86)/microchip/xc32/v2.30/bin/bin/../../lib/gcc/pic32c/6.2.1/../../../../pic32c/lib\libc.a(lib_a-fflush.o)
 .debug_str     0x000007c3       0x25 c:/program files (x86)/microchip/xc32/v2.30/bin/bin/../../lib/gcc/pic32c/6.2.1/../../../../pic32c/lib\libc.a(lib_a-findfp.o)
 .debug_str     0x000007e8       0x36 c:/program files (x86)/microchip/xc32/v2.30/bin/bin/../../lib/gcc/pic32c/6.2.1/../../../../pic32c/lib\libc.a(lib_a-freer.o)
 .debug_str     0x0000081e        0xe c:/program files (x86)/microchip/xc32/v2.30/bin/bin/../../lib/gcc/pic32c/6.2.1/../../../../pic32c/lib\libc.a(lib_a-fwalk.o)
 .debug_str     0x0000082c        0xe c:/program files (x86)/microchip/xc32/v2.30/bin/bin/../../lib/gcc/pic32c/6.2.1/../../../../pic32c/lib\libc.a(lib_a-impure.o)
 .debug_str     0x0000083a       0x36 c:/program files (x86)/microchip/xc32/v2.30/bin/bin/../../lib/gcc/pic32c/6.2.1/../../../../pic32c/lib\libc.a(lib_a-mallocr.o)
 .debug_str     0x00000870        0xe c:/program files (x86)/microchip/xc32/v2.30/bin/bin/../../lib/gcc/pic32c/6.2.1/../../../../pic32c/lib\libc.a(lib_a-memchr-stub.o)
 .debug_str     0x0000087e        0xe c:/program files (x86)/microchip/xc32/v2.30/bin/bin/../../lib/gcc/pic32c/6.2.1/../../../../pic32c/lib\libc.a(lib_a-mlock.o)
 .debug_str     0x0000088c        0xe c:/program files (x86)/microchip/xc32/v2.30/bin/bin/../../lib/gcc/pic32c/6.2.1/../../../../pic32c/lib\libc.a(lib_a-sbrkr.o)
 .debug_str     0x0000089a       0x30 c:/program files (x86)/microchip/xc32/v2.30/bin/bin/../../lib/gcc/pic32c/6.2.1/../../../../pic32c/lib\libc.a(lib_a-stdio.o)
 .debug_str     0x000008ca      0x154 c:/program files (x86)/microchip/xc32/v2.30/bin/bin/../../lib/gcc/pic32c/6.2.1/../../../../pic32c/lib\libc.a(lib_a-vfiprintf.o)
 .debug_str     0x00000a1e       0x15 c:/program files (x86)/microchip/xc32/v2.30/bin/bin/../../lib/gcc/pic32c/6.2.1/../../../../pic32c/lib\libc.a(lib_a-writer.o)
 .debug_str     0x00000a33       0x1b c:/program files (x86)/microchip/xc32/v2.30/bin/bin/../../lib/gcc/pic32c/6.2.1/../../../../pic32c/lib\libc.a(lib_a-wsetup.o)
 .debug_str     0x00000a4e       0x15 c:/program files (x86)/microchip/xc32/v2.30/bin/bin/../../lib/gcc/pic32c/6.2.1/../../../../pic32c/lib\libc.a(lib_a-closer.o)
 .debug_str     0x00000a63       0x19 c:/program files (x86)/microchip/xc32/v2.30/bin/bin/../../lib/gcc/pic32c/6.2.1/../../../../pic32c/lib\libc.a(lib_a-fclose.o)
 .debug_str     0x00000a7c       0x37 c:/program files (x86)/microchip/xc32/v2.30/bin/bin/../../lib/gcc/pic32c/6.2.1/../../../../pic32c/lib\libc.a(lib_a-fputwc.o)
 .debug_str     0x00000ab3       0x39 c:/program files (x86)/microchip/xc32/v2.30/bin/bin/../../lib/gcc/pic32c/6.2.1/../../../../pic32c/lib\libc.a(lib_a-fvwrite.o)
 .debug_str     0x00000aec      0x139 c:/program files (x86)/microchip/xc32/v2.30/bin/bin/../../lib/gcc/pic32c/6.2.1/../../../../pic32c/lib\libc.a(lib_a-locale.o)
 .debug_str     0x00000c25        0xe c:/program files (x86)/microchip/xc32/v2.30/bin/bin/../../lib/gcc/pic32c/6.2.1/../../../../pic32c/lib\libc.a(lib_a-lseekr.o)
 .debug_str     0x00000c33       0x36 c:/program files (x86)/microchip/xc32/v2.30/bin/bin/../../lib/gcc/pic32c/6.2.1/../../../../pic32c/lib\libc.a(lib_a-makebuf.o)
 .debug_str     0x00000c69      0x119 c:/program files (x86)/microchip/xc32/v2.30/bin/bin/../../lib/gcc/pic32c/6.2.1/../../../../pic32c/lib\libc.a(lib_a-mbtowc_r.o)
 .debug_str     0x00000d82      0x119 c:/program files (x86)/microchip/xc32/v2.30/bin/bin/../../lib/gcc/pic32c/6.2.1/../../../../pic32c/lib\libc.a(lib_a-memmove.o)